Archive member included to satisfy reference by file (symbol)

c:/st/stm32cubeide_1.2.0/stm32cubeide/plugins/com.st.stm32cube.ide.mcu.externaltools.gnu-tools-for-stm32.7-2018-q2-update.win32_1.0.0.201904181610/tools/bin/../lib/gcc/arm-none-eabi/7.3.1/../../../../arm-none-eabi/lib/thumb/v7e-m\libc_nano.a(lib_a-errno.o)
                              Src/syscalls.o (__errno)
c:/st/stm32cubeide_1.2.0/stm32cubeide/plugins/com.st.stm32cube.ide.mcu.externaltools.gnu-tools-for-stm32.7-2018-q2-update.win32_1.0.0.201904181610/tools/bin/../lib/gcc/arm-none-eabi/7.3.1/../../../../arm-none-eabi/lib/thumb/v7e-m\libc_nano.a(lib_a-exit.o)
                              c:/st/stm32cubeide_1.2.0/stm32cubeide/plugins/com.st.stm32cube.ide.mcu.externaltools.gnu-tools-for-stm32.7-2018-q2-update.win32_1.0.0.201904181610/tools/bin/../lib/gcc/arm-none-eabi/7.3.1/../../../../arm-none-eabi/lib/thumb/v7e-m/crt0.o (exit)
c:/st/stm32cubeide_1.2.0/stm32cubeide/plugins/com.st.stm32cube.ide.mcu.externaltools.gnu-tools-for-stm32.7-2018-q2-update.win32_1.0.0.201904181610/tools/bin/../lib/gcc/arm-none-eabi/7.3.1/../../../../arm-none-eabi/lib/thumb/v7e-m\libc_nano.a(lib_a-impure.o)
                              c:/st/stm32cubeide_1.2.0/stm32cubeide/plugins/com.st.stm32cube.ide.mcu.externaltools.gnu-tools-for-stm32.7-2018-q2-update.win32_1.0.0.201904181610/tools/bin/../lib/gcc/arm-none-eabi/7.3.1/../../../../arm-none-eabi/lib/thumb/v7e-m\libc_nano.a(lib_a-exit.o) (_global_impure_ptr)
c:/st/stm32cubeide_1.2.0/stm32cubeide/plugins/com.st.stm32cube.ide.mcu.externaltools.gnu-tools-for-stm32.7-2018-q2-update.win32_1.0.0.201904181610/tools/bin/../lib/gcc/arm-none-eabi/7.3.1/../../../../arm-none-eabi/lib/thumb/v7e-m\libc_nano.a(lib_a-init.o)
                              c:/st/stm32cubeide_1.2.0/stm32cubeide/plugins/com.st.stm32cube.ide.mcu.externaltools.gnu-tools-for-stm32.7-2018-q2-update.win32_1.0.0.201904181610/tools/bin/../lib/gcc/arm-none-eabi/7.3.1/../../../../arm-none-eabi/lib/thumb/v7e-m/crt0.o (__libc_init_array)
c:/st/stm32cubeide_1.2.0/stm32cubeide/plugins/com.st.stm32cube.ide.mcu.externaltools.gnu-tools-for-stm32.7-2018-q2-update.win32_1.0.0.201904181610/tools/bin/../lib/gcc/arm-none-eabi/7.3.1/../../../../arm-none-eabi/lib/thumb/v7e-m\libc_nano.a(lib_a-memset.o)
                              c:/st/stm32cubeide_1.2.0/stm32cubeide/plugins/com.st.stm32cube.ide.mcu.externaltools.gnu-tools-for-stm32.7-2018-q2-update.win32_1.0.0.201904181610/tools/bin/../lib/gcc/arm-none-eabi/7.3.1/../../../../arm-none-eabi/lib/thumb/v7e-m/crt0.o (memset)
c:/st/stm32cubeide_1.2.0/stm32cubeide/plugins/com.st.stm32cube.ide.mcu.externaltools.gnu-tools-for-stm32.7-2018-q2-update.win32_1.0.0.201904181610/tools/bin/../lib/gcc/arm-none-eabi/7.3.1/../../../../arm-none-eabi/lib/thumb/v7e-m\libc_nano.a(lib_a-sprintf.o)
                              Src/adc_dma_read_IT.o (sprintf)
c:/st/stm32cubeide_1.2.0/stm32cubeide/plugins/com.st.stm32cube.ide.mcu.externaltools.gnu-tools-for-stm32.7-2018-q2-update.win32_1.0.0.201904181610/tools/bin/../lib/gcc/arm-none-eabi/7.3.1/../../../../arm-none-eabi/lib/thumb/v7e-m\libc_nano.a(lib_a-strlen.o)
                              Src/adc_dma_read_IT.o (strlen)
c:/st/stm32cubeide_1.2.0/stm32cubeide/plugins/com.st.stm32cube.ide.mcu.externaltools.gnu-tools-for-stm32.7-2018-q2-update.win32_1.0.0.201904181610/tools/bin/../lib/gcc/arm-none-eabi/7.3.1/../../../../arm-none-eabi/lib/thumb/v7e-m\libc_nano.a(lib_a-nano-svfprintf.o)
                              c:/st/stm32cubeide_1.2.0/stm32cubeide/plugins/com.st.stm32cube.ide.mcu.externaltools.gnu-tools-for-stm32.7-2018-q2-update.win32_1.0.0.201904181610/tools/bin/../lib/gcc/arm-none-eabi/7.3.1/../../../../arm-none-eabi/lib/thumb/v7e-m\libc_nano.a(lib_a-sprintf.o) (_svfprintf_r)
c:/st/stm32cubeide_1.2.0/stm32cubeide/plugins/com.st.stm32cube.ide.mcu.externaltools.gnu-tools-for-stm32.7-2018-q2-update.win32_1.0.0.201904181610/tools/bin/../lib/gcc/arm-none-eabi/7.3.1/../../../../arm-none-eabi/lib/thumb/v7e-m\libc_nano.a(lib_a-nano-vfprintf_i.o)
                              c:/st/stm32cubeide_1.2.0/stm32cubeide/plugins/com.st.stm32cube.ide.mcu.externaltools.gnu-tools-for-stm32.7-2018-q2-update.win32_1.0.0.201904181610/tools/bin/../lib/gcc/arm-none-eabi/7.3.1/../../../../arm-none-eabi/lib/thumb/v7e-m\libc_nano.a(lib_a-nano-svfprintf.o) (_printf_i)
c:/st/stm32cubeide_1.2.0/stm32cubeide/plugins/com.st.stm32cube.ide.mcu.externaltools.gnu-tools-for-stm32.7-2018-q2-update.win32_1.0.0.201904181610/tools/bin/../lib/gcc/arm-none-eabi/7.3.1/../../../../arm-none-eabi/lib/thumb/v7e-m\libc_nano.a(lib_a-memchr.o)
                              c:/st/stm32cubeide_1.2.0/stm32cubeide/plugins/com.st.stm32cube.ide.mcu.externaltools.gnu-tools-for-stm32.7-2018-q2-update.win32_1.0.0.201904181610/tools/bin/../lib/gcc/arm-none-eabi/7.3.1/../../../../arm-none-eabi/lib/thumb/v7e-m\libc_nano.a(lib_a-nano-svfprintf.o) (memchr)
[...]
Memory Configuration

Name             Origin             Length             Attributes
RAM              0x0000000020000000 0x0000000000020000 xrw
ROM              0x0000000008000000 0x0000000000080000 xr
*default*        0x0000000000000000 0xffffffffffffffff

Linker script and memory map

LOAD c:/st/stm32cubeide_1.2.0/stm32cubeide/plugins/com.st.stm32cube.ide.mcu.externaltools.gnu-tools-for-stm32.7-2018-q2-update.win32_1.0.0.201904181610/tools/bin/../lib/gcc/arm-none-eabi/7.3.1/thumb/v7e-m/crti.o
LOAD c:/st/stm32cubeide_1.2.0/stm32cubeide/plugins/com.st.stm32cube.ide.mcu.externaltools.gnu-tools-for-stm32.7-2018-q2-update.win32_1.0.0.201904181610/tools/bin/../lib/gcc/arm-none-eabi/7.3.1/thumb/v7e-m/crtbegin.o
LOAD c:/st/stm32cubeide_1.2.0/stm32cubeide/plugins/com.st.stm32cube.ide.mcu.externaltools.gnu-tools-for-stm32.7-2018-q2-update.win32_1.0.0.201904181610/tools/bin/../lib/gcc/arm-none-eabi/7.3.1/../../../../arm-none-eabi/lib/thumb/v7e-m/crt0.o
LOAD Drivers/Src/stm32f446xx_adc_driver.o
LOAD Drivers/Src/stm32f446xx_dma_driver.o
LOAD Drivers/Src/stm32f446xx_gpio_driver.o
LOAD Drivers/Src/stm32f446xx_i2c_driver.o
LOAD Drivers/Src/stm32f446xx_rcc_driver.o
LOAD Drivers/Src/stm32f446xx_spi_driver.o
LOAD Drivers/Src/stm32f446xx_systck_driver.o
LOAD Drivers/Src/stm32f446xx_usart_driver.o
LOAD Src/adc_dma_read_IT.o
LOAD Src/syscalls.o
LOAD Src/sysmem.o
LOAD Startup/startup_stm32f446retx.o
START GROUP
LOAD c:/st/stm32cubeide_1.2.0/stm32cubeide/plugins/com.st.stm32cube.ide.mcu.externaltools.gnu-tools-for-stm32.7-2018-q2-update.win32_1.0.0.201904181610/tools/bin/../lib/gcc/arm-none-eabi/7.3.1/../../../../arm-none-eabi/lib/thumb/v7e-m\libc_nano.a
LOAD c:/st/stm32cubeide_1.2.0/stm32cubeide/plugins/com.st.stm32cube.ide.mcu.externaltools.gnu-tools-for-stm32.7-2018-q2-update.win32_1.0.0.201904181610/tools/bin/../lib/gcc/arm-none-eabi/7.3.1/../../../../arm-none-eabi/lib/thumb/v7e-m\libm.a
END GROUP
START GROUP
LOAD c:/st/stm32cubeide_1.2.0/stm32cubeide/plugins/com.st.stm32cube.ide.mcu.externaltools.gnu-tools-for-stm32.7-2018-q2-update.win32_1.0.0.201904181610/tools/bin/../lib/gcc/arm-none-eabi/7.3.1/thumb/v7e-m\libgcc.a
LOAD c:/st/stm32cubeide_1.2.0/stm32cubeide/plugins/com.st.stm32cube.ide.mcu.externaltools.gnu-tools-for-stm32.7-2018-q2-update.win32_1.0.0.201904181610/tools/bin/../lib/gcc/arm-none-eabi/7.3.1/../../../../arm-none-eabi/lib/thumb/v7e-m\libc_nano.a
END GROUP
START GROUP
LOAD c:/st/stm32cubeide_1.2.0/stm32cubeide/plugins/com.st.stm32cube.ide.mcu.externaltools.gnu-tools-for-stm32.7-2018-q2-update.win32_1.0.0.201904181610/tools/bin/../lib/gcc/arm-none-eabi/7.3.1/thumb/v7e-m\libgcc.a
LOAD c:/st/stm32cubeide_1.2.0/stm32cubeide/plugins/com.st.stm32cube.ide.mcu.externaltools.gnu-tools-for-stm32.7-2018-q2-update.win32_1.0.0.201904181610/tools/bin/../lib/gcc/arm-none-eabi/7.3.1/../../../../arm-none-eabi/lib/thumb/v7e-m\libc_nano.a
LOAD c:/st/stm32cubeide_1.2.0/stm32cubeide/plugins/com.st.stm32cube.ide.mcu.externaltools.gnu-tools-for-stm32.7-2018-q2-update.win32_1.0.0.201904181610/tools/bin/../lib/gcc/arm-none-eabi/7.3.1/../../../../arm-none-eabi/lib/thumb/v7e-m\libnosys.a
END GROUP
START GROUP
LOAD c:/st/stm32cubeide_1.2.0/stm32cubeide/plugins/com.st.stm32cube.ide.mcu.externaltools.gnu-tools-for-stm32.7-2018-q2-update.win32_1.0.0.201904181610/tools/bin/../lib/gcc/arm-none-eabi/7.3.1/thumb/v7e-m\libgcc.a
LOAD c:/st/stm32cubeide_1.2.0/stm32cubeide/plugins/com.st.stm32cube.ide.mcu.externaltools.gnu-tools-for-stm32.7-2018-q2-update.win32_1.0.0.201904181610/tools/bin/../lib/gcc/arm-none-eabi/7.3.1/../../../../arm-none-eabi/lib/thumb/v7e-m\libc_nano.a
LOAD c:/st/stm32cubeide_1.2.0/stm32cubeide/plugins/com.st.stm32cube.ide.mcu.externaltools.gnu-tools-for-stm32.7-2018-q2-update.win32_1.0.0.201904181610/tools/bin/../lib/gcc/arm-none-eabi/7.3.1/../../../../arm-none-eabi/lib/thumb/v7e-m\libnosys.a
END GROUP
LOAD c:/st/stm32cubeide_1.2.0/stm32cubeide/plugins/com.st.stm32cube.ide.mcu.externaltools.gnu-tools-for-stm32.7-2018-q2-update.win32_1.0.0.201904181610/tools/bin/../lib/gcc/arm-none-eabi/7.3.1/thumb/v7e-m/crtend.o
LOAD c:/st/stm32cubeide_1.2.0/stm32cubeide/plugins/com.st.stm32cube.ide.mcu.externaltools.gnu-tools-for-stm32.7-2018-q2-update.win32_1.0.0.201904181610/tools/bin/../lib/gcc/arm-none-eabi/7.3.1/thumb/v7e-m/crtn.o
                0x0000000020020000                _estack = (ORIGIN (RAM) + LENGTH (RAM))
                0x0000000000000200                _Min_Heap_Size = 0x200
                0x0000000000000400                _Min_Stack_Size = 0x400

.isr_vector     0x0000000008000000      0x1c4
                0x0000000008000000                . = ALIGN (0x4)
 *(.isr_vector)
 .isr_vector    0x0000000008000000      0x1c4 Startup/startup_stm32f446retx.o
                0x0000000008000000                g_pfnVectors
                0x00000000080001c4                . = ALIGN (0x4)

.text           0x00000000080001d0     0x2a2c
                0x00000000080001d0                . = ALIGN (0x4)
 *(.text)
 .text          0x00000000080001d0       0x40 c:/st/stm32cubeide_1.2.0/stm32cubeide/plugins/com.st.stm32cube.ide.mcu.externaltools.gnu-tools-for-stm32.7-2018-q2-update.win32_1.0.0.201904181610/tools/bin/../lib/gcc/arm-none-eabi/7.3.1/thumb/v7e-m/crtbegin.o
 .text          0x0000000008000210       0x10 c:/st/stm32cubeide_1.2.0/stm32cubeide/plugins/com.st.stm32cube.ide.mcu.externaltools.gnu-tools-for-stm32.7-2018-q2-update.win32_1.0.0.201904181610/tools/bin/../lib/gcc/arm-none-eabi/7.3.1/../../../../arm-none-eabi/lib/thumb/v7e-m\libc_nano.a(lib_a-strlen.o)
                0x0000000008000210                strlen
 .text          0x0000000008000220       0xa0 c:/st/stm32cubeide_1.2.0/stm32cubeide/plugins/com.st.stm32cube.ide.mcu.externaltools.gnu-tools-for-stm32.7-2018-q2-update.win32_1.0.0.201904181610/tools/bin/../lib/gcc/arm-none-eabi/7.3.1/../../../../arm-none-eabi/lib/thumb/v7e-m\libc_nano.a(lib_a-memchr.o)
                0x0000000008000220                memchr
 .text          0x00000000080002c0      0x21c c:/st/stm32cubeide_1.2.0/stm32cubeide/plugins/com.st.stm32cube.ide.mcu.externaltools.gnu-tools-for-stm32.7-2018-q2-update.win32_1.0.0.201904181610/tools/bin/../lib/gcc/arm-none-eabi/7.3.1/thumb/v7e-m\libgcc.a(_arm_addsubsf3.o)
                0x00000000080002c0                __aeabi_frsub
                0x00000000080002c8                __subsf3
                0x00000000080002c8                __aeabi_fsub
                0x00000000080002cc                __aeabi_fadd
                0x00000000080002cc                __addsf3
                0x000000000800042c                __aeabi_ui2f
                0x000000000800042c                __floatunsisf
                0x0000000008000434                __aeabi_i2f
                0x0000000008000434                __floatsisf
                0x0000000008000450                __aeabi_ul2f
                0x0000000008000450                __floatundisf
                0x0000000008000460                __aeabi_l2f
                0x0000000008000460                __floatdisf
 .text          0x00000000080004dc      0x2a0 c:/st/stm32cubeide_1.2.0/stm32cubeide/plugins/com.st.stm32cube.ide.mcu.externaltools.gnu-tools-for-stm32.7-2018-q2-update.win32_1.0.0.201904181610/tools/bin/../lib/gcc/arm-none-eabi/7.3.1/thumb/v7e-m\libgcc.a(_arm_muldivsf3.o)
                0x00000000080004dc                __mulsf3
                0x00000000080004dc                __aeabi_fmul
                0x0000000008000644                __aeabi_fdiv
                0x0000000008000644                __divsf3
 .text          0x000000000800077c       0x40 c:/st/stm32cubeide_1.2.0/stm32cubeide/plugins/com.st.stm32cube.ide.mcu.externaltools.gnu-tools-for-stm32.7-2018-q2-update.win32_1.0.0.201904181610/tools/bin/../lib/gcc/arm-none-eabi/7.3.1/thumb/v7e-m\libgcc.a(_arm_fixunssfsi.o)
                0x000000000800077c                __fixunssfsi
                0x000000000800077c                __aeabi_f2uiz
 *(.text*)
 .text.ADC_PeriClockControl
                0x00000000080007bc       0xb0 Drivers/Src/stm32f446xx_adc_driver.o
                0x00000000080007bc                ADC_PeriClockControl
 .text.ADC_OnOff
                0x000000000800086c       0x36 Drivers/Src/stm32f446xx_adc_driver.o
 *fill*         0x00000000080008a2        0x2 
 .text.ADC_Init
                0x00000000080008a4       0xac Drivers/Src/stm32f446xx_adc_driver.o
                0x00000000080008a4                ADC_Init
 .text.ADC_GetFlagStatus
                0x0000000008000950       0x22 Drivers/Src/stm32f446xx_adc_driver.o
                0x0000000008000950                ADC_GetFlagStatus
 *fill*         0x0000000008000972        0x2 
 .text.ADC_IRQConfig
                0x0000000008000974       0x7c Drivers/Src/stm32f446xx_adc_driver.o
                0x0000000008000974                ADC_IRQConfig
 .text.ADC_Read_Reg_IT
                0x00000000080009f0      0x120 Drivers/Src/stm32f446xx_adc_driver.o
                0x00000000080009f0                ADC_Read_Reg_IT
 .text.ADC_EV_IRQHandling
                0x0000000008000b10       0x8e Drivers/Src/stm32f446xx_adc_driver.o
                0x0000000008000b10                ADC_EV_IRQHandling
 .text.ADC_Read_IT_Handle
                0x0000000008000b9e       0x6a Drivers/Src/stm32f446xx_adc_driver.o
 .text.DMA_PeriClockControl
                0x0000000008000c08       0x80 Drivers/Src/stm32f446xx_dma_driver.o
                0x0000000008000c08                DMA_PeriClockControl
 .text.DMA_StartStop
                0x0000000008000c88       0x7c Drivers/Src/stm32f446xx_dma_driver.o
 .text.DMA_Init
                0x0000000008000d04      0x30c Drivers/Src/stm32f446xx_dma_driver.o
                0x0000000008000d04                DMA_Init
 .text.DMA_GetFlagStatus
                0x0000000008001010       0xe8 Drivers/Src/stm32f446xx_dma_driver.o
                0x0000000008001010                DMA_GetFlagStatus
 .text.DMA_IRQConfig
                0x00000000080010f8       0x7c Drivers/Src/stm32f446xx_dma_driver.o
                0x00000000080010f8                DMA_IRQConfig
 .text.DMA_EV_IRQHandling
                0x0000000008001174       0x24 Drivers/Src/stm32f446xx_dma_driver.o
                0x0000000008001174                DMA_EV_IRQHandling
 .text.DMA_Stream_IRQ_Enable
                0x0000000008001198      0x128 Drivers/Src/stm32f446xx_dma_driver.o
 .text.DMA_Start_IT
                0x00000000080012c0       0xe8 Drivers/Src/stm32f446xx_dma_driver.o
                0x00000000080012c0                DMA_Start_IT
 .text.DMA_Trans_Cmplt_Handle_IT
                0x00000000080013a8       0x44 Drivers/Src/stm32f446xx_dma_driver.o
 .text.DMA_Close_IT
                0x00000000080013ec       0x50 Drivers/Src/stm32f446xx_dma_driver.o
                0x00000000080013ec                DMA_Close_IT
 .text.GPIO_PortCode
                0x000000000800143c       0x94 Drivers/Src/stm32f446xx_gpio_driver.o
                0x000000000800143c                GPIO_PortCode
 .text.GPIO_PeriClockControl
                0x00000000080014d0      0x1a0 Drivers/Src/stm32f446xx_gpio_driver.o
                0x00000000080014d0                GPIO_PeriClockControl
 .text.GPIO_Init
                0x0000000008001670      0x2ac Drivers/Src/stm32f446xx_gpio_driver.o
                0x0000000008001670                GPIO_Init
 .text.RCC_GetPPLCLK
                0x000000000800191c        0xe Drivers/Src/stm32f446xx_rcc_driver.o
                0x000000000800191c                RCC_GetPPLCLK
 *fill*         0x000000000800192a        0x2 
 .text.RCC_GetAPB1CLK
                0x000000000800192c       0xb0 Drivers/Src/stm32f446xx_rcc_driver.o
                0x000000000800192c                RCC_GetAPB1CLK
 .text.RCC_GetAPB2CLK
                0x00000000080019dc       0xb0 Drivers/Src/stm32f446xx_rcc_driver.o
                0x00000000080019dc                RCC_GetAPB2CLK
 .text.USART_PeriClockControl
                0x0000000008001a8c      0x140 Drivers/Src/stm32f446xx_usart_driver.o
                0x0000000008001a8c                USART_PeriClockControl
 .text.USART_PeripheralControl
                0x0000000008001bcc       0x36 Drivers/Src/stm32f446xx_usart_driver.o
                0x0000000008001bcc                USART_PeripheralControl
 .text.USART_GetFlagStatus
                0x0000000008001c02       0x22 Drivers/Src/stm32f446xx_usart_driver.o
                0x0000000008001c02                USART_GetFlagStatus
 .text.USART_ClearFlag
                0x0000000008001c24       0xcc Drivers/Src/stm32f446xx_usart_driver.o
                0x0000000008001c24                USART_ClearFlag
 .text.USART_SetBaudRate
                0x0000000008001cf0      0x144 Drivers/Src/stm32f446xx_usart_driver.o
                0x0000000008001cf0                USART_SetBaudRate
 .text.USART_Init
                0x0000000008001e34      0x1c8 Drivers/Src/stm32f446xx_usart_driver.o
                0x0000000008001e34                USART_Init
 .text.USART_Write
                0x0000000008001ffc       0xb0 Drivers/Src/stm32f446xx_usart_driver.o
                0x0000000008001ffc                USART_Write
 .text.GPIO_AI_Init
                0x00000000080020ac       0x34 Src/adc_dma_read_IT.o
                0x00000000080020ac                GPIO_AI_Init
 .text.GPIO_USART_Config
                0x00000000080020e0       0x44 Src/adc_dma_read_IT.o
                0x00000000080020e0                GPIO_USART_Config
 .text.USART2_Config
                0x0000000008002124       0x48 Src/adc_dma_read_IT.o
                0x0000000008002124                USART2_Config
 .text.ADC1_In_Init
                0x000000000800216c       0x3c Src/adc_dma_read_IT.o
                0x000000000800216c                ADC1_In_Init
 .text.DMA2_Init
                0x00000000080021a8       0x58 Src/adc_dma_read_IT.o
                0x00000000080021a8                DMA2_Init
 .text.USART2_Output
                0x0000000008002200       0x40 Src/adc_dma_read_IT.o
                0x0000000008002200                USART2_Output
 .text.ADC_IRQHandler
                0x0000000008002240       0x14 Src/adc_dma_read_IT.o
                0x0000000008002240                ADC_IRQHandler
 .text.DMA2_Stream0_IRQHandler
                0x0000000008002254       0x14 Src/adc_dma_read_IT.o
                0x0000000008002254                DMA2_Stream0_IRQHandler
 .text.main     0x0000000008002268       0x50 Src/adc_dma_read_IT.o
                0x0000000008002268                main
 .text.DMA_ApplicationCallbackEvent
                0x00000000080022b8       0x1e Src/adc_dma_read_IT.o
                0x00000000080022b8                DMA_ApplicationCallbackEvent
 *fill*         0x00000000080022d6        0x2 
 .text._sbrk    0x00000000080022d8       0x58 Src/sysmem.o
                0x00000000080022d8                _sbrk
 .text.Reset_Handler
                0x0000000008002330       0x50 Startup/startup_stm32f446retx.o
                0x0000000008002330                Reset_Handler
 .text.Default_Handler
                0x0000000008002380        0x2 Startup/startup_stm32f446retx.o
                0x0000000008002380                RTC_Alarm_IRQHandler
                0x0000000008002380                EXTI2_IRQHandler
                0x0000000008002380                TIM8_CC_IRQHandler
                0x0000000008002380                SPDIF_Rx_IRQHandler
                0x0000000008002380                DebugMon_Handler
                0x0000000008002380                SPI4_IRQHandler
                0x0000000008002380                TIM1_CC_IRQHandler
                0x0000000008002380                QuadSPI_IRQHandler
                0x0000000008002380                DMA2_Stream5_IRQHandler
                0x0000000008002380                HardFault_Handler
                0x0000000008002380                DMA1_Stream5_IRQHandler
                0x0000000008002380                SysTick_Handler
                0x0000000008002380                PVD_IRQHandler
                0x0000000008002380                SDIO_IRQHandler
                0x0000000008002380                TAMP_STAMP_IRQHandler
                0x0000000008002380                PendSV_Handler
                0x0000000008002380                NMI_Handler
                0x0000000008002380                CAN2_RX1_IRQHandler
                0x0000000008002380                EXTI3_IRQHandler
                0x0000000008002380                TIM8_TRG_COM_TIM14_IRQHandler
                0x0000000008002380                TIM1_UP_TIM10_IRQHandler
                0x0000000008002380                FMPI2C1_error_IRQHandler
                0x0000000008002380                TIM8_UP_TIM13_IRQHandler
                0x0000000008002380                I2C3_ER_IRQHandler
                0x0000000008002380                EXTI0_IRQHandler
                0x0000000008002380                I2C2_EV_IRQHandler
                0x0000000008002380                DMA1_Stream2_IRQHandler
                0x0000000008002380                CAN1_RX0_IRQHandler
                0x0000000008002380                FPU_IRQHandler
                0x0000000008002380                OTG_HS_WKUP_IRQHandler
                0x0000000008002380                UsageFault_Handler
                0x0000000008002380                CAN2_SCE_IRQHandler
                0x0000000008002380                DMA2_Stream2_IRQHandler
                0x0000000008002380                SPI1_IRQHandler
                0x0000000008002380                TIM6_DAC_IRQHandler
                0x0000000008002380                TIM1_BRK_TIM9_IRQHandler
                0x0000000008002380                DCMI_IRQHandler
                0x0000000008002380                CAN2_RX0_IRQHandler
                0x0000000008002380                DMA2_Stream3_IRQHandler
                0x0000000008002380                FMPI2C1_IRQHandler
                0x0000000008002380                SAI2_IRQHandler
                0x0000000008002380                USART6_IRQHandler
                0x0000000008002380                USART3_IRQHandler
                0x0000000008002380                CAN1_RX1_IRQHandler
                0x0000000008002380                UART5_IRQHandler
                0x0000000008002380                TIM4_IRQHandler
                0x0000000008002380                I2C1_EV_IRQHandler
                0x0000000008002380                HDMI_CEC_IRQHandler
                0x0000000008002380                DMA1_Stream6_IRQHandler
                0x0000000008002380                DMA1_Stream1_IRQHandler
                0x0000000008002380                UART4_IRQHandler
                0x0000000008002380                TIM3_IRQHandler
                0x0000000008002380                RCC_IRQHandler
                0x0000000008002380                TIM8_BRK_TIM12_IRQHandler
                0x0000000008002380                Default_Handler
                0x0000000008002380                EXTI15_10_IRQHandler
                0x0000000008002380                DMA1_Stream7_IRQHandler
                0x0000000008002380                TIM7_IRQHandler
                0x0000000008002380                CAN2_TX_IRQHandler
                0x0000000008002380                TIM5_IRQHandler
                0x0000000008002380                DMA2_Stream7_IRQHandler
                0x0000000008002380                I2C3_EV_IRQHandler
                0x0000000008002380                EXTI9_5_IRQHandler
                0x0000000008002380                RTC_WKUP_IRQHandler
                0x0000000008002380                SPI2_IRQHandler
                0x0000000008002380                OTG_HS_EP1_IN_IRQHandler
                0x0000000008002380                MemManage_Handler
                0x0000000008002380                DMA1_Stream0_IRQHandler
                0x0000000008002380                CAN1_TX_IRQHandler
                0x0000000008002380                SVC_Handler
                0x0000000008002380                EXTI4_IRQHandler
                0x0000000008002380                OTG_HS_EP1_OUT_IRQHandler
                0x0000000008002380                WWDG_IRQHandler
                0x0000000008002380                TIM2_IRQHandler
                0x0000000008002380                OTG_FS_WKUP_IRQHandler
                0x0000000008002380                TIM1_TRG_COM_TIM11_IRQHandler
                0x0000000008002380                OTG_HS_IRQHandler
                0x0000000008002380                EXTI1_IRQHandler
                0x0000000008002380                USART2_IRQHandler
                0x0000000008002380                I2C2_ER_IRQHandler
                0x0000000008002380                DMA2_Stream1_IRQHandler
                0x0000000008002380                CAN1_SCE_IRQHandler
                0x0000000008002380                FLASH_IRQHandler
                0x0000000008002380                DMA2_Stream4_IRQHandler
                0x0000000008002380                BusFault_Handler
                0x0000000008002380                USART1_IRQHandler
                0x0000000008002380                OTG_FS_IRQHandler
                0x0000000008002380                SPI3_IRQHandler
                0x0000000008002380                DMA1_Stream4_IRQHandler
                0x0000000008002380                I2C1_ER_IRQHandler
                0x0000000008002380                FMC_IRQHandler
                0x0000000008002380                DMA2_Stream6_IRQHandler
                0x0000000008002380                SAI1_IRQHandler
                0x0000000008002380                DMA1_Stream3_IRQHandler
 *fill*         0x0000000008002382        0x2 
 .text.__errno  0x0000000008002384        0xc c:/st/stm32cubeide_1.2.0/stm32cubeide/plugins/com.st.stm32cube.ide.mcu.externaltools.gnu-tools-for-stm32.7-2018-q2-update.win32_1.0.0.201904181610/tools/bin/../lib/gcc/arm-none-eabi/7.3.1/../../../../arm-none-eabi/lib/thumb/v7e-m\libc_nano.a(lib_a-errno.o)
                0x0000000008002384                __errno
 .text.__libc_init_array
                0x0000000008002390       0x48 c:/st/stm32cubeide_1.2.0/stm32cubeide/plugins/com.st.stm32cube.ide.mcu.externaltools.gnu-tools-for-stm32.7-2018-q2-update.win32_1.0.0.201904181610/tools/bin/../lib/gcc/arm-none-eabi/7.3.1/../../../../arm-none-eabi/lib/thumb/v7e-m\libc_nano.a(lib_a-init.o)
                0x0000000008002390                __libc_init_array
 .text.sprintf  0x00000000080023d8       0x40 c:/st/stm32cubeide_1.2.0/stm32cubeide/plugins/com.st.stm32cube.ide.mcu.externaltools.gnu-tools-for-stm32.7-2018-q2-update.win32_1.0.0.201904181610/tools/bin/../lib/gcc/arm-none-eabi/7.3.1/../../../../arm-none-eabi/lib/thumb/v7e-m\libc_nano.a(lib_a-sprintf.o)
                0x00000000080023d8                siprintf
                0x00000000080023d8                sprintf
 .text.__ssputs_r
                0x0000000008002418       0xb4 c:/st/stm32cubeide_1.2.0/stm32cubeide/plugins/com.st.stm32cube.ide.mcu.externaltools.gnu-tools-for-stm32.7-2018-q2-update.win32_1.0.0.201904181610/tools/bin/../lib/gcc/arm-none-eabi/7.3.1/../../../../arm-none-eabi/lib/thumb/v7e-m\libc_nano.a(lib_a-nano-svfprintf.o)
                0x0000000008002418                __ssputs_r
 .text._svfprintf_r
                0x00000000080024cc      0x1f0 c:/st/stm32cubeide_1.2.0/stm32cubeide/plugins/com.st.stm32cube.ide.mcu.externaltools.gnu-tools-for-stm32.7-2018-q2-update.win32_1.0.0.201904181610/tools/bin/../lib/gcc/arm-none-eabi/7.3.1/../../../../arm-none-eabi/lib/thumb/v7e-m\libc_nano.a(lib_a-nano-svfprintf.o)
                0x00000000080024cc                _svfiprintf_r
                0x00000000080024cc                _svfprintf_r
 .text._printf_common
                0x00000000080026bc       0xea c:/st/stm32cubeide_1.2.0/stm32cubeide/plugins/com.st.stm32cube.ide.mcu.externaltools.gnu-tools-for-stm32.7-2018-q2-update.win32_1.0.0.201904181610/tools/bin/../lib/gcc/arm-none-eabi/7.3.1/../../../../arm-none-eabi/lib/thumb/v7e-m\libc_nano.a(lib_a-nano-vfprintf_i.o)
                0x00000000080026bc                _printf_common
 *fill*         0x00000000080027a6        0x2 
 .text._printf_i
                0x00000000080027a8      0x224 c:/st/stm32cubeide_1.2.0/stm32cubeide/plugins/com.st.stm32cube.ide.mcu.externaltools.gnu-tools-for-stm32.7-2018-q2-update.win32_1.0.0.201904181610/tools/bin/../lib/gcc/arm-none-eabi/7.3.1/../../../../arm-none-eabi/lib/thumb/v7e-m\libc_nano.a(lib_a-nano-vfprintf_i.o)
                0x00000000080027a8                _printf_i
 .text.memcpy   0x00000000080029cc       0x16 c:/st/stm32cubeide_1.2.0/stm32cubeide/plugins/com.st.stm32cube.ide.mcu.externaltools.gnu-tools-for-stm32.7-2018-q2-update.win32_1.0.0.201904181610/tools/bin/../lib/gcc/arm-none-eabi/7.3.1/../../../../arm-none-eabi/lib/thumb/v7e-m\libc_nano.a(lib_a-memcpy-stub.o)
                0x00000000080029cc                memcpy
 .text.memmove  0x00000000080029e2       0x32 c:/st/stm32cubeide_1.2.0/stm32cubeide/plugins/com.st.stm32cube.ide.mcu.externaltools.gnu-tools-for-stm32.7-2018-q2-update.win32_1.0.0.201904181610/tools/bin/../lib/gcc/arm-none-eabi/7.3.1/../../../../arm-none-eabi/lib/thumb/v7e-m\libc_nano.a(lib_a-memmove.o)
                0x00000000080029e2                memmove
 .text._free_r  0x0000000008002a14       0x9c c:/st/stm32cubeide_1.2.0/stm32cubeide/plugins/com.st.stm32cube.ide.mcu.externaltools.gnu-tools-for-stm32.7-2018-q2-update.win32_1.0.0.201904181610/tools/bin/../lib/gcc/arm-none-eabi/7.3.1/../../../../arm-none-eabi/lib/thumb/v7e-m\libc_nano.a(lib_a-nano-freer.o)
                0x0000000008002a14                _free_r
 .text._malloc_r
                0x0000000008002ab0       0xb4 c:/st/stm32cubeide_1.2.0/stm32cubeide/plugins/com.st.stm32cube.ide.mcu.externaltools.gnu-tools-for-stm32.7-2018-q2-update.win32_1.0.0.201904181610/tools/bin/../lib/gcc/arm-none-eabi/7.3.1/../../../../arm-none-eabi/lib/thumb/v7e-m\libc_nano.a(lib_a-nano-mallocr.o)
                0x0000000008002ab0                _malloc_r
 .text._realloc_r
                0x0000000008002b64       0x4c c:/st/stm32cubeide_1.2.0/stm32cubeide/plugins/com.st.stm32cube.ide.mcu.externaltools.gnu-tools-for-stm32.7-2018-q2-update.win32_1.0.0.201904181610/tools/bin/../lib/gcc/arm-none-eabi/7.3.1/../../../../arm-none-eabi/lib/thumb/v7e-m\libc_nano.a(lib_a-nano-reallocr.o)
                0x0000000008002b64                _realloc_r
 .text._sbrk_r  0x0000000008002bb0       0x20 c:/st/stm32cubeide_1.2.0/stm32cubeide/plugins/com.st.stm32cube.ide.mcu.externaltools.gnu-tools-for-stm32.7-2018-q2-update.win32_1.0.0.201904181610/tools/bin/../lib/gcc/arm-none-eabi/7.3.1/../../../../arm-none-eabi/lib/thumb/v7e-m\libc_nano.a(lib_a-sbrkr.o)
                0x0000000008002bb0                _sbrk_r
 .text.__malloc_lock
                0x0000000008002bd0        0x2 c:/st/stm32cubeide_1.2.0/stm32cubeide/plugins/com.st.stm32cube.ide.mcu.externaltools.gnu-tools-for-stm32.7-2018-q2-update.win32_1.0.0.201904181610/tools/bin/../lib/gcc/arm-none-eabi/7.3.1/../../../../arm-none-eabi/lib/thumb/v7e-m\libc_nano.a(lib_a-mlock.o)
                0x0000000008002bd0                __malloc_lock
 .text.__malloc_unlock
                0x0000000008002bd2        0x2 c:/st/stm32cubeide_1.2.0/stm32cubeide/plugins/com.st.stm32cube.ide.mcu.externaltools.gnu-tools-for-stm32.7-2018-q2-update.win32_1.0.0.201904181610/tools/bin/../lib/gcc/arm-none-eabi/7.3.1/../../../../arm-none-eabi/lib/thumb/v7e-m\libc_nano.a(lib_a-mlock.o)
                0x0000000008002bd2                __malloc_unlock
 .text._malloc_usable_size_r
                0x0000000008002bd4       0x10 c:/st/stm32cubeide_1.2.0/stm32cubeide/plugins/com.st.stm32cube.ide.mcu.externaltools.gnu-tools-for-stm32.7-2018-q2-update.win32_1.0.0.201904181610/tools/bin/../lib/gcc/arm-none-eabi/7.3.1/../../../../arm-none-eabi/lib/thumb/v7e-m\libc_nano.a(lib_a-nano-msizer.o)
                0x0000000008002bd4                _malloc_usable_size_r
 *(.glue_7)
 .glue_7        0x0000000008002be4        0x0 linker stubs
 *(.glue_7t)
 .glue_7t       0x0000000008002be4        0x0 linker stubs
 *(.eh_frame)
 .eh_frame      0x0000000008002be4        0x0 c:/st/stm32cubeide_1.2.0/stm32cubeide/plugins/com.st.stm32cube.ide.mcu.externaltools.gnu-tools-for-stm32.7-2018-q2-update.win32_1.0.0.201904181610/tools/bin/../lib/gcc/arm-none-eabi/7.3.1/thumb/v7e-m/crtbegin.o
 *(.init)
 .init          0x0000000008002be4        0x4 c:/st/stm32cubeide_1.2.0/stm32cubeide/plugins/com.st.stm32cube.ide.mcu.externaltools.gnu-tools-for-stm32.7-2018-q2-update.win32_1.0.0.201904181610/tools/bin/../lib/gcc/arm-none-eabi/7.3.1/thumb/v7e-m/crti.o
                0x0000000008002be4                _init
 .init          0x0000000008002be8        0x8 c:/st/stm32cubeide_1.2.0/stm32cubeide/plugins/com.st.stm32cube.ide.mcu.externaltools.gnu-tools-for-stm32.7-2018-q2-update.win32_1.0.0.201904181610/tools/bin/../lib/gcc/arm-none-eabi/7.3.1/thumb/v7e-m/crtn.o
 *(.fini)
 .fini          0x0000000008002bf0        0x4 c:/st/stm32cubeide_1.2.0/stm32cubeide/plugins/com.st.stm32cube.ide.mcu.externaltools.gnu-tools-for-stm32.7-2018-q2-update.win32_1.0.0.201904181610/tools/bin/../lib/gcc/arm-none-eabi/7.3.1/thumb/v7e-m/crti.o
                0x0000000008002bf0                _fini
 .fini          0x0000000008002bf4        0x8 c:/st/stm32cubeide_1.2.0/stm32cubeide/plugins/com.st.stm32cube.ide.mcu.externaltools.gnu-tools-for-stm32.7-2018-q2-update.win32_1.0.0.201904181610/tools/bin/../lib/gcc/arm-none-eabi/7.3.1/thumb/v7e-m/crtn.o
                0x0000000008002bfc                . = ALIGN (0x4)
                0x0000000008002bfc                _etext = .

.vfp11_veneer   0x0000000008002bfc        0x0
 .vfp11_veneer  0x0000000008002bfc        0x0 linker stubs

.v4_bx          0x0000000008002bfc        0x0
 .v4_bx         0x0000000008002bfc        0x0 linker stubs

.iplt           0x0000000008002bfc        0x0
 .iplt          0x0000000008002bfc        0x0 c:/st/stm32cubeide_1.2.0/stm32cubeide/plugins/com.st.stm32cube.ide.mcu.externaltools.gnu-tools-for-stm32.7-2018-q2-update.win32_1.0.0.201904181610/tools/bin/../lib/gcc/arm-none-eabi/7.3.1/thumb/v7e-m/crtbegin.o

.rodata         0x0000000008002bfc       0x4c
                0x0000000008002bfc                . = ALIGN (0x4)
 *(.rodata)
 .rodata        0x0000000008002bfc       0x16 Src/adc_dma_read_IT.o
 *(.rodata*)
 .rodata._svfprintf_r.str1.1
                0x0000000008002c12       0x11 c:/st/stm32cubeide_1.2.0/stm32cubeide/plugins/com.st.stm32cube.ide.mcu.externaltools.gnu-tools-for-stm32.7-2018-q2-update.win32_1.0.0.201904181610/tools/bin/../lib/gcc/arm-none-eabi/7.3.1/../../../../arm-none-eabi/lib/thumb/v7e-m\libc_nano.a(lib_a-nano-svfprintf.o)
 .rodata._printf_i.str1.1
                0x0000000008002c23       0x22 c:/st/stm32cubeide_1.2.0/stm32cubeide/plugins/com.st.stm32cube.ide.mcu.externaltools.gnu-tools-for-stm32.7-2018-q2-update.win32_1.0.0.201904181610/tools/bin/../lib/gcc/arm-none-eabi/7.3.1/../../../../arm-none-eabi/lib/thumb/v7e-m\libc_nano.a(lib_a-nano-vfprintf_i.o)
                0x0000000008002c48                . = ALIGN (0x4)
 *fill*         0x0000000008002c45        0x3 

.rel.dyn        0x0000000008002c48        0x0
 .rel.iplt      0x0000000008002c48        0x0 c:/st/stm32cubeide_1.2.0/stm32cubeide/plugins/com.st.stm32cube.ide.mcu.externaltools.gnu-tools-for-stm32.7-2018-q2-update.win32_1.0.0.201904181610/tools/bin/../lib/gcc/arm-none-eabi/7.3.1/thumb/v7e-m/crtbegin.o

.ARM.extab      0x0000000008002c48        0x0
                0x0000000008002c48                . = ALIGN (0x4)
 *(.ARM.extab* .gnu.linkonce.armextab.*)
                0x0000000008002c48                . = ALIGN (0x4)

.ARM            0x0000000008002c48        0x0
                0x0000000008002c48                . = ALIGN (0x4)
                0x0000000008002c48                __exidx_start = .
 *(.ARM.exidx*)
                0x0000000008002c48                __exidx_end = .
                0x0000000008002c48                . = ALIGN (0x4)

.preinit_array  0x0000000008002c48        0x0
                0x0000000008002c48                . = ALIGN (0x4)
                0x0000000008002c48                PROVIDE (__preinit_array_start = .)
 *(.preinit_array*)
                0x0000000008002c48                PROVIDE (__preinit_array_end = .)
                0x0000000008002c48                . = ALIGN (0x4)

.init_array     0x0000000008002c48        0x4
                0x0000000008002c48                . = ALIGN (0x4)
                0x0000000008002c48                PROVIDE (__init_array_start = .)
 *(SORT_BY_NAME(.init_array.*))
 *(.init_array*)
 .init_array    0x0000000008002c48        0x4 c:/st/stm32cubeide_1.2.0/stm32cubeide/plugins/com.st.stm32cube.ide.mcu.externaltools.gnu-tools-for-stm32.7-2018-q2-update.win32_1.0.0.201904181610/tools/bin/../lib/gcc/arm-none-eabi/7.3.1/thumb/v7e-m/crtbegin.o
                0x0000000008002c4c                PROVIDE (__init_array_end = .)
                0x0000000008002c4c                . = ALIGN (0x4)

.fini_array     0x0000000008002c4c        0x4
                0x0000000008002c4c                . = ALIGN (0x4)
                [!provide]                        PROVIDE (__fini_array_start = .)
 *(SORT_BY_NAME(.fini_array.*))
 *(.fini_array*)
 .fini_array    0x0000000008002c4c        0x4 c:/st/stm32cubeide_1.2.0/stm32cubeide/plugins/com.st.stm32cube.ide.mcu.externaltools.gnu-tools-for-stm32.7-2018-q2-update.win32_1.0.0.201904181610/tools/bin/../lib/gcc/arm-none-eabi/7.3.1/thumb/v7e-m/crtbegin.o
                [!provide]                        PROVIDE (__fini_array_end = .)
                0x0000000008002c50                . = ALIGN (0x4)
                0x0000000008002c50                _sidata = LOADADDR (.data)

.data           0x0000000020000000       0x90 load address 0x0000000008002c50
                0x0000000020000000                . = ALIGN (0x4)
                0x0000000020000000                _sdata = .
 *(.data)
 *(.data*)
 .data.FEIF_Flag
                0x0000000020000000        0x4 Drivers/Src/stm32f446xx_dma_driver.o
                0x0000000020000000                FEIF_Flag
 .data.DMEIF_Flag
                0x0000000020000004        0x4 Drivers/Src/stm32f446xx_dma_driver.o
                0x0000000020000004                DMEIF_Flag
 .data.TEIF_Flag
                0x0000000020000008        0x4 Drivers/Src/stm32f446xx_dma_driver.o
                0x0000000020000008                TEIF_Flag
 .data.HTIF_Flag
                0x000000002000000c        0x4 Drivers/Src/stm32f446xx_dma_driver.o
                0x000000002000000c                HTIF_Flag
 .data.TCIF_Flag
                0x0000000020000010        0x4 Drivers/Src/stm32f446xx_dma_driver.o
                0x0000000020000010                TCIF_Flag
 .data.AHB_Prescaler
                0x0000000020000014       0x10 Drivers/Src/stm32f446xx_rcc_driver.o
 .data.PPRE1_Prescaler
                0x0000000020000024        0x4 Drivers/Src/stm32f446xx_rcc_driver.o
 .data.PPRE2_Prescaler
                0x0000000020000028        0x4 Drivers/Src/stm32f446xx_rcc_driver.o
 .data._impure_ptr
                0x000000002000002c        0x4 c:/st/stm32cubeide_1.2.0/stm32cubeide/plugins/com.st.stm32cube.ide.mcu.externaltools.gnu-tools-for-stm32.7-2018-q2-update.win32_1.0.0.201904181610/tools/bin/../lib/gcc/arm-none-eabi/7.3.1/../../../../arm-none-eabi/lib/thumb/v7e-m\libc_nano.a(lib_a-impure.o)
                0x000000002000002c                _impure_ptr
 .data.impure_data
                0x0000000020000030       0x60 c:/st/stm32cubeide_1.2.0/stm32cubeide/plugins/com.st.stm32cube.ide.mcu.externaltools.gnu-tools-for-stm32.7-2018-q2-update.win32_1.0.0.201904181610/tools/bin/../lib/gcc/arm-none-eabi/7.3.1/../../../../arm-none-eabi/lib/thumb/v7e-m\libc_nano.a(lib_a-impure.o)
                0x0000000020000090                . = ALIGN (0x4)
                0x0000000020000090                _edata = .

.igot.plt       0x0000000020000090        0x0 load address 0x0000000008002ce0
 .igot.plt      0x0000000020000090        0x0 c:/st/stm32cubeide_1.2.0/stm32cubeide/plugins/com.st.stm32cube.ide.mcu.externaltools.gnu-tools-for-stm32.7-2018-q2-update.win32_1.0.0.201904181610/tools/bin/../lib/gcc/arm-none-eabi/7.3.1/thumb/v7e-m/crtbegin.o
                0x0000000020000090                . = ALIGN (0x4)

.bss            0x0000000020000090       0x80 load address 0x0000000008002ce0
                0x0000000020000090                _sbss = .
                0x0000000020000090                __bss_start__ = _sbss
 *(.bss)
 .bss           0x0000000020000090       0x1c c:/st/stm32cubeide_1.2.0/stm32cubeide/plugins/com.st.stm32cube.ide.mcu.externaltools.gnu-tools-for-stm32.7-2018-q2-update.win32_1.0.0.201904181610/tools/bin/../lib/gcc/arm-none-eabi/7.3.1/thumb/v7e-m/crtbegin.o
 *(.bss*)
 .bss.data      0x00000000200000ac        0x2 Src/adc_dma_read_IT.o
                0x00000000200000ac                data
 *fill*         0x00000000200000ae        0x2 
 .bss.heap_end.5149
                0x00000000200000b0        0x4 Src/sysmem.o
 .bss.__malloc_free_list
                0x00000000200000b4        0x4 c:/st/stm32cubeide_1.2.0/stm32cubeide/plugins/com.st.stm32cube.ide.mcu.externaltools.gnu-tools-for-stm32.7-2018-q2-update.win32_1.0.0.201904181610/tools/bin/../lib/gcc/arm-none-eabi/7.3.1/../../../../arm-none-eabi/lib/thumb/v7e-m\libc_nano.a(lib_a-nano-mallocr.o)
                0x00000000200000b4                __malloc_free_list
 .bss.__malloc_sbrk_start
                0x00000000200000b8        0x4 c:/st/stm32cubeide_1.2.0/stm32cubeide/plugins/com.st.stm32cube.ide.mcu.externaltools.gnu-tools-for-stm32.7-2018-q2-update.win32_1.0.0.201904181610/tools/bin/../lib/gcc/arm-none-eabi/7.3.1/../../../../arm-none-eabi/lib/thumb/v7e-m\libc_nano.a(lib_a-nano-mallocr.o)
                0x00000000200000b8                __malloc_sbrk_start
 *(COMMON)
 COMMON         0x00000000200000bc       0x50 Src/adc_dma_read_IT.o
                0x00000000200000bc                Adc_Input
                0x00000000200000d0                Usart_Handle
                0x00000000200000f8                Dma_adcHandle
 COMMON         0x000000002000010c        0x4 c:/st/stm32cubeide_1.2.0/stm32cubeide/plugins/com.st.stm32cube.ide.mcu.externaltools.gnu-tools-for-stm32.7-2018-q2-update.win32_1.0.0.201904181610/tools/bin/../lib/gcc/arm-none-eabi/7.3.1/../../../../arm-none-eabi/lib/thumb/v7e-m\libc_nano.a(lib_a-reent.o)
                0x000000002000010c                errno
                0x0000000020000110                . = ALIGN (0x4)
                0x0000000020000110                _ebss = .
                0x0000000020000110                __bss_end__ = _ebss

._user_heap_stack
                0x0000000020000110      0x600 load address 0x0000000008002ce0
                0x0000000020000110                . = ALIGN (0x8)
                0x0000000020000110                PROVIDE (end = .)
                [!provide]                        PROVIDE (_end = .)
                0x0000000020000310                . = (. + _Min_Heap_Size)
 *fill*         0x0000000020000110      0x200 
                0x0000000020000710                . = (. + _Min_Stack_Size)
 *fill*         0x0000000020000310      0x400 
                0x0000000020000710                . = ALIGN (0x8)

/DISCARD/
 libc.a(*)
 libm.a(*)
 libgcc.a(*)

.ARM.attributes
                0x0000000000000000       0x2a
 *(.ARM.attributes)
 .ARM.attributes
                0x0000000000000000       0x1e c:/st/stm32cubeide_1.2.0/stm32cubeide/plugins/com.st.stm32cube.ide.mcu.externaltools.gnu-tools-for-stm32.7-2018-q2-update.win32_1.0.0.201904181610/tools/bin/../lib/gcc/arm-none-eabi/7.3.1/thumb/v7e-m/crti.o
 .ARM.attributes
                0x000000000000001e       0x2e c:/st/stm32cubeide_1.2.0/stm32cubeide/plugins/com.st.stm32cube.ide.mcu.externaltools.gnu-tools-for-stm32.7-2018-q2-update.win32_1.0.0.201904181610/tools/bin/../lib/gcc/arm-none-eabi/7.3.1/thumb/v7e-m/crtbegin.o
 .ARM.attributes
                0x000000000000004c       0x33 Drivers/Src/stm32f446xx_adc_driver.o
 .ARM.attributes
                0x000000000000007f       0x33 Drivers/Src/stm32f446xx_dma_driver.o
 .ARM.attributes
                0x00000000000000b2       0x33 Drivers/Src/stm32f446xx_gpio_driver.o
 .ARM.attributes
                0x00000000000000e5       0x33 Drivers/Src/stm32f446xx_rcc_driver.o
 .ARM.attributes
                0x0000000000000118       0x33 Drivers/Src/stm32f446xx_usart_driver.o
 .ARM.attributes
                0x000000000000014b       0x33 Src/adc_dma_read_IT.o
 .ARM.attributes
                0x000000000000017e       0x33 Src/sysmem.o
 .ARM.attributes
                0x00000000000001b1       0x21 Startup/startup_stm32f446retx.o
 .ARM.attributes
                0x00000000000001d2       0x2e c:/st/stm32cubeide_1.2.0/stm32cubeide/plugins/com.st.stm32cube.ide.mcu.externaltools.gnu-tools-for-stm32.7-2018-q2-update.win32_1.0.0.201904181610/tools/bin/../lib/gcc/arm-none-eabi/7.3.1/../../../../arm-none-eabi/lib/thumb/v7e-m\libc_nano.a(lib_a-errno.o)
 .ARM.attributes
                0x0000000000000200       0x2e c:/st/stm32cubeide_1.2.0/stm32cubeide/plugins/com.st.stm32cube.ide.mcu.externaltools.gnu-tools-for-stm32.7-2018-q2-update.win32_1.0.0.201904181610/tools/bin/../lib/gcc/arm-none-eabi/7.3.1/../../../../arm-none-eabi/lib/thumb/v7e-m\libc_nano.a(lib_a-impure.o)
 .ARM.attributes
                0x000000000000022e       0x2e c:/st/stm32cubeide_1.2.0/stm32cubeide/plugins/com.st.stm32cube.ide.mcu.externaltools.gnu-tools-for-stm32.7-2018-q2-update.win32_1.0.0.201904181610/tools/bin/../lib/gcc/arm-none-eabi/7.3.1/../../../../arm-none-eabi/lib/thumb/v7e-m\libc_nano.a(lib_a-init.o)
 .ARM.attributes
                0x000000000000025c       0x2e c:/st/stm32cubeide_1.2.0/stm32cubeide/plugins/com.st.stm32cube.ide.mcu.externaltools.gnu-tools-for-stm32.7-2018-q2-update.win32_1.0.0.201904181610/tools/bin/../lib/gcc/arm-none-eabi/7.3.1/../../../../arm-none-eabi/lib/thumb/v7e-m\libc_nano.a(lib_a-sprintf.o)
 .ARM.attributes
                0x000000000000028a       0x17 c:/st/stm32cubeide_1.2.0/stm32cubeide/plugins/com.st.stm32cube.ide.mcu.externaltools.gnu-tools-for-stm32.7-2018-q2-update.win32_1.0.0.201904181610/tools/bin/../lib/gcc/arm-none-eabi/7.3.1/../../../../arm-none-eabi/lib/thumb/v7e-m\libc_nano.a(lib_a-strlen.o)
 .ARM.attributes
                0x00000000000002a1       0x2e c:/st/stm32cubeide_1.2.0/stm32cubeide/plugins/com.st.stm32cube.ide.mcu.externaltools.gnu-tools-for-stm32.7-2018-q2-update.win32_1.0.0.201904181610/tools/bin/../lib/gcc/arm-none-eabi/7.3.1/../../../../arm-none-eabi/lib/thumb/v7e-m\libc_nano.a(lib_a-nano-svfprintf.o)
 .ARM.attributes
                0x00000000000002cf       0x2e c:/st/stm32cubeide_1.2.0/stm32cubeide/plugins/com.st.stm32cube.ide.mcu.externaltools.gnu-tools-for-stm32.7-2018-q2-update.win32_1.0.0.201904181610/tools/bin/../lib/gcc/arm-none-eabi/7.3.1/../../../../arm-none-eabi/lib/thumb/v7e-m\libc_nano.a(lib_a-nano-vfprintf_i.o)
 .ARM.attributes
                0x00000000000002fd       0x1c c:/st/stm32cubeide_1.2.0/stm32cubeide/plugins/com.st.stm32cube.ide.mcu.externaltools.gnu-tools-for-stm32.7-2018-q2-update.win32_1.0.0.201904181610/tools/bin/../lib/gcc/arm-none-eabi/7.3.1/../../../../arm-none-eabi/lib/thumb/v7e-m\libc_nano.a(lib_a-memchr.o)
 .ARM.attributes
                0x0000000000000319       0x2e c:/st/stm32cubeide_1.2.0/stm32cubeide/plugins/com.st.stm32cube.ide.mcu.externaltools.gnu-tools-for-stm32.7-2018-q2-update.win32_1.0.0.201904181610/tools/bin/../lib/gcc/arm-none-eabi/7.3.1/../../../../arm-none-eabi/lib/thumb/v7e-m\libc_nano.a(lib_a-memcpy-stub.o)
 .ARM.attributes
                0x0000000000000347       0x2e c:/st/stm32cubeide_1.2.0/stm32cubeide/plugins/com.st.stm32cube.ide.mcu.externaltools.gnu-tools-for-stm32.7-2018-q2-update.win32_1.0.0.201904181610/tools/bin/../lib/gcc/arm-none-eabi/7.3.1/../../../../arm-none-eabi/lib/thumb/v7e-m\libc_nano.a(lib_a-memmove.o)
 .ARM.attributes
                0x0000000000000375       0x2e c:/st/stm32cubeide_1.2.0/stm32cubeide/plugins/com.st.stm32cube.ide.mcu.externaltools.gnu-tools-for-stm32.7-2018-q2-update.win32_1.0.0.201904181610/tools/bin/../lib/gcc/arm-none-eabi/7.3.1/../../../../arm-none-eabi/lib/thumb/v7e-m\libc_nano.a(lib_a-nano-freer.o)
 .ARM.attributes
                0x00000000000003a3       0x2e c:/st/stm32cubeide_1.2.0/stm32cubeide/plugins/com.st.stm32cube.ide.mcu.externaltools.gnu-tools-for-stm32.7-2018-q2-update.win32_1.0.0.201904181610/tools/bin/../lib/gcc/arm-none-eabi/7.3.1/../../../../arm-none-eabi/lib/thumb/v7e-m\libc_nano.a(lib_a-nano-mallocr.o)
 .ARM.attributes
                0x00000000000003d1       0x2e c:/st/stm32cubeide_1.2.0/stm32cubeide/plugins/com.st.stm32cube.ide.mcu.externaltools.gnu-tools-for-stm32.7-2018-q2-update.win32_1.0.0.201904181610/tools/bin/../lib/gcc/arm-none-eabi/7.3.1/../../../../arm-none-eabi/lib/thumb/v7e-m\libc_nano.a(lib_a-nano-reallocr.o)
 .ARM.attributes
                0x00000000000003ff       0x2e c:/st/stm32cubeide_1.2.0/stm32cubeide/plugins/com.st.stm32cube.ide.mcu.externaltools.gnu-tools-for-stm32.7-2018-q2-update.win32_1.0.0.201904181610/tools/bin/../lib/gcc/arm-none-eabi/7.3.1/../../../../arm-none-eabi/lib/thumb/v7e-m\libc_nano.a(lib_a-sbrkr.o)
 .ARM.attributes
                0x000000000000042d       0x2e c:/st/stm32cubeide_1.2.0/stm32cubeide/plugins/com.st.stm32cube.ide.mcu.externaltools.gnu-tools-for-stm32.7-2018-q2-update.win32_1.0.0.201904181610/tools/bin/../lib/gcc/arm-none-eabi/7.3.1/../../../../arm-none-eabi/lib/thumb/v7e-m\libc_nano.a(lib_a-mlock.o)
 .ARM.attributes
                0x000000000000045b       0x2e c:/st/stm32cubeide_1.2.0/stm32cubeide/plugins/com.st.stm32cube.ide.mcu.externaltools.gnu-tools-for-stm32.7-2018-q2-update.win32_1.0.0.201904181610/tools/bin/../lib/gcc/arm-none-eabi/7.3.1/../../../../arm-none-eabi/lib/thumb/v7e-m\libc_nano.a(lib_a-nano-msizer.o)
 .ARM.attributes
                0x0000000000000489       0x2e c:/st/stm32cubeide_1.2.0/stm32cubeide/plugins/com.st.stm32cube.ide.mcu.externaltools.gnu-tools-for-stm32.7-2018-q2-update.win32_1.0.0.201904181610/tools/bin/../lib/gcc/arm-none-eabi/7.3.1/../../../../arm-none-eabi/lib/thumb/v7e-m\libc_nano.a(lib_a-reent.o)
 .ARM.attributes
                0x00000000000004b7       0x1e c:/st/stm32cubeide_1.2.0/stm32cubeide/plugins/com.st.stm32cube.ide.mcu.externaltools.gnu-tools-for-stm32.7-2018-q2-update.win32_1.0.0.201904181610/tools/bin/../lib/gcc/arm-none-eabi/7.3.1/thumb/v7e-m\libgcc.a(_arm_addsubsf3.o)
 .ARM.attributes
                0x00000000000004d5       0x1e c:/st/stm32cubeide_1.2.0/stm32cubeide/plugins/com.st.stm32cube.ide.mcu.externaltools.gnu-tools-for-stm32.7-2018-q2-update.win32_1.0.0.201904181610/tools/bin/../lib/gcc/arm-none-eabi/7.3.1/thumb/v7e-m\libgcc.a(_arm_muldivsf3.o)
 .ARM.attributes
                0x00000000000004f3       0x1e c:/st/stm32cubeide_1.2.0/stm32cubeide/plugins/com.st.stm32cube.ide.mcu.externaltools.gnu-tools-for-stm32.7-2018-q2-update.win32_1.0.0.201904181610/tools/bin/../lib/gcc/arm-none-eabi/7.3.1/thumb/v7e-m\libgcc.a(_arm_fixunssfsi.o)
 .ARM.attributes
                0x0000000000000511       0x1e c:/st/stm32cubeide_1.2.0/stm32cubeide/plugins/com.st.stm32cube.ide.mcu.externaltools.gnu-tools-for-stm32.7-2018-q2-update.win32_1.0.0.201904181610/tools/bin/../lib/gcc/arm-none-eabi/7.3.1/thumb/v7e-m/crtn.o
OUTPUT(stm32f446xx.elf elf32-littlearm)

.debug_info     0x0000000000000000     0x68dc
 .debug_info    0x0000000000000000     0x10d1 Drivers/Src/stm32f446xx_adc_driver.o
 .debug_info    0x00000000000010d1     0x10c7 Drivers/Src/stm32f446xx_dma_driver.o
 .debug_info    0x0000000000002198     0x106d Drivers/Src/stm32f446xx_gpio_driver.o
 .debug_info    0x0000000000003205      0xc34 Drivers/Src/stm32f446xx_rcc_driver.o
 .debug_info    0x0000000000003e39     0x1131 Drivers/Src/stm32f446xx_usart_driver.o
 .debug_info    0x0000000000004f6a     0x1034 Src/adc_dma_read_IT.o
 .debug_info    0x0000000000005f9e      0x91c Src/sysmem.o
 .debug_info    0x00000000000068ba       0x22 Startup/startup_stm32f446retx.o

.debug_abbrev   0x0000000000000000     0x105b
 .debug_abbrev  0x0000000000000000      0x2e3 Drivers/Src/stm32f446xx_adc_driver.o
 .debug_abbrev  0x00000000000002e3      0x2c2 Drivers/Src/stm32f446xx_dma_driver.o
 .debug_abbrev  0x00000000000005a5      0x258 Drivers/Src/stm32f446xx_gpio_driver.o
 .debug_abbrev  0x00000000000007fd      0x1bc Drivers/Src/stm32f446xx_rcc_driver.o
 .debug_abbrev  0x00000000000009b9      0x2b7 Drivers/Src/stm32f446xx_usart_driver.o
 .debug_abbrev  0x0000000000000c70      0x21e Src/adc_dma_read_IT.o
 .debug_abbrev  0x0000000000000e8e      0x1bb Src/sysmem.o
 .debug_abbrev  0x0000000000001049       0x12 Startup/startup_stm32f446retx.o

.debug_aranges  0x0000000000000000      0x300
 .debug_aranges
                0x0000000000000000       0x80 Drivers/Src/stm32f446xx_adc_driver.o
 .debug_aranges
                0x0000000000000080       0x80 Drivers/Src/stm32f446xx_dma_driver.o
 .debug_aranges
                0x0000000000000100       0x78 Drivers/Src/stm32f446xx_gpio_driver.o
 .debug_aranges
                0x0000000000000178       0x30 Drivers/Src/stm32f446xx_rcc_driver.o
 .debug_aranges
                0x00000000000001a8       0xa8 Drivers/Src/stm32f446xx_usart_driver.o
 .debug_aranges
                0x0000000000000250       0x68 Src/adc_dma_read_IT.o
 .debug_aranges
                0x00000000000002b8       0x20 Src/sysmem.o
 .debug_aranges
                0x00000000000002d8       0x28 Startup/startup_stm32f446retx.o

.debug_ranges   0x0000000000000000      0x288
 .debug_ranges  0x0000000000000000       0x70 Drivers/Src/stm32f446xx_adc_driver.o
 .debug_ranges  0x0000000000000070       0x70 Drivers/Src/stm32f446xx_dma_driver.o
 .debug_ranges  0x00000000000000e0       0x68 Drivers/Src/stm32f446xx_gpio_driver.o
 .debug_ranges  0x0000000000000148       0x20 Drivers/Src/stm32f446xx_rcc_driver.o
 .debug_ranges  0x0000000000000168       0x98 Drivers/Src/stm32f446xx_usart_driver.o
 .debug_ranges  0x0000000000000200       0x58 Src/adc_dma_read_IT.o
 .debug_ranges  0x0000000000000258       0x10 Src/sysmem.o
 .debug_ranges  0x0000000000000268       0x20 Startup/startup_stm32f446retx.o

.debug_macro    0x0000000000000000     0x440a
 .debug_macro   0x0000000000000000      0x26d Drivers/Src/stm32f446xx_adc_driver.o
 .debug_macro   0x000000000000026d      0xa60 Drivers/Src/stm32f446xx_adc_driver.o
 .debug_macro   0x0000000000000ccd       0x22 Drivers/Src/stm32f446xx_adc_driver.o
 .debug_macro   0x0000000000000cef       0x40 Drivers/Src/stm32f446xx_adc_driver.o
 .debug_macro   0x0000000000000d2f       0x18 Drivers/Src/stm32f446xx_adc_driver.o
 .debug_macro   0x0000000000000d47       0x94 Drivers/Src/stm32f446xx_adc_driver.o
 .debug_macro   0x0000000000000ddb       0x3c Drivers/Src/stm32f446xx_adc_driver.o
 .debug_macro   0x0000000000000e17       0x34 Drivers/Src/stm32f446xx_adc_driver.o
 .debug_macro   0x0000000000000e4b       0x16 Drivers/Src/stm32f446xx_adc_driver.o
 .debug_macro   0x0000000000000e61       0x57 Drivers/Src/stm32f446xx_adc_driver.o
 .debug_macro   0x0000000000000eb8       0x97 Drivers/Src/stm32f446xx_adc_driver.o
 .debug_macro   0x0000000000000f4f      0x330 Drivers/Src/stm32f446xx_adc_driver.o
 .debug_macro   0x000000000000127f       0xfd Drivers/Src/stm32f446xx_adc_driver.o
 .debug_macro   0x000000000000137c       0x10 Drivers/Src/stm32f446xx_adc_driver.o
 .debug_macro   0x000000000000138c       0x52 Drivers/Src/stm32f446xx_adc_driver.o
 .debug_macro   0x00000000000013de       0x1f Drivers/Src/stm32f446xx_adc_driver.o
 .debug_macro   0x00000000000013fd       0x43 Drivers/Src/stm32f446xx_adc_driver.o
 .debug_macro   0x0000000000001440       0x20 Drivers/Src/stm32f446xx_adc_driver.o
 .debug_macro   0x0000000000001460      0x1a3 Drivers/Src/stm32f446xx_adc_driver.o
 .debug_macro   0x0000000000001603       0x10 Drivers/Src/stm32f446xx_adc_driver.o
 .debug_macro   0x0000000000001613       0x6a Drivers/Src/stm32f446xx_adc_driver.o
 .debug_macro   0x000000000000167d       0x1c Drivers/Src/stm32f446xx_adc_driver.o
 .debug_macro   0x0000000000001699       0x52 Drivers/Src/stm32f446xx_adc_driver.o
 .debug_macro   0x00000000000016eb       0x40 Drivers/Src/stm32f446xx_adc_driver.o
 .debug_macro   0x000000000000172b       0x10 Drivers/Src/stm32f446xx_adc_driver.o
 .debug_macro   0x000000000000173b       0x40 Drivers/Src/stm32f446xx_adc_driver.o
 .debug_macro   0x000000000000177b       0xd7 Drivers/Src/stm32f446xx_adc_driver.o
 .debug_macro   0x0000000000001852       0x1c Drivers/Src/stm32f446xx_adc_driver.o
 .debug_macro   0x000000000000186e       0x3d Drivers/Src/stm32f446xx_adc_driver.o
 .debug_macro   0x00000000000018ab       0x16 Drivers/Src/stm32f446xx_adc_driver.o
 .debug_macro   0x00000000000018c1      0x145 Drivers/Src/stm32f446xx_adc_driver.o
 .debug_macro   0x0000000000001a06       0xef Drivers/Src/stm32f446xx_adc_driver.o
 .debug_macro   0x0000000000001af5      0x1df Drivers/Src/stm32f446xx_adc_driver.o
 .debug_macro   0x0000000000001cd4       0x16 Drivers/Src/stm32f446xx_adc_driver.o
 .debug_macro   0x0000000000001cea       0x35 Drivers/Src/stm32f446xx_adc_driver.o
 .debug_macro   0x0000000000001d1f       0x20 Drivers/Src/stm32f446xx_adc_driver.o
 .debug_macro   0x0000000000001d3f      0x1e1 Drivers/Src/stm32f446xx_adc_driver.o
 .debug_macro   0x0000000000001f20      0x5be Drivers/Src/stm32f446xx_adc_driver.o
 .debug_macro   0x00000000000024de      0x18a Drivers/Src/stm32f446xx_adc_driver.o
 .debug_macro   0x0000000000002668      0x14e Drivers/Src/stm32f446xx_adc_driver.o
 .debug_macro   0x00000000000027b6      0x120 Drivers/Src/stm32f446xx_adc_driver.o
 .debug_macro   0x00000000000028d6      0x1c0 Drivers/Src/stm32f446xx_adc_driver.o
 .debug_macro   0x0000000000002a96       0x28 Drivers/Src/stm32f446xx_adc_driver.o
 .debug_macro   0x0000000000002abe      0x16c Drivers/Src/stm32f446xx_adc_driver.o
 .debug_macro   0x0000000000002c2a      0x253 Drivers/Src/stm32f446xx_adc_driver.o
 .debug_macro   0x0000000000002e7d      0x263 Drivers/Src/stm32f446xx_dma_driver.o
 .debug_macro   0x00000000000030e0      0x259 Drivers/Src/stm32f446xx_dma_driver.o
 .debug_macro   0x0000000000003339      0x26d Drivers/Src/stm32f446xx_gpio_driver.o
 .debug_macro   0x00000000000035a6      0x184 Drivers/Src/stm32f446xx_gpio_driver.o
 .debug_macro   0x000000000000372a      0x26d Drivers/Src/stm32f446xx_rcc_driver.o
 .debug_macro   0x0000000000003997      0x26d Drivers/Src/stm32f446xx_usart_driver.o
 .debug_macro   0x0000000000003c04      0x1ba Drivers/Src/stm32f446xx_usart_driver.o
 .debug_macro   0x0000000000003dbe      0x263 Src/adc_dma_read_IT.o
 .debug_macro   0x0000000000004021      0x1ae Src/sysmem.o
 .debug_macro   0x00000000000041cf      0x23b Src/sysmem.o

.debug_line     0x0000000000000000     0x3897
 .debug_line    0x0000000000000000      0x897 Drivers/Src/stm32f446xx_adc_driver.o
 .debug_line    0x0000000000000897      0x889 Drivers/Src/stm32f446xx_dma_driver.o
 .debug_line    0x0000000000001120      0x8a1 Drivers/Src/stm32f446xx_gpio_driver.o
 .debug_line    0x00000000000019c1      0x741 Drivers/Src/stm32f446xx_rcc_driver.o
 .debug_line    0x0000000000002102      0x9e6 Drivers/Src/stm32f446xx_usart_driver.o
 .debug_line    0x0000000000002ae8      0x7d2 Src/adc_dma_read_IT.o
 .debug_line    0x00000000000032ba      0x559 Src/sysmem.o
 .debug_line    0x0000000000003813       0x84 Startup/startup_stm32f446retx.o

.debug_str      0x0000000000000000     0xd419
 .debug_str     0x0000000000000000     0xc61b Drivers/Src/stm32f446xx_adc_driver.o
                                       0xc8fc (size before relaxing)
 .debug_str     0x000000000000c61b      0x298 Drivers/Src/stm32f446xx_dma_driver.o
                                       0xc98a (size before relaxing)
 .debug_str     0x000000000000c8b3      0x21f Drivers/Src/stm32f446xx_gpio_driver.o
                                       0xc924 (size before relaxing)
 .debug_str     0x000000000000cad2       0xb9 Drivers/Src/stm32f446xx_rcc_driver.o
                                       0xc73d (size before relaxing)
 .debug_str     0x000000000000cb8b      0x2a6 Drivers/Src/stm32f446xx_usart_driver.o
                                       0xc9af (size before relaxing)
 .debug_str     0x000000000000ce31       0xfe Src/adc_dma_read_IT.o
                                       0xc9f4 (size before relaxing)
 .debug_str     0x000000000000cf2f      0x4b9 Src/sysmem.o
                                       0x7ae0 (size before relaxing)
 .debug_str     0x000000000000d3e8       0x31 Startup/startup_stm32f446retx.o
                                         0x7d (size before relaxing)

.comment        0x0000000000000000       0x7b
 .comment       0x0000000000000000       0x7b Drivers/Src/stm32f446xx_adc_driver.o
                                         0x7c (size before relaxing)
 .comment       0x000000000000007b       0x7c Drivers/Src/stm32f446xx_dma_driver.o
 .comment       0x000000000000007b       0x7c Drivers/Src/stm32f446xx_gpio_driver.o
 .comment       0x000000000000007b       0x7c Drivers/Src/stm32f446xx_rcc_driver.o
 .comment       0x000000000000007b       0x7c Drivers/Src/stm32f446xx_usart_driver.o
 .comment       0x000000000000007b       0x7c Src/adc_dma_read_IT.o
 .comment       0x000000000000007b       0x7c Src/sysmem.o

.debug_frame    0x0000000000000000      0xeb0
 .debug_frame   0x0000000000000000      0x1f4 Drivers/Src/stm32f446xx_adc_driver.o
 .debug_frame   0x00000000000001f4      0x200 Drivers/Src/stm32f446xx_dma_driver.o
 .debug_frame   0x00000000000003f4      0x1f0 Drivers/Src/stm32f446xx_gpio_driver.o
 .debug_frame   0x00000000000005e4       0x78 Drivers/Src/stm32f446xx_rcc_driver.o
 .debug_frame   0x000000000000065c      0x2c0 Drivers/Src/stm32f446xx_usart_driver.o
 .debug_frame   0x000000000000091c      0x148 Src/adc_dma_read_IT.o
 .debug_frame   0x0000000000000a64       0x34 Src/sysmem.o
 .debug_frame   0x0000000000000a98       0x20 c:/st/stm32cubeide_1.2.0/stm32cubeide/plugins/com.st.stm32cube.ide.mcu.externaltools.gnu-tools-for-stm32.7-2018-q2-update.win32_1.0.0.201904181610/tools/bin/../lib/gcc/arm-none-eabi/7.3.1/../../../../arm-none-eabi/lib/thumb/v7e-m\libc_nano.a(lib_a-errno.o)
 .debug_frame   0x0000000000000ab8       0x2c c:/st/stm32cubeide_1.2.0/stm32cubeide/plugins/com.st.stm32cube.ide.mcu.externaltools.gnu-tools-for-stm32.7-2018-q2-update.win32_1.0.0.201904181610/tools/bin/../lib/gcc/arm-none-eabi/7.3.1/../../../../arm-none-eabi/lib/thumb/v7e-m\libc_nano.a(lib_a-init.o)
 .debug_frame   0x0000000000000ae4       0x6c c:/st/stm32cubeide_1.2.0/stm32cubeide/plugins/com.st.stm32cube.ide.mcu.externaltools.gnu-tools-for-stm32.7-2018-q2-update.win32_1.0.0.201904181610/tools/bin/../lib/gcc/arm-none-eabi/7.3.1/../../../../arm-none-eabi/lib/thumb/v7e-m\libc_nano.a(lib_a-sprintf.o)
 .debug_frame   0x0000000000000b50       0x90 c:/st/stm32cubeide_1.2.0/stm32cubeide/plugins/com.st.stm32cube.ide.mcu.externaltools.gnu-tools-for-stm32.7-2018-q2-update.win32_1.0.0.201904181610/tools/bin/../lib/gcc/arm-none-eabi/7.3.1/../../../../arm-none-eabi/lib/thumb/v7e-m\libc_nano.a(lib_a-nano-svfprintf.o)
 .debug_frame   0x0000000000000be0       0x60 c:/st/stm32cubeide_1.2.0/stm32cubeide/plugins/com.st.stm32cube.ide.mcu.externaltools.gnu-tools-for-stm32.7-2018-q2-update.win32_1.0.0.201904181610/tools/bin/../lib/gcc/arm-none-eabi/7.3.1/../../../../arm-none-eabi/lib/thumb/v7e-m\libc_nano.a(lib_a-nano-vfprintf_i.o)
 .debug_frame   0x0000000000000c40       0x28 c:/st/stm32cubeide_1.2.0/stm32cubeide/plugins/com.st.stm32cube.ide.mcu.externaltools.gnu-tools-for-stm32.7-2018-q2-update.win32_1.0.0.201904181610/tools/bin/../lib/gcc/arm-none-eabi/7.3.1/../../../../arm-none-eabi/lib/thumb/v7e-m\libc_nano.a(lib_a-memcpy-stub.o)
 .debug_frame   0x0000000000000c68       0x28 c:/st/stm32cubeide_1.2.0/stm32cubeide/plugins/com.st.stm32cube.ide.mcu.externaltools.gnu-tools-for-stm32.7-2018-q2-update.win32_1.0.0.201904181610/tools/bin/../lib/gcc/arm-none-eabi/7.3.1/../../../../arm-none-eabi/lib/thumb/v7e-m\libc_nano.a(lib_a-memmove.o)
 .debug_frame   0x0000000000000c90       0x38 c:/st/stm32cubeide_1.2.0/stm32cubeide/plugins/com.st.stm32cube.ide.mcu.externaltools.gnu-tools-for-stm32.7-2018-q2-update.win32_1.0.0.201904181610/tools/bin/../lib/gcc/arm-none-eabi/7.3.1/../../../../arm-none-eabi/lib/thumb/v7e-m\libc_nano.a(lib_a-nano-freer.o)
 .debug_frame   0x0000000000000cc8       0x2c c:/st/stm32cubeide_1.2.0/stm32cubeide/plugins/com.st.stm32cube.ide.mcu.externaltools.gnu-tools-for-stm32.7-2018-q2-update.win32_1.0.0.201904181610/tools/bin/../lib/gcc/arm-none-eabi/7.3.1/../../../../arm-none-eabi/lib/thumb/v7e-m\libc_nano.a(lib_a-nano-mallocr.o)
 .debug_frame   0x0000000000000cf4       0x3c c:/st/stm32cubeide_1.2.0/stm32cubeide/plugins/com.st.stm32cube.ide.mcu.externaltools.gnu-tools-for-stm32.7-2018-q2-update.win32_1.0.0.201904181610/tools/bin/../lib/gcc/arm-none-eabi/7.3.1/../../../../arm-none-eabi/lib/thumb/v7e-m\libc_nano.a(lib_a-nano-reallocr.o)
 .debug_frame   0x0000000000000d30       0x2c c:/st/stm32cubeide_1.2.0/stm32cubeide/plugins/com.st.stm32cube.ide.mcu.externaltools.gnu-tools-for-stm32.7-2018-q2-update.win32_1.0.0.201904181610/tools/bin/../lib/gcc/arm-none-eabi/7.3.1/../../../../arm-none-eabi/lib/thumb/v7e-m\libc_nano.a(lib_a-sbrkr.o)
 .debug_frame   0x0000000000000d5c       0x30 c:/st/stm32cubeide_1.2.0/stm32cubeide/plugins/com.st.stm32cube.ide.mcu.externaltools.gnu-tools-for-stm32.7-2018-q2-update.win32_1.0.0.201904181610/tools/bin/../lib/gcc/arm-none-eabi/7.3.1/../../../../arm-none-eabi/lib/thumb/v7e-m\libc_nano.a(lib_a-mlock.o)
 .debug_frame   0x0000000000000d8c       0x20 c:/st/stm32cubeide_1.2.0/stm32cubeide/plugins/com.st.stm32cube.ide.mcu.externaltools.gnu-tools-for-stm32.7-2018-q2-update.win32_1.0.0.201904181610/tools/bin/../lib/gcc/arm-none-eabi/7.3.1/../../../../arm-none-eabi/lib/thumb/v7e-m\libc_nano.a(lib_a-nano-msizer.o)
 .debug_frame   0x0000000000000dac       0x5c c:/st/stm32cubeide_1.2.0/stm32cubeide/plugins/com.st.stm32cube.ide.mcu.externaltools.gnu-tools-for-stm32.7-2018-q2-update.win32_1.0.0.201904181610/tools/bin/../lib/gcc/arm-none-eabi/7.3.1/../../../../arm-none-eabi/lib/thumb/v7e-m\libc_nano.a(lib_a-reent.o)
 .debug_frame   0x0000000000000e08       0x4c c:/st/stm32cubeide_1.2.0/stm32cubeide/plugins/com.st.stm32cube.ide.mcu.externaltools.gnu-tools-for-stm32.7-2018-q2-update.win32_1.0.0.201904181610/tools/bin/../lib/gcc/arm-none-eabi/7.3.1/thumb/v7e-m\libgcc.a(_arm_addsubsf3.o)
 .debug_frame   0x0000000000000e54       0x38 c:/st/stm32cubeide_1.2.0/stm32cubeide/plugins/com.st.stm32cube.ide.mcu.externaltools.gnu-tools-for-stm32.7-2018-q2-update.win32_1.0.0.201904181610/tools/bin/../lib/gcc/arm-none-eabi/7.3.1/thumb/v7e-m\libgcc.a(_arm_muldivsf3.o)
 .debug_frame   0x0000000000000e8c       0x24 c:/st/stm32cubeide_1.2.0/stm32cubeide/plugins/com.st.stm32cube.ide.mcu.externaltools.gnu-tools-for-stm32.7-2018-q2-update.win32_1.0.0.201904181610/tools/bin/../lib/gcc/arm-none-eabi/7.3.1/thumb/v7e-m\libgcc.a(_arm_fixunssfsi.o)
