Archive member included to satisfy reference by file (symbol)

c:/st/stm32cubeide_1.2.0/stm32cubeide/plugins/com.st.stm32cube.ide.mcu.externaltools.gnu-tools-for-stm32.7-2018-q2-update.win32_1.0.0.201904181610/tools/bin/../lib/gcc/arm-none-eabi/7.3.1/../../../../arm-none-eabi/lib/thumb/v7e-m\libc_nano.a(lib_a-errno.o)
                              Src/syscalls.o (__errno)
c:/st/stm32cubeide_1.2.0/stm32cubeide/plugins/com.st.stm32cube.ide.mcu.externaltools.gnu-tools-for-stm32.7-2018-q2-update.win32_1.0.0.201904181610/tools/bin/../lib/gcc/arm-none-eabi/7.3.1/../../../../arm-none-eabi/lib/thumb/v7e-m\libc_nano.a(lib_a-exit.o)
                              c:/st/stm32cubeide_1.2.0/stm32cubeide/plugins/com.st.stm32cube.ide.mcu.externaltools.gnu-tools-for-stm32.7-2018-q2-update.win32_1.0.0.201904181610/tools/bin/../lib/gcc/arm-none-eabi/7.3.1/../../../../arm-none-eabi/lib/thumb/v7e-m/crt0.o (exit)
c:/st/stm32cubeide_1.2.0/stm32cubeide/plugins/com.st.stm32cube.ide.mcu.externaltools.gnu-tools-for-stm32.7-2018-q2-update.win32_1.0.0.201904181610/tools/bin/../lib/gcc/arm-none-eabi/7.3.1/../../../../arm-none-eabi/lib/thumb/v7e-m\libc_nano.a(lib_a-impure.o)
                              c:/st/stm32cubeide_1.2.0/stm32cubeide/plugins/com.st.stm32cube.ide.mcu.externaltools.gnu-tools-for-stm32.7-2018-q2-update.win32_1.0.0.201904181610/tools/bin/../lib/gcc/arm-none-eabi/7.3.1/../../../../arm-none-eabi/lib/thumb/v7e-m\libc_nano.a(lib_a-exit.o) (_global_impure_ptr)
c:/st/stm32cubeide_1.2.0/stm32cubeide/plugins/com.st.stm32cube.ide.mcu.externaltools.gnu-tools-for-stm32.7-2018-q2-update.win32_1.0.0.201904181610/tools/bin/../lib/gcc/arm-none-eabi/7.3.1/../../../../arm-none-eabi/lib/thumb/v7e-m\libc_nano.a(lib_a-init.o)
                              c:/st/stm32cubeide_1.2.0/stm32cubeide/plugins/com.st.stm32cube.ide.mcu.externaltools.gnu-tools-for-stm32.7-2018-q2-update.win32_1.0.0.201904181610/tools/bin/../lib/gcc/arm-none-eabi/7.3.1/../../../../arm-none-eabi/lib/thumb/v7e-m/crt0.o (__libc_init_array)
c:/st/stm32cubeide_1.2.0/stm32cubeide/plugins/com.st.stm32cube.ide.mcu.externaltools.gnu-tools-for-stm32.7-2018-q2-update.win32_1.0.0.201904181610/tools/bin/../lib/gcc/arm-none-eabi/7.3.1/../../../../arm-none-eabi/lib/thumb/v7e-m\libc_nano.a(lib_a-memset.o)
                              c:/st/stm32cubeide_1.2.0/stm32cubeide/plugins/com.st.stm32cube.ide.mcu.externaltools.gnu-tools-for-stm32.7-2018-q2-update.win32_1.0.0.201904181610/tools/bin/../lib/gcc/arm-none-eabi/7.3.1/../../../../arm-none-eabi/lib/thumb/v7e-m/crt0.o (memset)
c:/st/stm32cubeide_1.2.0/stm32cubeide/plugins/com.st.stm32cube.ide.mcu.externaltools.gnu-tools-for-stm32.7-2018-q2-update.win32_1.0.0.201904181610/tools/bin/../lib/gcc/arm-none-eabi/7.3.1/thumb/v7e-m\libgcc.a(_arm_addsubsf3.o)
                              Drivers/Src/stm32f446xx_usart_driver.o (__aeabi_fsub)
c:/st/stm32cubeide_1.2.0/stm32cubeide/plugins/com.st.stm32cube.ide.mcu.externaltools.gnu-tools-for-stm32.7-2018-q2-update.win32_1.0.0.201904181610/tools/bin/../lib/gcc/arm-none-eabi/7.3.1/thumb/v7e-m\libgcc.a(_arm_muldivsf3.o)
                              Drivers/Src/stm32f446xx_usart_driver.o (__aeabi_fmul)
c:/st/stm32cubeide_1.2.0/stm32cubeide/plugins/com.st.stm32cube.ide.mcu.externaltools.gnu-tools-for-stm32.7-2018-q2-update.win32_1.0.0.201904181610/tools/bin/../lib/gcc/arm-none-eabi/7.3.1/thumb/v7e-m\libgcc.a(_arm_fixunssfsi.o)
                              Drivers/Src/stm32f446xx_usart_driver.o (__aeabi_f2uiz)

Allocating common symbols
Common symbol       size              file

Adc_Input           0xc               Src/adc_read.o
Usart_Handle        0x28              Src/adc_read.o
value               0x2               Src/adc_read.o

Discarded input sections

 .text          0x0000000000000000        0x0 c:/st/stm32cubeide_1.2.0/stm32cubeide/plugins/com.st.stm32cube.ide.mcu.externaltools.gnu-tools-for-stm32.7-2018-q2-update.win32_1.0.0.201904181610/tools/bin/../lib/gcc/arm-none-eabi/7.3.1/thumb/v7e-m/crti.o
 .data          0x0000000000000000        0x0 c:/st/stm32cubeide_1.2.0/stm32cubeide/plugins/com.st.stm32cube.ide.mcu.externaltools.gnu-tools-for-stm32.7-2018-q2-update.win32_1.0.0.201904181610/tools/bin/../lib/gcc/arm-none-eabi/7.3.1/thumb/v7e-m/crti.o
 .bss           0x0000000000000000        0x0 c:/st/stm32cubeide_1.2.0/stm32cubeide/plugins/com.st.stm32cube.ide.mcu.externaltools.gnu-tools-for-stm32.7-2018-q2-update.win32_1.0.0.201904181610/tools/bin/../lib/gcc/arm-none-eabi/7.3.1/thumb/v7e-m/crti.o
 .data          0x0000000000000000        0x4 c:/st/stm32cubeide_1.2.0/stm32cubeide/plugins/com.st.stm32cube.ide.mcu.externaltools.gnu-tools-for-stm32.7-2018-q2-update.win32_1.0.0.201904181610/tools/bin/../lib/gcc/arm-none-eabi/7.3.1/thumb/v7e-m/crtbegin.o
[...]
Memory Configuration

Name             Origin             Length             Attributes
RAM              0x0000000020000000 0x0000000000020000 xrw
ROM              0x0000000008000000 0x0000000000080000 xr
*default*        0x0000000000000000 0xffffffffffffffff

Linker script and memory map

LOAD c:/st/stm32cubeide_1.2.0/stm32cubeide/plugins/com.st.stm32cube.ide.mcu.externaltools.gnu-tools-for-stm32.7-2018-q2-update.win32_1.0.0.201904181610/tools/bin/../lib/gcc/arm-none-eabi/7.3.1/thumb/v7e-m/crti.o
LOAD c:/st/stm32cubeide_1.2.0/stm32cubeide/plugins/com.st.stm32cube.ide.mcu.externaltools.gnu-tools-for-stm32.7-2018-q2-update.win32_1.0.0.201904181610/tools/bin/../lib/gcc/arm-none-eabi/7.3.1/thumb/v7e-m/crtbegin.o
LOAD c:/st/stm32cubeide_1.2.0/stm32cubeide/plugins/com.st.stm32cube.ide.mcu.externaltools.gnu-tools-for-stm32.7-2018-q2-update.win32_1.0.0.201904181610/tools/bin/../lib/gcc/arm-none-eabi/7.3.1/../../../../arm-none-eabi/lib/thumb/v7e-m/crt0.o
LOAD Drivers/Src/stm32f446xx_adc_driver.o
LOAD Drivers/Src/stm32f446xx_gpio_driver.o
LOAD Drivers/Src/stm32f446xx_i2c_driver.o
LOAD Drivers/Src/stm32f446xx_rcc_driver.o
LOAD Drivers/Src/stm32f446xx_spi_driver.o
LOAD Drivers/Src/stm32f446xx_systck_driver.o
LOAD Drivers/Src/stm32f446xx_usart_driver.o
LOAD Src/adc_read.o
LOAD Src/syscalls.o
LOAD Src/sysmem.o
LOAD Startup/startup_stm32f446retx.o
START GROUP
LOAD c:/st/stm32cubeide_1.2.0/stm32cubeide/plugins/com.st.stm32cube.ide.mcu.externaltools.gnu-tools-for-stm32.7-2018-q2-update.win32_1.0.0.201904181610/tools/bin/../lib/gcc/arm-none-eabi/7.3.1/../../../../arm-none-eabi/lib/thumb/v7e-m\libc_nano.a
LOAD c:/st/stm32cubeide_1.2.0/stm32cubeide/plugins/com.st.stm32cube.ide.mcu.externaltools.gnu-tools-for-stm32.7-2018-q2-update.win32_1.0.0.201904181610/tools/bin/../lib/gcc/arm-none-eabi/7.3.1/../../../../arm-none-eabi/lib/thumb/v7e-m\libm.a
END GROUP
START GROUP
LOAD c:/st/stm32cubeide_1.2.0/stm32cubeide/plugins/com.st.stm32cube.ide.mcu.externaltools.gnu-tools-for-stm32.7-2018-q2-update.win32_1.0.0.201904181610/tools/bin/../lib/gcc/arm-none-eabi/7.3.1/thumb/v7e-m\libgcc.a
LOAD c:/st/stm32cubeide_1.2.0/stm32cubeide/plugins/com.st.stm32cube.ide.mcu.externaltools.gnu-tools-for-stm32.7-2018-q2-update.win32_1.0.0.201904181610/tools/bin/../lib/gcc/arm-none-eabi/7.3.1/../../../../arm-none-eabi/lib/thumb/v7e-m\libc_nano.a
END GROUP
START GROUP
LOAD c:/st/stm32cubeide_1.2.0/stm32cubeide/plugins/com.st.stm32cube.ide.mcu.externaltools.gnu-tools-for-stm32.7-2018-q2-update.win32_1.0.0.201904181610/tools/bin/../lib/gcc/arm-none-eabi/7.3.1/thumb/v7e-m\libgcc.a
LOAD c:/st/stm32cubeide_1.2.0/stm32cubeide/plugins/com.st.stm32cube.ide.mcu.externaltools.gnu-tools-for-stm32.7-2018-q2-update.win32_1.0.0.201904181610/tools/bin/../lib/gcc/arm-none-eabi/7.3.1/../../../../arm-none-eabi/lib/thumb/v7e-m\libc_nano.a
LOAD c:/st/stm32cubeide_1.2.0/stm32cubeide/plugins/com.st.stm32cube.ide.mcu.externaltools.gnu-tools-for-stm32.7-2018-q2-update.win32_1.0.0.201904181610/tools/bin/../lib/gcc/arm-none-eabi/7.3.1/../../../../arm-none-eabi/lib/thumb/v7e-m\libnosys.a
END GROUP
START GROUP
LOAD c:/st/stm32cubeide_1.2.0/stm32cubeide/plugins/com.st.stm32cube.ide.mcu.externaltools.gnu-tools-for-stm32.7-2018-q2-update.win32_1.0.0.201904181610/tools/bin/../lib/gcc/arm-none-eabi/7.3.1/thumb/v7e-m\libgcc.a
LOAD c:/st/stm32cubeide_1.2.0/stm32cubeide/plugins/com.st.stm32cube.ide.mcu.externaltools.gnu-tools-for-stm32.7-2018-q2-update.win32_1.0.0.201904181610/tools/bin/../lib/gcc/arm-none-eabi/7.3.1/../../../../arm-none-eabi/lib/thumb/v7e-m\libc_nano.a
LOAD c:/st/stm32cubeide_1.2.0/stm32cubeide/plugins/com.st.stm32cube.ide.mcu.externaltools.gnu-tools-for-stm32.7-2018-q2-update.win32_1.0.0.201904181610/tools/bin/../lib/gcc/arm-none-eabi/7.3.1/../../../../arm-none-eabi/lib/thumb/v7e-m\libnosys.a
END GROUP
LOAD c:/st/stm32cubeide_1.2.0/stm32cubeide/plugins/com.st.stm32cube.ide.mcu.externaltools.gnu-tools-for-stm32.7-2018-q2-update.win32_1.0.0.201904181610/tools/bin/../lib/gcc/arm-none-eabi/7.3.1/thumb/v7e-m/crtend.o
LOAD c:/st/stm32cubeide_1.2.0/stm32cubeide/plugins/com.st.stm32cube.ide.mcu.externaltools.gnu-tools-for-stm32.7-2018-q2-update.win32_1.0.0.201904181610/tools/bin/../lib/gcc/arm-none-eabi/7.3.1/thumb/v7e-m/crtn.o
                0x0000000020020000                _estack = (ORIGIN (RAM) + LENGTH (RAM))
                0x0000000000000200                _Min_Heap_Size = 0x200
                0x0000000000000400                _Min_Stack_Size = 0x400

.isr_vector     0x0000000008000000      0x1c4
                0x0000000008000000                . = ALIGN (0x4)
 *(.isr_vector)
 .isr_vector    0x0000000008000000      0x1c4 Startup/startup_stm32f446retx.o
                0x0000000008000000                g_pfnVectors
                0x00000000080001c4                . = ALIGN (0x4)

.text           0x00000000080001c4      0xb90
                0x00000000080001c4                . = ALIGN (0x4)
 *(.text)
 .text          0x00000000080001c4       0x40 c:/st/stm32cubeide_1.2.0/stm32cubeide/plugins/com.st.stm32cube.ide.mcu.externaltools.gnu-tools-for-stm32.7-2018-q2-update.win32_1.0.0.201904181610/tools/bin/../lib/gcc/arm-none-eabi/7.3.1/thumb/v7e-m/crtbegin.o
 *(.text*)
 .text.ADC_PeriClockControl
                0x0000000008000204       0xb0 Drivers/Src/stm32f446xx_adc_driver.o
                0x0000000008000204                ADC_PeriClockControl
 .text.ADC_Init
                0x00000000080002b4       0x60 Drivers/Src/stm32f446xx_adc_driver.o
                0x00000000080002b4                ADC_Init
 .text.ADC_Read_Channel
                0x0000000008000314       0xa8 Drivers/Src/stm32f446xx_adc_driver.o
                0x0000000008000314                ADC_Read_Channel
 .text.ADC_GetFlagStatus
                0x00000000080003bc       0x22 Drivers/Src/stm32f446xx_adc_driver.o
                0x00000000080003bc                ADC_GetFlagStatus
 *fill*         0x00000000080003de        0x2 
 .text.ADC_IRQConfig
                0x00000000080003e0       0x7c Drivers/Src/stm32f446xx_adc_driver.o
                0x00000000080003e0                ADC_IRQConfig
 .text.ADC_EV_IRQHandling
                0x000000000800045c       0xd2 Drivers/Src/stm32f446xx_adc_driver.o
                0x000000000800045c                ADC_EV_IRQHandling
 .text.ADC_Read_IT_Handle
                0x000000000800052e       0x26 Drivers/Src/stm32f446xx_adc_driver.o
 .text.GPIO_PortCode
                0x0000000008000554       0x94 Drivers/Src/stm32f446xx_gpio_driver.o
                0x0000000008000554                GPIO_PortCode
 .text.GPIO_PeriClockControl
                0x00000000080005e8      0x1a0 Drivers/Src/stm32f446xx_gpio_driver.o
                0x00000000080005e8                GPIO_PeriClockControl
 .text.GPIO_Init
                0x0000000008000788      0x2ac Drivers/Src/stm32f446xx_gpio_driver.o
                0x0000000008000788                GPIO_Init
 .text.USART_GetFlagStatus
                0x0000000008000a34       0x22 Drivers/Src/stm32f446xx_usart_driver.o
                0x0000000008000a34                USART_GetFlagStatus
 .text.USART_ClearFlag
                0x0000000008000a56       0xcc Drivers/Src/stm32f446xx_usart_driver.o
                0x0000000008000a56                USART_ClearFlag
 .text.USART_Write
                0x0000000008000b22       0xb0 Drivers/Src/stm32f446xx_usart_driver.o
                0x0000000008000b22                USART_Write
 *fill*         0x0000000008000bd2        0x2 
 .text.GPIO_AI_Init
                0x0000000008000bd4       0x34 Src/adc_read.o
                0x0000000008000bd4                GPIO_AI_Init
 .text.ADC1_In_Init
                0x0000000008000c08       0x30 Src/adc_read.o
                0x0000000008000c08                ADC1_In_Init
 .text.ADC_IRQHandler
                0x0000000008000c38       0x14 Src/adc_read.o
                0x0000000008000c38                ADC_IRQHandler
 .text.main     0x0000000008000c4c       0x28 Src/adc_read.o
                0x0000000008000c4c                main
 .text.ADC_ApplicationCallbackEvent
                0x0000000008000c74       0x2c Src/adc_read.o
                0x0000000008000c74                ADC_ApplicationCallbackEvent
 .text.Reset_Handler
                0x0000000008000ca0       0x50 Startup/startup_stm32f446retx.o
                0x0000000008000ca0                Reset_Handler
 .text.Default_Handler
                0x0000000008000cf0        0x2 Startup/startup_stm32f446retx.o
                0x0000000008000cf0                RTC_Alarm_IRQHandler
                0x0000000008000cf0                EXTI2_IRQHandler
                0x0000000008000cf0                TIM8_CC_IRQHandler
                0x0000000008000cf0                SPDIF_Rx_IRQHandler
                0x0000000008000cf0                DebugMon_Handler
                0x0000000008000cf0                SPI4_IRQHandler
                0x0000000008000cf0                TIM1_CC_IRQHandler
                0x0000000008000cf0                QuadSPI_IRQHandler
                0x0000000008000cf0                DMA2_Stream5_IRQHandler
                0x0000000008000cf0                HardFault_Handler
                0x0000000008000cf0                DMA1_Stream5_IRQHandler
                0x0000000008000cf0                SysTick_Handler
                0x0000000008000cf0                PVD_IRQHandler
                0x0000000008000cf0                SDIO_IRQHandler
                0x0000000008000cf0                TAMP_STAMP_IRQHandler
                0x0000000008000cf0                PendSV_Handler
                0x0000000008000cf0                NMI_Handler
                0x0000000008000cf0                CAN2_RX1_IRQHandler
                0x0000000008000cf0                EXTI3_IRQHandler
                0x0000000008000cf0                TIM8_TRG_COM_TIM14_IRQHandler
                0x0000000008000cf0                TIM1_UP_TIM10_IRQHandler
                0x0000000008000cf0                FMPI2C1_error_IRQHandler
                0x0000000008000cf0                TIM8_UP_TIM13_IRQHandler
                0x0000000008000cf0                I2C3_ER_IRQHandler
                0x0000000008000cf0                EXTI0_IRQHandler
                0x0000000008000cf0                I2C2_EV_IRQHandler
                0x0000000008000cf0                DMA1_Stream2_IRQHandler
                0x0000000008000cf0                CAN1_RX0_IRQHandler
                0x0000000008000cf0                FPU_IRQHandler
                0x0000000008000cf0                OTG_HS_WKUP_IRQHandler
                0x0000000008000cf0                UsageFault_Handler
                0x0000000008000cf0                CAN2_SCE_IRQHandler
                0x0000000008000cf0                DMA2_Stream2_IRQHandler
                0x0000000008000cf0                SPI1_IRQHandler
                0x0000000008000cf0                TIM6_DAC_IRQHandler
                0x0000000008000cf0                TIM1_BRK_TIM9_IRQHandler
                0x0000000008000cf0                DCMI_IRQHandler
                0x0000000008000cf0                CAN2_RX0_IRQHandler
                0x0000000008000cf0                DMA2_Stream3_IRQHandler
                0x0000000008000cf0                FMPI2C1_IRQHandler
                0x0000000008000cf0                SAI2_IRQHandler
                0x0000000008000cf0                USART6_IRQHandler
                0x0000000008000cf0                USART3_IRQHandler
                0x0000000008000cf0                CAN1_RX1_IRQHandler
                0x0000000008000cf0                UART5_IRQHandler
                0x0000000008000cf0                DMA2_Stream0_IRQHandler
                0x0000000008000cf0                TIM4_IRQHandler
                0x0000000008000cf0                I2C1_EV_IRQHandler
                0x0000000008000cf0                HDMI_CEC_IRQHandler
                0x0000000008000cf0                DMA1_Stream6_IRQHandler
                0x0000000008000cf0                DMA1_Stream1_IRQHandler
                0x0000000008000cf0                UART4_IRQHandler
                0x0000000008000cf0                TIM3_IRQHandler
                0x0000000008000cf0                RCC_IRQHandler
                0x0000000008000cf0                TIM8_BRK_TIM12_IRQHandler
                0x0000000008000cf0                Default_Handler
                0x0000000008000cf0                EXTI15_10_IRQHandler
                0x0000000008000cf0                DMA1_Stream7_IRQHandler
                0x0000000008000cf0                TIM7_IRQHandler
                0x0000000008000cf0                CAN2_TX_IRQHandler
                0x0000000008000cf0                TIM5_IRQHandler
                0x0000000008000cf0                DMA2_Stream7_IRQHandler
                0x0000000008000cf0                I2C3_EV_IRQHandler
                0x0000000008000cf0                EXTI9_5_IRQHandler
                0x0000000008000cf0                RTC_WKUP_IRQHandler
                0x0000000008000cf0                SPI2_IRQHandler
                0x0000000008000cf0                OTG_HS_EP1_IN_IRQHandler
                0x0000000008000cf0                MemManage_Handler
                0x0000000008000cf0                DMA1_Stream0_IRQHandler
                0x0000000008000cf0                CAN1_TX_IRQHandler
                0x0000000008000cf0                SVC_Handler
                0x0000000008000cf0                EXTI4_IRQHandler
                0x0000000008000cf0                OTG_HS_EP1_OUT_IRQHandler
                0x0000000008000cf0                WWDG_IRQHandler
                0x0000000008000cf0                TIM2_IRQHandler
                0x0000000008000cf0                OTG_FS_WKUP_IRQHandler
                0x0000000008000cf0                TIM1_TRG_COM_TIM11_IRQHandler
                0x0000000008000cf0                OTG_HS_IRQHandler
                0x0000000008000cf0                EXTI1_IRQHandler
                0x0000000008000cf0                USART2_IRQHandler
                0x0000000008000cf0                I2C2_ER_IRQHandler
                0x0000000008000cf0                DMA2_Stream1_IRQHandler
                0x0000000008000cf0                CAN1_SCE_IRQHandler
                0x0000000008000cf0                FLASH_IRQHandler
                0x0000000008000cf0                DMA2_Stream4_IRQHandler
                0x0000000008000cf0                BusFault_Handler
                0x0000000008000cf0                USART1_IRQHandler
                0x0000000008000cf0                OTG_FS_IRQHandler
                0x0000000008000cf0                SPI3_IRQHandler
                0x0000000008000cf0                DMA1_Stream4_IRQHandler
                0x0000000008000cf0                I2C1_ER_IRQHandler
                0x0000000008000cf0                FMC_IRQHandler
                0x0000000008000cf0                DMA2_Stream6_IRQHandler
                0x0000000008000cf0                SAI1_IRQHandler
                0x0000000008000cf0                DMA1_Stream3_IRQHandler
 *fill*         0x0000000008000cf2        0x2 
 .text.__libc_init_array
                0x0000000008000cf4       0x48 c:/st/stm32cubeide_1.2.0/stm32cubeide/plugins/com.st.stm32cube.ide.mcu.externaltools.gnu-tools-for-stm32.7-2018-q2-update.win32_1.0.0.201904181610/tools/bin/../lib/gcc/arm-none-eabi/7.3.1/../../../../arm-none-eabi/lib/thumb/v7e-m\libc_nano.a(lib_a-init.o)
                0x0000000008000cf4                __libc_init_array
 *(.glue_7)
 .glue_7        0x0000000008000d3c        0x0 linker stubs
 *(.glue_7t)
 .glue_7t       0x0000000008000d3c        0x0 linker stubs
 *(.eh_frame)
 .eh_frame      0x0000000008000d3c        0x0 c:/st/stm32cubeide_1.2.0/stm32cubeide/plugins/com.st.stm32cube.ide.mcu.externaltools.gnu-tools-for-stm32.7-2018-q2-update.win32_1.0.0.201904181610/tools/bin/../lib/gcc/arm-none-eabi/7.3.1/thumb/v7e-m/crtbegin.o
 *(.init)
 .init          0x0000000008000d3c        0x4 c:/st/stm32cubeide_1.2.0/stm32cubeide/plugins/com.st.stm32cube.ide.mcu.externaltools.gnu-tools-for-stm32.7-2018-q2-update.win32_1.0.0.201904181610/tools/bin/../lib/gcc/arm-none-eabi/7.3.1/thumb/v7e-m/crti.o
                0x0000000008000d3c                _init
 .init          0x0000000008000d40        0x8 c:/st/stm32cubeide_1.2.0/stm32cubeide/plugins/com.st.stm32cube.ide.mcu.externaltools.gnu-tools-for-stm32.7-2018-q2-update.win32_1.0.0.201904181610/tools/bin/../lib/gcc/arm-none-eabi/7.3.1/thumb/v7e-m/crtn.o
 *(.fini)
 .fini          0x0000000008000d48        0x4 c:/st/stm32cubeide_1.2.0/stm32cubeide/plugins/com.st.stm32cube.ide.mcu.externaltools.gnu-tools-for-stm32.7-2018-q2-update.win32_1.0.0.201904181610/tools/bin/../lib/gcc/arm-none-eabi/7.3.1/thumb/v7e-m/crti.o
                0x0000000008000d48                _fini
 .fini          0x0000000008000d4c        0x8 c:/st/stm32cubeide_1.2.0/stm32cubeide/plugins/com.st.stm32cube.ide.mcu.externaltools.gnu-tools-for-stm32.7-2018-q2-update.win32_1.0.0.201904181610/tools/bin/../lib/gcc/arm-none-eabi/7.3.1/thumb/v7e-m/crtn.o
                0x0000000008000d54                . = ALIGN (0x4)
                0x0000000008000d54                _etext = .

.vfp11_veneer   0x0000000008000d54        0x0
 .vfp11_veneer  0x0000000008000d54        0x0 linker stubs

.v4_bx          0x0000000008000d54        0x0
 .v4_bx         0x0000000008000d54        0x0 linker stubs

.iplt           0x0000000008000d54        0x0
 .iplt          0x0000000008000d54        0x0 c:/st/stm32cubeide_1.2.0/stm32cubeide/plugins/com.st.stm32cube.ide.mcu.externaltools.gnu-tools-for-stm32.7-2018-q2-update.win32_1.0.0.201904181610/tools/bin/../lib/gcc/arm-none-eabi/7.3.1/thumb/v7e-m/crtbegin.o

.rel.dyn        0x0000000008000d54        0x0
 .rel.iplt      0x0000000008000d54        0x0 c:/st/stm32cubeide_1.2.0/stm32cubeide/plugins/com.st.stm32cube.ide.mcu.externaltools.gnu-tools-for-stm32.7-2018-q2-update.win32_1.0.0.201904181610/tools/bin/../lib/gcc/arm-none-eabi/7.3.1/thumb/v7e-m/crtbegin.o

.rodata         0x0000000008000d54        0x0
                0x0000000008000d54                . = ALIGN (0x4)
 *(.rodata)
 *(.rodata*)
                0x0000000008000d54                . = ALIGN (0x4)

.ARM.extab      0x0000000008000d54        0x0
                0x0000000008000d54                . = ALIGN (0x4)
 *(.ARM.extab* .gnu.linkonce.armextab.*)
                0x0000000008000d54                . = ALIGN (0x4)

.ARM            0x0000000008000d54        0x0
                0x0000000008000d54                . = ALIGN (0x4)
                0x0000000008000d54                __exidx_start = .
 *(.ARM.exidx*)
                0x0000000008000d54                __exidx_end = .
                0x0000000008000d54                . = ALIGN (0x4)

.preinit_array  0x0000000008000d54        0x0
                0x0000000008000d54                . = ALIGN (0x4)
                0x0000000008000d54                PROVIDE (__preinit_array_start = .)
 *(.preinit_array*)
                0x0000000008000d54                PROVIDE (__preinit_array_end = .)
                0x0000000008000d54                . = ALIGN (0x4)

.init_array     0x0000000008000d54        0x4
                0x0000000008000d54                . = ALIGN (0x4)
                0x0000000008000d54                PROVIDE (__init_array_start = .)
 *(SORT_BY_NAME(.init_array.*))
 *(.init_array*)
 .init_array    0x0000000008000d54        0x4 c:/st/stm32cubeide_1.2.0/stm32cubeide/plugins/com.st.stm32cube.ide.mcu.externaltools.gnu-tools-for-stm32.7-2018-q2-update.win32_1.0.0.201904181610/tools/bin/../lib/gcc/arm-none-eabi/7.3.1/thumb/v7e-m/crtbegin.o
                0x0000000008000d58                PROVIDE (__init_array_end = .)
                0x0000000008000d58                . = ALIGN (0x4)

.fini_array     0x0000000008000d58        0x4
                0x0000000008000d58                . = ALIGN (0x4)
                [!provide]                        PROVIDE (__fini_array_start = .)
 *(SORT_BY_NAME(.fini_array.*))
 *(.fini_array*)
 .fini_array    0x0000000008000d58        0x4 c:/st/stm32cubeide_1.2.0/stm32cubeide/plugins/com.st.stm32cube.ide.mcu.externaltools.gnu-tools-for-stm32.7-2018-q2-update.win32_1.0.0.201904181610/tools/bin/../lib/gcc/arm-none-eabi/7.3.1/thumb/v7e-m/crtbegin.o
                [!provide]                        PROVIDE (__fini_array_end = .)
                0x0000000008000d5c                . = ALIGN (0x4)
                0x0000000008000d5c                _sidata = LOADADDR (.data)

.data           0x0000000020000000        0x0 load address 0x0000000008000d5c
                0x0000000020000000                . = ALIGN (0x4)
                0x0000000020000000                _sdata = .
 *(.data)
 *(.data*)
                0x0000000020000000                . = ALIGN (0x4)
                0x0000000020000000                _edata = .

.igot.plt       0x0000000020000000        0x0 load address 0x0000000008000d5c
 .igot.plt      0x0000000020000000        0x0 c:/st/stm32cubeide_1.2.0/stm32cubeide/plugins/com.st.stm32cube.ide.mcu.externaltools.gnu-tools-for-stm32.7-2018-q2-update.win32_1.0.0.201904181610/tools/bin/../lib/gcc/arm-none-eabi/7.3.1/thumb/v7e-m/crtbegin.o
                0x0000000020000000                . = ALIGN (0x4)

.bss            0x0000000020000000       0x54 load address 0x0000000008000d5c
                0x0000000020000000                _sbss = .
                0x0000000020000000                __bss_start__ = _sbss
 *(.bss)
 .bss           0x0000000020000000       0x1c c:/st/stm32cubeide_1.2.0/stm32cubeide/plugins/com.st.stm32cube.ide.mcu.externaltools.gnu-tools-for-stm32.7-2018-q2-update.win32_1.0.0.201904181610/tools/bin/../lib/gcc/arm-none-eabi/7.3.1/thumb/v7e-m/crtbegin.o
 *(.bss*)
 *(COMMON)
 COMMON         0x000000002000001c       0x36 Src/adc_read.o
                0x000000002000001c                Adc_Input
                0x0000000020000028                Usart_Handle
                0x0000000020000050                value
                0x0000000020000054                . = ALIGN (0x4)
 *fill*         0x0000000020000052        0x2 
                0x0000000020000054                _ebss = .
                0x0000000020000054                __bss_end__ = _ebss

._user_heap_stack
                0x0000000020000054      0x604 load address 0x0000000008000d5c
                0x0000000020000058                . = ALIGN (0x8)
 *fill*         0x0000000020000054        0x4 
                0x0000000020000058                PROVIDE (end = .)
                [!provide]                        PROVIDE (_end = .)
                0x0000000020000258                . = (. + _Min_Heap_Size)
 *fill*         0x0000000020000058      0x200 
                0x0000000020000658                . = (. + _Min_Stack_Size)
 *fill*         0x0000000020000258      0x400 
                0x0000000020000658                . = ALIGN (0x8)

/DISCARD/
 libc.a(*)
 libm.a(*)
 libgcc.a(*)

.ARM.attributes
                0x0000000000000000       0x2a
 *(.ARM.attributes)
 .ARM.attributes
                0x0000000000000000       0x1e c:/st/stm32cubeide_1.2.0/stm32cubeide/plugins/com.st.stm32cube.ide.mcu.externaltools.gnu-tools-for-stm32.7-2018-q2-update.win32_1.0.0.201904181610/tools/bin/../lib/gcc/arm-none-eabi/7.3.1/thumb/v7e-m/crti.o
 .ARM.attributes
                0x000000000000001e       0x2e c:/st/stm32cubeide_1.2.0/stm32cubeide/plugins/com.st.stm32cube.ide.mcu.externaltools.gnu-tools-for-stm32.7-2018-q2-update.win32_1.0.0.201904181610/tools/bin/../lib/gcc/arm-none-eabi/7.3.1/thumb/v7e-m/crtbegin.o
 .ARM.attributes
                0x000000000000004c       0x33 Drivers/Src/stm32f446xx_adc_driver.o
 .ARM.attributes
                0x000000000000007f       0x33 Drivers/Src/stm32f446xx_gpio_driver.o
 .ARM.attributes
                0x00000000000000b2       0x33 Drivers/Src/stm32f446xx_usart_driver.o
 .ARM.attributes
                0x00000000000000e5       0x33 Src/adc_read.o
 .ARM.attributes
                0x0000000000000118       0x21 Startup/startup_stm32f446retx.o
 .ARM.attributes
                0x0000000000000139       0x2e c:/st/stm32cubeide_1.2.0/stm32cubeide/plugins/com.st.stm32cube.ide.mcu.externaltools.gnu-tools-for-stm32.7-2018-q2-update.win32_1.0.0.201904181610/tools/bin/../lib/gcc/arm-none-eabi/7.3.1/../../../../arm-none-eabi/lib/thumb/v7e-m\libc_nano.a(lib_a-init.o)
 .ARM.attributes
                0x0000000000000167       0x1e c:/st/stm32cubeide_1.2.0/stm32cubeide/plugins/com.st.stm32cube.ide.mcu.externaltools.gnu-tools-for-stm32.7-2018-q2-update.win32_1.0.0.201904181610/tools/bin/../lib/gcc/arm-none-eabi/7.3.1/thumb/v7e-m/crtn.o
OUTPUT(stm32f446xx.elf elf32-littlearm)

.debug_info     0x0000000000000000     0x3ded
 .debug_info    0x0000000000000000      0xe96 Drivers/Src/stm32f446xx_adc_driver.o
 .debug_info    0x0000000000000e96     0x1050 Drivers/Src/stm32f446xx_gpio_driver.o
 .debug_info    0x0000000000001ee6     0x1114 Drivers/Src/stm32f446xx_usart_driver.o
 .debug_info    0x0000000000002ffa      0xdd1 Src/adc_read.o
 .debug_info    0x0000000000003dcb       0x22 Startup/startup_stm32f446retx.o

.debug_abbrev   0x0000000000000000      0x977
 .debug_abbrev  0x0000000000000000      0x238 Drivers/Src/stm32f446xx_adc_driver.o
 .debug_abbrev  0x0000000000000238      0x258 Drivers/Src/stm32f446xx_gpio_driver.o
 .debug_abbrev  0x0000000000000490      0x2b7 Drivers/Src/stm32f446xx_usart_driver.o
 .debug_abbrev  0x0000000000000747      0x21e Src/adc_read.o
 .debug_abbrev  0x0000000000000965       0x12 Startup/startup_stm32f446retx.o

.debug_aranges  0x0000000000000000      0x1f8
 .debug_aranges
                0x0000000000000000       0x60 Drivers/Src/stm32f446xx_adc_driver.o
 .debug_aranges
                0x0000000000000060       0x78 Drivers/Src/stm32f446xx_gpio_driver.o
 .debug_aranges
                0x00000000000000d8       0xa8 Drivers/Src/stm32f446xx_usart_driver.o
 .debug_aranges
                0x0000000000000180       0x50 Src/adc_read.o
 .debug_aranges
                0x00000000000001d0       0x28 Startup/startup_stm32f446retx.o

.debug_ranges   0x0000000000000000      0x1b0
 .debug_ranges  0x0000000000000000       0x50 Drivers/Src/stm32f446xx_adc_driver.o
 .debug_ranges  0x0000000000000050       0x68 Drivers/Src/stm32f446xx_gpio_driver.o
 .debug_ranges  0x00000000000000b8       0x98 Drivers/Src/stm32f446xx_usart_driver.o
 .debug_ranges  0x0000000000000150       0x40 Src/adc_read.o
 .debug_ranges  0x0000000000000190       0x20 Startup/startup_stm32f446retx.o

.debug_macro    0x0000000000000000     0x36be
 .debug_macro   0x0000000000000000      0x263 Drivers/Src/stm32f446xx_adc_driver.o
 .debug_macro   0x0000000000000263      0xa60 Drivers/Src/stm32f446xx_adc_driver.o
 .debug_macro   0x0000000000000cc3       0x22 Drivers/Src/stm32f446xx_adc_driver.o
 .debug_macro   0x0000000000000ce5       0x40 Drivers/Src/stm32f446xx_adc_driver.o
 .debug_macro   0x0000000000000d25       0x18 Drivers/Src/stm32f446xx_adc_driver.o
 .debug_macro   0x0000000000000d3d       0x94 Drivers/Src/stm32f446xx_adc_driver.o
 .debug_macro   0x0000000000000dd1       0x3c Drivers/Src/stm32f446xx_adc_driver.o
 .debug_macro   0x0000000000000e0d       0x34 Drivers/Src/stm32f446xx_adc_driver.o
 .debug_macro   0x0000000000000e41       0x16 Drivers/Src/stm32f446xx_adc_driver.o
 .debug_macro   0x0000000000000e57       0x57 Drivers/Src/stm32f446xx_adc_driver.o
 .debug_macro   0x0000000000000eae       0x97 Drivers/Src/stm32f446xx_adc_driver.o
 .debug_macro   0x0000000000000f45      0x330 Drivers/Src/stm32f446xx_adc_driver.o
 .debug_macro   0x0000000000001275       0xfd Drivers/Src/stm32f446xx_adc_driver.o
 .debug_macro   0x0000000000001372       0x10 Drivers/Src/stm32f446xx_adc_driver.o
 .debug_macro   0x0000000000001382       0x52 Drivers/Src/stm32f446xx_adc_driver.o
 .debug_macro   0x00000000000013d4       0x1f Drivers/Src/stm32f446xx_adc_driver.o
 .debug_macro   0x00000000000013f3       0x43 Drivers/Src/stm32f446xx_adc_driver.o
 .debug_macro   0x0000000000001436       0x20 Drivers/Src/stm32f446xx_adc_driver.o
 .debug_macro   0x0000000000001456      0x1a3 Drivers/Src/stm32f446xx_adc_driver.o
 .debug_macro   0x00000000000015f9       0x10 Drivers/Src/stm32f446xx_adc_driver.o
 .debug_macro   0x0000000000001609       0x6a Drivers/Src/stm32f446xx_adc_driver.o
 .debug_macro   0x0000000000001673       0x1c Drivers/Src/stm32f446xx_adc_driver.o
 .debug_macro   0x000000000000168f       0x52 Drivers/Src/stm32f446xx_adc_driver.o
 .debug_macro   0x00000000000016e1       0x40 Drivers/Src/stm32f446xx_adc_driver.o
 .debug_macro   0x0000000000001721       0x10 Drivers/Src/stm32f446xx_adc_driver.o
 .debug_macro   0x0000000000001731       0x40 Drivers/Src/stm32f446xx_adc_driver.o
 .debug_macro   0x0000000000001771       0xd7 Drivers/Src/stm32f446xx_adc_driver.o
 .debug_macro   0x0000000000001848       0x1c Drivers/Src/stm32f446xx_adc_driver.o
 .debug_macro   0x0000000000001864       0x3d Drivers/Src/stm32f446xx_adc_driver.o
 .debug_macro   0x00000000000018a1       0x16 Drivers/Src/stm32f446xx_adc_driver.o
 .debug_macro   0x00000000000018b7      0x145 Drivers/Src/stm32f446xx_adc_driver.o
 .debug_macro   0x00000000000019fc       0xef Drivers/Src/stm32f446xx_adc_driver.o
 .debug_macro   0x0000000000001aeb      0x1df Drivers/Src/stm32f446xx_adc_driver.o
 .debug_macro   0x0000000000001cca       0x16 Drivers/Src/stm32f446xx_adc_driver.o
 .debug_macro   0x0000000000001ce0       0x35 Drivers/Src/stm32f446xx_adc_driver.o
 .debug_macro   0x0000000000001d15       0x20 Drivers/Src/stm32f446xx_adc_driver.o
 .debug_macro   0x0000000000001d35      0x1e1 Drivers/Src/stm32f446xx_adc_driver.o
 .debug_macro   0x0000000000001f16      0x515 Drivers/Src/stm32f446xx_adc_driver.o
 .debug_macro   0x000000000000242b      0x18a Drivers/Src/stm32f446xx_adc_driver.o
 .debug_macro   0x00000000000025b5      0x14e Drivers/Src/stm32f446xx_adc_driver.o
 .debug_macro   0x0000000000002703      0x120 Drivers/Src/stm32f446xx_adc_driver.o
 .debug_macro   0x0000000000002823      0x1c0 Drivers/Src/stm32f446xx_adc_driver.o
 .debug_macro   0x00000000000029e3       0x28 Drivers/Src/stm32f446xx_adc_driver.o
 .debug_macro   0x0000000000002a0b      0x128 Drivers/Src/stm32f446xx_adc_driver.o
 .debug_macro   0x0000000000002b33      0x263 Drivers/Src/stm32f446xx_gpio_driver.o
 .debug_macro   0x0000000000002d96      0x12e Drivers/Src/stm32f446xx_gpio_driver.o
 .debug_macro   0x0000000000002ec4      0x184 Drivers/Src/stm32f446xx_gpio_driver.o
 .debug_macro   0x0000000000003048      0x263 Drivers/Src/stm32f446xx_usart_driver.o
 .debug_macro   0x00000000000032ab      0x1ba Drivers/Src/stm32f446xx_usart_driver.o
 .debug_macro   0x0000000000003465      0x259 Src/adc_read.o

.debug_line     0x0000000000000000     0x21e0
 .debug_line    0x0000000000000000      0x7b4 Drivers/Src/stm32f446xx_adc_driver.o
 .debug_line    0x00000000000007b4      0x885 Drivers/Src/stm32f446xx_gpio_driver.o
 .debug_line    0x0000000000001039      0x9ca Drivers/Src/stm32f446xx_usart_driver.o
 .debug_line    0x0000000000001a03      0x759 Src/adc_read.o
 .debug_line    0x000000000000215c       0x84 Startup/startup_stm32f446retx.o

.debug_str      0x0000000000000000     0xc178
 .debug_str     0x0000000000000000     0xbbb9 Drivers/Src/stm32f446xx_adc_driver.o
                                       0xbe8f (size before relaxing)
 .debug_str     0x000000000000bbb9      0x230 Drivers/Src/stm32f446xx_gpio_driver.o
                                       0xbf56 (size before relaxing)
 .debug_str     0x000000000000bde9      0x2ac Drivers/Src/stm32f446xx_usart_driver.o
                                       0xbfe1 (size before relaxing)
 .debug_str     0x000000000000c095       0xb2 Src/adc_read.o
                                       0xbe75 (size before relaxing)
 .debug_str     0x000000000000c147       0x31 Startup/startup_stm32f446retx.o
                                         0x7d (size before relaxing)

.comment        0x0000000000000000       0x7b
 .comment       0x0000000000000000       0x7b Drivers/Src/stm32f446xx_adc_driver.o
                                         0x7c (size before relaxing)
 .comment       0x000000000000007b       0x7c Drivers/Src/stm32f446xx_gpio_driver.o
 .comment       0x000000000000007b       0x7c Drivers/Src/stm32f446xx_usart_driver.o
 .comment       0x000000000000007b       0x7c Src/adc_read.o

.debug_frame    0x0000000000000000      0x728
 .debug_frame   0x0000000000000000      0x160 Drivers/Src/stm32f446xx_adc_driver.o
 .debug_frame   0x0000000000000160      0x1f0 Drivers/Src/stm32f446xx_gpio_driver.o
 .debug_frame   0x0000000000000350      0x2c0 Drivers/Src/stm32f446xx_usart_driver.o
 .debug_frame   0x0000000000000610       0xec Src/adc_read.o
 .debug_frame   0x00000000000006fc       0x2c c:/st/stm32cubeide_1.2.0/stm32cubeide/plugins/com.st.stm32cube.ide.mcu.externaltools.gnu-tools-for-stm32.7-2018-q2-update.win32_1.0.0.201904181610/tools/bin/../lib/gcc/arm-none-eabi/7.3.1/../../../../arm-none-eabi/lib/thumb/v7e-m\libc_nano.a(lib_a-init.o)
