Archive member included to satisfy reference by file (symbol)

c:/st/stm32cubeide_1.2.0/stm32cubeide/plugins/com.st.stm32cube.ide.mcu.externaltools.gnu-tools-for-stm32.7-2018-q2-update.win32_1.0.0.201904181610/tools/bin/../lib/gcc/arm-none-eabi/7.3.1/../../../../arm-none-eabi/lib/thumb/v7e-m\libc_nano.a(lib_a-errno.o)
                              Src/syscalls.o (__errno)
c:/st/stm32cubeide_1.2.0/stm32cubeide/plugins/com.st.stm32cube.ide.mcu.externaltools.gnu-tools-for-stm32.7-2018-q2-update.win32_1.0.0.201904181610/tools/bin/../lib/gcc/arm-none-eabi/7.3.1/../../../../arm-none-eabi/lib/thumb/v7e-m\libc_nano.a(lib_a-exit.o)
                              c:/st/stm32cubeide_1.2.0/stm32cubeide/plugins/com.st.stm32cube.ide.mcu.externaltools.gnu-tools-for-stm32.7-2018-q2-update.win32_1.0.0.201904181610/tools/bin/../lib/gcc/arm-none-eabi/7.3.1/../../../../arm-none-eabi/lib/thumb/v7e-m/crt0.o (exit)
c:/st/stm32cubeide_1.2.0/stm32cubeide/plugins/com.st.stm32cube.ide.mcu.externaltools.gnu-tools-for-stm32.7-2018-q2-update.win32_1.0.0.201904181610/tools/bin/../lib/gcc/arm-none-eabi/7.3.1/../../../../arm-none-eabi/lib/thumb/v7e-m\libc_nano.a(lib_a-impure.o)
                              c:/st/stm32cubeide_1.2.0/stm32cubeide/plugins/com.st.stm32cube.ide.mcu.externaltools.gnu-tools-for-stm32.7-2018-q2-update.win32_1.0.0.201904181610/tools/bin/../lib/gcc/arm-none-eabi/7.3.1/../../../../arm-none-eabi/lib/thumb/v7e-m\libc_nano.a(lib_a-exit.o) (_global_impure_ptr)
c:/st/stm32cubeide_1.2.0/stm32cubeide/plugins/com.st.stm32cube.ide.mcu.externaltools.gnu-tools-for-stm32.7-2018-q2-update.win32_1.0.0.201904181610/tools/bin/../lib/gcc/arm-none-eabi/7.3.1/../../../../arm-none-eabi/lib/thumb/v7e-m\libc_nano.a(lib_a-init.o)
                              c:/st/stm32cubeide_1.2.0/stm32cubeide/plugins/com.st.stm32cube.ide.mcu.externaltools.gnu-tools-for-stm32.7-2018-q2-update.win32_1.0.0.201904181610/tools/bin/../lib/gcc/arm-none-eabi/7.3.1/../../../../arm-none-eabi/lib/thumb/v7e-m/crt0.o (__libc_init_array)
c:/st/stm32cubeide_1.2.0/stm32cubeide/plugins/com.st.stm32cube.ide.mcu.externaltools.gnu-tools-for-stm32.7-2018-q2-update.win32_1.0.0.201904181610/tools/bin/../lib/gcc/arm-none-eabi/7.3.1/../../../../arm-none-eabi/lib/thumb/v7e-m\libc_nano.a(lib_a-memset.o)
                              c:/st/stm32cubeide_1.2.0/stm32cubeide/plugins/com.st.stm32cube.ide.mcu.externaltools.gnu-tools-for-stm32.7-2018-q2-update.win32_1.0.0.201904181610/tools/bin/../lib/gcc/arm-none-eabi/7.3.1/../../../../arm-none-eabi/lib/thumb/v7e-m/crt0.o (memset)
c:/st/stm32cubeide_1.2.0/stm32cubeide/plugins/com.st.stm32cube.ide.mcu.externaltools.gnu-tools-for-stm32.7-2018-q2-update.win32_1.0.0.201904181610/tools/bin/../lib/gcc/arm-none-eabi/7.3.1/thumb/v7e-m\libgcc.a(_arm_addsubsf3.o)
                              Drivers/Src/stm32f446xx_usart_driver.o (__aeabi_fsub)
c:/st/stm32cubeide_1.2.0/stm32cubeide/plugins/com.st.stm32cube.ide.mcu.externaltools.gnu-tools-for-stm32.7-2018-q2-update.win32_1.0.0.201904181610/tools/bin/../lib/gcc/arm-none-eabi/7.3.1/thumb/v7e-m\libgcc.a(_arm_muldivsf3.o)
                              Drivers/Src/stm32f446xx_usart_driver.o (__aeabi_fmul)
c:/st/stm32cubeide_1.2.0/stm32cubeide/plugins/com.st.stm32cube.ide.mcu.externaltools.gnu-tools-for-stm32.7-2018-q2-update.win32_1.0.0.201904181610/tools/bin/../lib/gcc/arm-none-eabi/7.3.1/thumb/v7e-m\libgcc.a(_arm_fixunssfsi.o)
                              Drivers/Src/stm32f446xx_usart_driver.o (__aeabi_f2uiz)

Discarded input sections

 .text          0x0000000000000000        0x0 c:/st/stm32cubeide_1.2.0/stm32cubeide/plugins/com.st.stm32cube.ide.mcu.externaltools.gnu-tools-for-stm32.7-2018-q2-update.win32_1.0.0.201904181610/tools/bin/../lib/gcc/arm-none-eabi/7.3.1/thumb/v7e-m/crti.o
 .data          0x0000000000000000        0x0 c:/st/stm32cubeide_1.2.0/stm32cubeide/plugins/com.st.stm32cube.ide.mcu.externaltools.gnu-tools-for-stm32.7-2018-q2-update.win32_1.0.0.201904181610/tools/bin/../lib/gcc/arm-none-eabi/7.3.1/thumb/v7e-m/crti.o
 .bss           0x0000000000000000        0x0 c:/st/stm32cubeide_1.2.0/stm32cubeide/plugins/com.st.stm32cube.ide.mcu.externaltools.gnu-tools-for-stm32.7-2018-q2-update.win32_1.0.0.201904181610/tools/bin/../lib/gcc/arm-none-eabi/7.3.1/thumb/v7e-m/crti.o
 .data          0x0000000000000000        0x4 c:/st/stm32cubeide_1.2.0/stm32cubeide/plugins/com.st.stm32cube.ide.mcu.externaltools.gnu-tools-for-stm32.7-2018-q2-update.win32_1.0.0.201904181610/tools/bin/../lib/gcc/arm-none-eabi/7.3.1/thumb/v7e-m/crtbegin.o
 .text          0x0000000000000000       0x74 c:/st/stm32cubeide_1.2.0/stm32cubeide/plugins/com.st.stm32cube.ide.mcu.externaltools.gnu-tools-for-stm32.7-2018-q2-update.win32_1.0.0.201904181610/tools/bin/../lib/gcc/arm-none-eabi/7.3.1/../../../../arm-none-eabi/lib/thumb/v7e-m/crt0.o
[...]
Memory Configuration

Name             Origin             Length             Attributes
RAM              0x0000000020000000 0x0000000000020000 xrw
ROM              0x0000000008000000 0x0000000000080000 xr
*default*        0x0000000000000000 0xffffffffffffffff

Linker script and memory map

LOAD c:/st/stm32cubeide_1.2.0/stm32cubeide/plugins/com.st.stm32cube.ide.mcu.externaltools.gnu-tools-for-stm32.7-2018-q2-update.win32_1.0.0.201904181610/tools/bin/../lib/gcc/arm-none-eabi/7.3.1/thumb/v7e-m/crti.o
LOAD c:/st/stm32cubeide_1.2.0/stm32cubeide/plugins/com.st.stm32cube.ide.mcu.externaltools.gnu-tools-for-stm32.7-2018-q2-update.win32_1.0.0.201904181610/tools/bin/../lib/gcc/arm-none-eabi/7.3.1/thumb/v7e-m/crtbegin.o
LOAD c:/st/stm32cubeide_1.2.0/stm32cubeide/plugins/com.st.stm32cube.ide.mcu.externaltools.gnu-tools-for-stm32.7-2018-q2-update.win32_1.0.0.201904181610/tools/bin/../lib/gcc/arm-none-eabi/7.3.1/../../../../arm-none-eabi/lib/thumb/v7e-m/crt0.o
LOAD Drivers/Src/stm32f446xx_gpio_driver.o
LOAD Drivers/Src/stm32f446xx_i2c_driver.o
LOAD Drivers/Src/stm32f446xx_rcc_driver.o
LOAD Drivers/Src/stm32f446xx_spi_driver.o
LOAD Drivers/Src/stm32f446xx_usart_driver.o
LOAD Src/led_button.o
LOAD Src/syscalls.o
LOAD Src/sysmem.o
LOAD Startup/startup_stm32f446retx.o
START GROUP
LOAD c:/st/stm32cubeide_1.2.0/stm32cubeide/plugins/com.st.stm32cube.ide.mcu.externaltools.gnu-tools-for-stm32.7-2018-q2-update.win32_1.0.0.201904181610/tools/bin/../lib/gcc/arm-none-eabi/7.3.1/../../../../arm-none-eabi/lib/thumb/v7e-m\libc_nano.a
LOAD c:/st/stm32cubeide_1.2.0/stm32cubeide/plugins/com.st.stm32cube.ide.mcu.externaltools.gnu-tools-for-stm32.7-2018-q2-update.win32_1.0.0.201904181610/tools/bin/../lib/gcc/arm-none-eabi/7.3.1/../../../../arm-none-eabi/lib/thumb/v7e-m\libm.a
END GROUP
START GROUP
LOAD c:/st/stm32cubeide_1.2.0/stm32cubeide/plugins/com.st.stm32cube.ide.mcu.externaltools.gnu-tools-for-stm32.7-2018-q2-update.win32_1.0.0.201904181610/tools/bin/../lib/gcc/arm-none-eabi/7.3.1/thumb/v7e-m\libgcc.a
LOAD c:/st/stm32cubeide_1.2.0/stm32cubeide/plugins/com.st.stm32cube.ide.mcu.externaltools.gnu-tools-for-stm32.7-2018-q2-update.win32_1.0.0.201904181610/tools/bin/../lib/gcc/arm-none-eabi/7.3.1/../../../../arm-none-eabi/lib/thumb/v7e-m\libc_nano.a
END GROUP
START GROUP
LOAD c:/st/stm32cubeide_1.2.0/stm32cubeide/plugins/com.st.stm32cube.ide.mcu.externaltools.gnu-tools-for-stm32.7-2018-q2-update.win32_1.0.0.201904181610/tools/bin/../lib/gcc/arm-none-eabi/7.3.1/thumb/v7e-m\libgcc.a
LOAD c:/st/stm32cubeide_1.2.0/stm32cubeide/plugins/com.st.stm32cube.ide.mcu.externaltools.gnu-tools-for-stm32.7-2018-q2-update.win32_1.0.0.201904181610/tools/bin/../lib/gcc/arm-none-eabi/7.3.1/../../../../arm-none-eabi/lib/thumb/v7e-m\libc_nano.a
LOAD c:/st/stm32cubeide_1.2.0/stm32cubeide/plugins/com.st.stm32cube.ide.mcu.externaltools.gnu-tools-for-stm32.7-2018-q2-update.win32_1.0.0.201904181610/tools/bin/../lib/gcc/arm-none-eabi/7.3.1/../../../../arm-none-eabi/lib/thumb/v7e-m\libnosys.a
END GROUP
START GROUP
LOAD c:/st/stm32cubeide_1.2.0/stm32cubeide/plugins/com.st.stm32cube.ide.mcu.externaltools.gnu-tools-for-stm32.7-2018-q2-update.win32_1.0.0.201904181610/tools/bin/../lib/gcc/arm-none-eabi/7.3.1/thumb/v7e-m\libgcc.a
LOAD c:/st/stm32cubeide_1.2.0/stm32cubeide/plugins/com.st.stm32cube.ide.mcu.externaltools.gnu-tools-for-stm32.7-2018-q2-update.win32_1.0.0.201904181610/tools/bin/../lib/gcc/arm-none-eabi/7.3.1/../../../../arm-none-eabi/lib/thumb/v7e-m\libc_nano.a
LOAD c:/st/stm32cubeide_1.2.0/stm32cubeide/plugins/com.st.stm32cube.ide.mcu.externaltools.gnu-tools-for-stm32.7-2018-q2-update.win32_1.0.0.201904181610/tools/bin/../lib/gcc/arm-none-eabi/7.3.1/../../../../arm-none-eabi/lib/thumb/v7e-m\libnosys.a
END GROUP
LOAD c:/st/stm32cubeide_1.2.0/stm32cubeide/plugins/com.st.stm32cube.ide.mcu.externaltools.gnu-tools-for-stm32.7-2018-q2-update.win32_1.0.0.201904181610/tools/bin/../lib/gcc/arm-none-eabi/7.3.1/thumb/v7e-m/crtend.o
LOAD c:/st/stm32cubeide_1.2.0/stm32cubeide/plugins/com.st.stm32cube.ide.mcu.externaltools.gnu-tools-for-stm32.7-2018-q2-update.win32_1.0.0.201904181610/tools/bin/../lib/gcc/arm-none-eabi/7.3.1/thumb/v7e-m/crtn.o
                0x0000000020020000                _estack = (ORIGIN (RAM) + LENGTH (RAM))
                0x0000000000000200                _Min_Heap_Size = 0x200
                0x0000000000000400                _Min_Stack_Size = 0x400

.isr_vector     0x0000000008000000      0x1c4
                0x0000000008000000                . = ALIGN (0x4)
 *(.isr_vector)
 .isr_vector    0x0000000008000000      0x1c4 Startup/startup_stm32f446retx.o
                0x0000000008000000                g_pfnVectors
                0x00000000080001c4                . = ALIGN (0x4)

.text           0x00000000080001c4      0x6d0
                0x00000000080001c4                . = ALIGN (0x4)
 *(.text)
 .text          0x00000000080001c4       0x40 c:/st/stm32cubeide_1.2.0/stm32cubeide/plugins/com.st.stm32cube.ide.mcu.externaltools.gnu-tools-for-stm32.7-2018-q2-update.win32_1.0.0.201904181610/tools/bin/../lib/gcc/arm-none-eabi/7.3.1/thumb/v7e-m/crtbegin.o
 *(.text*)
 .text.GPIO_PortCode
                0x0000000008000204       0x94 Drivers/Src/stm32f446xx_gpio_driver.o
                0x0000000008000204                GPIO_PortCode
 .text.GPIO_PeriClockControl
                0x0000000008000298      0x1a0 Drivers/Src/stm32f446xx_gpio_driver.o
                0x0000000008000298                GPIO_PeriClockControl
 .text.GPIO_Init
                0x0000000008000438      0x2ac Drivers/Src/stm32f446xx_gpio_driver.o
                0x0000000008000438                GPIO_Init
 .text.GPIO_ReadFromInputPin
                0x00000000080006e4       0x2a Drivers/Src/stm32f446xx_gpio_driver.o
                0x00000000080006e4                GPIO_ReadFromInputPin
 .text.GPIO_ToggleOutputPin
                0x000000000800070e       0x28 Drivers/Src/stm32f446xx_gpio_driver.o
                0x000000000800070e                GPIO_ToggleOutputPin
 .text.delay    0x0000000008000736       0x2e Src/led_button.o
                0x0000000008000736                delay
 .text.main     0x0000000008000764       0x7c Src/led_button.o
                0x0000000008000764                main
 .text.Reset_Handler
                0x00000000080007e0       0x50 Startup/startup_stm32f446retx.o
                0x00000000080007e0                Reset_Handler
 .text.Default_Handler
                0x0000000008000830        0x2 Startup/startup_stm32f446retx.o
                0x0000000008000830                RTC_Alarm_IRQHandler
                0x0000000008000830                EXTI2_IRQHandler
                0x0000000008000830                TIM8_CC_IRQHandler
                0x0000000008000830                SPDIF_Rx_IRQHandler
                0x0000000008000830                DebugMon_Handler
                0x0000000008000830                SPI4_IRQHandler
                0x0000000008000830                TIM1_CC_IRQHandler
                0x0000000008000830                QuadSPI_IRQHandler
                0x0000000008000830                DMA2_Stream5_IRQHandler
                0x0000000008000830                HardFault_Handler
                0x0000000008000830                DMA1_Stream5_IRQHandler
                0x0000000008000830                SysTick_Handler
                0x0000000008000830                PVD_IRQHandler
                0x0000000008000830                SDIO_IRQHandler
                0x0000000008000830                TAMP_STAMP_IRQHandler
                0x0000000008000830                PendSV_Handler
                0x0000000008000830                NMI_Handler
                0x0000000008000830                CAN2_RX1_IRQHandler
                0x0000000008000830                EXTI3_IRQHandler
                0x0000000008000830                TIM8_TRG_COM_TIM14_IRQHandler
                0x0000000008000830                TIM1_UP_TIM10_IRQHandler
                0x0000000008000830                FMPI2C1_error_IRQHandler
                0x0000000008000830                TIM8_UP_TIM13_IRQHandler
                0x0000000008000830                I2C3_ER_IRQHandler
                0x0000000008000830                EXTI0_IRQHandler
                0x0000000008000830                I2C2_EV_IRQHandler
                0x0000000008000830                DMA1_Stream2_IRQHandler
                0x0000000008000830                CAN1_RX0_IRQHandler
                0x0000000008000830                FPU_IRQHandler
                0x0000000008000830                OTG_HS_WKUP_IRQHandler
                0x0000000008000830                UsageFault_Handler
                0x0000000008000830                CAN2_SCE_IRQHandler
                0x0000000008000830                DMA2_Stream2_IRQHandler
                0x0000000008000830                SPI1_IRQHandler
                0x0000000008000830                TIM6_DAC_IRQHandler
                0x0000000008000830                TIM1_BRK_TIM9_IRQHandler
                0x0000000008000830                DCMI_IRQHandler
                0x0000000008000830                CAN2_RX0_IRQHandler
                0x0000000008000830                DMA2_Stream3_IRQHandler
                0x0000000008000830                FMPI2C1_IRQHandler
                0x0000000008000830                SAI2_IRQHandler
                0x0000000008000830                USART6_IRQHandler
                0x0000000008000830                USART3_IRQHandler
                0x0000000008000830                CAN1_RX1_IRQHandler
                0x0000000008000830                UART5_IRQHandler
                0x0000000008000830                DMA2_Stream0_IRQHandler
                0x0000000008000830                TIM4_IRQHandler
                0x0000000008000830                I2C1_EV_IRQHandler
                0x0000000008000830                HDMI_CEC_IRQHandler
                0x0000000008000830                DMA1_Stream6_IRQHandler
                0x0000000008000830                DMA1_Stream1_IRQHandler
                0x0000000008000830                UART4_IRQHandler
                0x0000000008000830                TIM3_IRQHandler
                0x0000000008000830                RCC_IRQHandler
                0x0000000008000830                TIM8_BRK_TIM12_IRQHandler
                0x0000000008000830                Default_Handler
                0x0000000008000830                EXTI15_10_IRQHandler
                0x0000000008000830                ADC_IRQHandler
                0x0000000008000830                DMA1_Stream7_IRQHandler
                0x0000000008000830                TIM7_IRQHandler
                0x0000000008000830                CAN2_TX_IRQHandler
                0x0000000008000830                TIM5_IRQHandler
                0x0000000008000830                DMA2_Stream7_IRQHandler
                0x0000000008000830                I2C3_EV_IRQHandler
                0x0000000008000830                EXTI9_5_IRQHandler
                0x0000000008000830                RTC_WKUP_IRQHandler
                0x0000000008000830                SPI2_IRQHandler
                0x0000000008000830                OTG_HS_EP1_IN_IRQHandler
                0x0000000008000830                MemManage_Handler
                0x0000000008000830                DMA1_Stream0_IRQHandler
                0x0000000008000830                CAN1_TX_IRQHandler
                0x0000000008000830                SVC_Handler
                0x0000000008000830                EXTI4_IRQHandler
                0x0000000008000830                OTG_HS_EP1_OUT_IRQHandler
                0x0000000008000830                WWDG_IRQHandler
                0x0000000008000830                TIM2_IRQHandler
                0x0000000008000830                OTG_FS_WKUP_IRQHandler
                0x0000000008000830                TIM1_TRG_COM_TIM11_IRQHandler
                0x0000000008000830                OTG_HS_IRQHandler
                0x0000000008000830                EXTI1_IRQHandler
                0x0000000008000830                USART2_IRQHandler
                0x0000000008000830                I2C2_ER_IRQHandler
                0x0000000008000830                DMA2_Stream1_IRQHandler
                0x0000000008000830                CAN1_SCE_IRQHandler
                0x0000000008000830                FLASH_IRQHandler
                0x0000000008000830                DMA2_Stream4_IRQHandler
                0x0000000008000830                BusFault_Handler
                0x0000000008000830                USART1_IRQHandler
                0x0000000008000830                OTG_FS_IRQHandler
                0x0000000008000830                SPI3_IRQHandler
                0x0000000008000830                DMA1_Stream4_IRQHandler
                0x0000000008000830                I2C1_ER_IRQHandler
                0x0000000008000830                FMC_IRQHandler
                0x0000000008000830                DMA2_Stream6_IRQHandler
                0x0000000008000830                SAI1_IRQHandler
                0x0000000008000830                DMA1_Stream3_IRQHandler
 *fill*         0x0000000008000832        0x2 
 .text.__libc_init_array
                0x0000000008000834       0x48 c:/st/stm32cubeide_1.2.0/stm32cubeide/plugins/com.st.stm32cube.ide.mcu.externaltools.gnu-tools-for-stm32.7-2018-q2-update.win32_1.0.0.201904181610/tools/bin/../lib/gcc/arm-none-eabi/7.3.1/../../../../arm-none-eabi/lib/thumb/v7e-m\libc_nano.a(lib_a-init.o)
                0x0000000008000834                __libc_init_array
 *(.glue_7)
 .glue_7        0x000000000800087c        0x0 linker stubs
 *(.glue_7t)
 .glue_7t       0x000000000800087c        0x0 linker stubs
 *(.eh_frame)
 .eh_frame      0x000000000800087c        0x0 c:/st/stm32cubeide_1.2.0/stm32cubeide/plugins/com.st.stm32cube.ide.mcu.externaltools.gnu-tools-for-stm32.7-2018-q2-update.win32_1.0.0.201904181610/tools/bin/../lib/gcc/arm-none-eabi/7.3.1/thumb/v7e-m/crtbegin.o
 *(.init)
 .init          0x000000000800087c        0x4 c:/st/stm32cubeide_1.2.0/stm32cubeide/plugins/com.st.stm32cube.ide.mcu.externaltools.gnu-tools-for-stm32.7-2018-q2-update.win32_1.0.0.201904181610/tools/bin/../lib/gcc/arm-none-eabi/7.3.1/thumb/v7e-m/crti.o
                0x000000000800087c                _init
 .init          0x0000000008000880        0x8 c:/st/stm32cubeide_1.2.0/stm32cubeide/plugins/com.st.stm32cube.ide.mcu.externaltools.gnu-tools-for-stm32.7-2018-q2-update.win32_1.0.0.201904181610/tools/bin/../lib/gcc/arm-none-eabi/7.3.1/thumb/v7e-m/crtn.o
 *(.fini)
 .fini          0x0000000008000888        0x4 c:/st/stm32cubeide_1.2.0/stm32cubeide/plugins/com.st.stm32cube.ide.mcu.externaltools.gnu-tools-for-stm32.7-2018-q2-update.win32_1.0.0.201904181610/tools/bin/../lib/gcc/arm-none-eabi/7.3.1/thumb/v7e-m/crti.o
                0x0000000008000888                _fini
 .fini          0x000000000800088c        0x8 c:/st/stm32cubeide_1.2.0/stm32cubeide/plugins/com.st.stm32cube.ide.mcu.externaltools.gnu-tools-for-stm32.7-2018-q2-update.win32_1.0.0.201904181610/tools/bin/../lib/gcc/arm-none-eabi/7.3.1/thumb/v7e-m/crtn.o
                0x0000000008000894                . = ALIGN (0x4)
                0x0000000008000894                _etext = .

.vfp11_veneer   0x0000000008000894        0x0
 .vfp11_veneer  0x0000000008000894        0x0 linker stubs

.v4_bx          0x0000000008000894        0x0
 .v4_bx         0x0000000008000894        0x0 linker stubs

.iplt           0x0000000008000894        0x0
 .iplt          0x0000000008000894        0x0 c:/st/stm32cubeide_1.2.0/stm32cubeide/plugins/com.st.stm32cube.ide.mcu.externaltools.gnu-tools-for-stm32.7-2018-q2-update.win32_1.0.0.201904181610/tools/bin/../lib/gcc/arm-none-eabi/7.3.1/thumb/v7e-m/crtbegin.o

.rel.dyn        0x0000000008000894        0x0
 .rel.iplt      0x0000000008000894        0x0 c:/st/stm32cubeide_1.2.0/stm32cubeide/plugins/com.st.stm32cube.ide.mcu.externaltools.gnu-tools-for-stm32.7-2018-q2-update.win32_1.0.0.201904181610/tools/bin/../lib/gcc/arm-none-eabi/7.3.1/thumb/v7e-m/crtbegin.o

.rodata         0x0000000008000894        0x0
                0x0000000008000894                . = ALIGN (0x4)
 *(.rodata)
 *(.rodata*)
                0x0000000008000894                . = ALIGN (0x4)

.ARM.extab      0x0000000008000894        0x0
                0x0000000008000894                . = ALIGN (0x4)
 *(.ARM.extab* .gnu.linkonce.armextab.*)
                0x0000000008000894                . = ALIGN (0x4)

.ARM            0x0000000008000894        0x0
                0x0000000008000894                . = ALIGN (0x4)
                0x0000000008000894                __exidx_start = .
 *(.ARM.exidx*)
                0x0000000008000894                __exidx_end = .
                0x0000000008000894                . = ALIGN (0x4)

.preinit_array  0x0000000008000894        0x0
                0x0000000008000894                . = ALIGN (0x4)
                0x0000000008000894                PROVIDE (__preinit_array_start = .)
 *(.preinit_array*)
                0x0000000008000894                PROVIDE (__preinit_array_end = .)
                0x0000000008000894                . = ALIGN (0x4)

.init_array     0x0000000008000894        0x4
                0x0000000008000894                . = ALIGN (0x4)
                0x0000000008000894                PROVIDE (__init_array_start = .)
 *(SORT_BY_NAME(.init_array.*))
 *(.init_array*)
 .init_array    0x0000000008000894        0x4 c:/st/stm32cubeide_1.2.0/stm32cubeide/plugins/com.st.stm32cube.ide.mcu.externaltools.gnu-tools-for-stm32.7-2018-q2-update.win32_1.0.0.201904181610/tools/bin/../lib/gcc/arm-none-eabi/7.3.1/thumb/v7e-m/crtbegin.o
                0x0000000008000898                PROVIDE (__init_array_end = .)
                0x0000000008000898                . = ALIGN (0x4)

.fini_array     0x0000000008000898        0x4
                0x0000000008000898                . = ALIGN (0x4)
                [!provide]                        PROVIDE (__fini_array_start = .)
 *(SORT_BY_NAME(.fini_array.*))
 *(.fini_array*)
 .fini_array    0x0000000008000898        0x4 c:/st/stm32cubeide_1.2.0/stm32cubeide/plugins/com.st.stm32cube.ide.mcu.externaltools.gnu-tools-for-stm32.7-2018-q2-update.win32_1.0.0.201904181610/tools/bin/../lib/gcc/arm-none-eabi/7.3.1/thumb/v7e-m/crtbegin.o
                [!provide]                        PROVIDE (__fini_array_end = .)
                0x000000000800089c                . = ALIGN (0x4)
                0x000000000800089c                _sidata = LOADADDR (.data)

.data           0x0000000020000000        0x0 load address 0x000000000800089c
                0x0000000020000000                . = ALIGN (0x4)
                0x0000000020000000                _sdata = .
 *(.data)
 *(.data*)
                0x0000000020000000                . = ALIGN (0x4)
                0x0000000020000000                _edata = .

.igot.plt       0x0000000020000000        0x0 load address 0x000000000800089c
 .igot.plt      0x0000000020000000        0x0 c:/st/stm32cubeide_1.2.0/stm32cubeide/plugins/com.st.stm32cube.ide.mcu.externaltools.gnu-tools-for-stm32.7-2018-q2-update.win32_1.0.0.201904181610/tools/bin/../lib/gcc/arm-none-eabi/7.3.1/thumb/v7e-m/crtbegin.o
                0x0000000020000000                . = ALIGN (0x4)

.bss            0x0000000020000000       0x1c load address 0x000000000800089c
                0x0000000020000000                _sbss = .
                0x0000000020000000                __bss_start__ = _sbss
 *(.bss)
 .bss           0x0000000020000000       0x1c c:/st/stm32cubeide_1.2.0/stm32cubeide/plugins/com.st.stm32cube.ide.mcu.externaltools.gnu-tools-for-stm32.7-2018-q2-update.win32_1.0.0.201904181610/tools/bin/../lib/gcc/arm-none-eabi/7.3.1/thumb/v7e-m/crtbegin.o
 *(.bss*)
 *(COMMON)
                0x000000002000001c                . = ALIGN (0x4)
                0x000000002000001c                _ebss = .
                0x000000002000001c                __bss_end__ = _ebss

._user_heap_stack
                0x000000002000001c      0x604 load address 0x000000000800089c
                0x0000000020000020                . = ALIGN (0x8)
 *fill*         0x000000002000001c        0x4 
                0x0000000020000020                PROVIDE (end = .)
                [!provide]                        PROVIDE (_end = .)
                0x0000000020000220                . = (. + _Min_Heap_Size)
 *fill*         0x0000000020000020      0x200 
                0x0000000020000620                . = (. + _Min_Stack_Size)
 *fill*         0x0000000020000220      0x400 
                0x0000000020000620                . = ALIGN (0x8)

/DISCARD/
 libc.a(*)
 libm.a(*)
 libgcc.a(*)

.ARM.attributes
                0x0000000000000000       0x2a
 *(.ARM.attributes)
 .ARM.attributes
                0x0000000000000000       0x1e c:/st/stm32cubeide_1.2.0/stm32cubeide/plugins/com.st.stm32cube.ide.mcu.externaltools.gnu-tools-for-stm32.7-2018-q2-update.win32_1.0.0.201904181610/tools/bin/../lib/gcc/arm-none-eabi/7.3.1/thumb/v7e-m/crti.o
 .ARM.attributes
                0x000000000000001e       0x2e c:/st/stm32cubeide_1.2.0/stm32cubeide/plugins/com.st.stm32cube.ide.mcu.externaltools.gnu-tools-for-stm32.7-2018-q2-update.win32_1.0.0.201904181610/tools/bin/../lib/gcc/arm-none-eabi/7.3.1/thumb/v7e-m/crtbegin.o
 .ARM.attributes
                0x000000000000004c       0x33 Drivers/Src/stm32f446xx_gpio_driver.o
 .ARM.attributes
                0x000000000000007f       0x33 Src/led_button.o
 .ARM.attributes
                0x00000000000000b2       0x21 Startup/startup_stm32f446retx.o
 .ARM.attributes
                0x00000000000000d3       0x2e c:/st/stm32cubeide_1.2.0/stm32cubeide/plugins/com.st.stm32cube.ide.mcu.externaltools.gnu-tools-for-stm32.7-2018-q2-update.win32_1.0.0.201904181610/tools/bin/../lib/gcc/arm-none-eabi/7.3.1/../../../../arm-none-eabi/lib/thumb/v7e-m\libc_nano.a(lib_a-init.o)
 .ARM.attributes
                0x0000000000000101       0x1e c:/st/stm32cubeide_1.2.0/stm32cubeide/plugins/com.st.stm32cube.ide.mcu.externaltools.gnu-tools-for-stm32.7-2018-q2-update.win32_1.0.0.201904181610/tools/bin/../lib/gcc/arm-none-eabi/7.3.1/thumb/v7e-m/crtn.o
OUTPUT(stm32f446xx.elf elf32-littlearm)

.debug_info     0x0000000000000000     0x1abc
 .debug_info    0x0000000000000000     0x1014 Drivers/Src/stm32f446xx_gpio_driver.o
 .debug_info    0x0000000000001014      0xa86 Src/led_button.o
 .debug_info    0x0000000000001a9a       0x22 Startup/startup_stm32f446retx.o

.debug_abbrev   0x0000000000000000      0x426
 .debug_abbrev  0x0000000000000000      0x24b Drivers/Src/stm32f446xx_gpio_driver.o
 .debug_abbrev  0x000000000000024b      0x1c9 Src/led_button.o
 .debug_abbrev  0x0000000000000414       0x12 Startup/startup_stm32f446retx.o

.debug_aranges  0x0000000000000000       0xc8
 .debug_aranges
                0x0000000000000000       0x78 Drivers/Src/stm32f446xx_gpio_driver.o
 .debug_aranges
                0x0000000000000078       0x28 Src/led_button.o
 .debug_aranges
                0x00000000000000a0       0x28 Startup/startup_stm32f446retx.o

.debug_ranges   0x0000000000000000       0xa0
 .debug_ranges  0x0000000000000000       0x68 Drivers/Src/stm32f446xx_gpio_driver.o
 .debug_ranges  0x0000000000000068       0x18 Src/led_button.o
 .debug_ranges  0x0000000000000080       0x20 Startup/startup_stm32f446retx.o

.debug_macro    0x0000000000000000     0x2bd8
 .debug_macro   0x0000000000000000      0x259 Drivers/Src/stm32f446xx_gpio_driver.o
 .debug_macro   0x0000000000000259      0xa60 Drivers/Src/stm32f446xx_gpio_driver.o
 .debug_macro   0x0000000000000cb9       0x22 Drivers/Src/stm32f446xx_gpio_driver.o
 .debug_macro   0x0000000000000cdb       0x40 Drivers/Src/stm32f446xx_gpio_driver.o
 .debug_macro   0x0000000000000d1b       0x18 Drivers/Src/stm32f446xx_gpio_driver.o
 .debug_macro   0x0000000000000d33       0x94 Drivers/Src/stm32f446xx_gpio_driver.o
 .debug_macro   0x0000000000000dc7       0x3c Drivers/Src/stm32f446xx_gpio_driver.o
 .debug_macro   0x0000000000000e03       0x34 Drivers/Src/stm32f446xx_gpio_driver.o
 .debug_macro   0x0000000000000e37       0x16 Drivers/Src/stm32f446xx_gpio_driver.o
 .debug_macro   0x0000000000000e4d       0x57 Drivers/Src/stm32f446xx_gpio_driver.o
 .debug_macro   0x0000000000000ea4       0x97 Drivers/Src/stm32f446xx_gpio_driver.o
 .debug_macro   0x0000000000000f3b      0x330 Drivers/Src/stm32f446xx_gpio_driver.o
 .debug_macro   0x000000000000126b       0xfd Drivers/Src/stm32f446xx_gpio_driver.o
 .debug_macro   0x0000000000001368       0x10 Drivers/Src/stm32f446xx_gpio_driver.o
 .debug_macro   0x0000000000001378       0x52 Drivers/Src/stm32f446xx_gpio_driver.o
 .debug_macro   0x00000000000013ca       0x1f Drivers/Src/stm32f446xx_gpio_driver.o
 .debug_macro   0x00000000000013e9       0x43 Drivers/Src/stm32f446xx_gpio_driver.o
 .debug_macro   0x000000000000142c       0x20 Drivers/Src/stm32f446xx_gpio_driver.o
 .debug_macro   0x000000000000144c      0x1a3 Drivers/Src/stm32f446xx_gpio_driver.o
 .debug_macro   0x00000000000015ef       0x10 Drivers/Src/stm32f446xx_gpio_driver.o
 .debug_macro   0x00000000000015ff       0x6a Drivers/Src/stm32f446xx_gpio_driver.o
 .debug_macro   0x0000000000001669       0x1c Drivers/Src/stm32f446xx_gpio_driver.o
 .debug_macro   0x0000000000001685       0x52 Drivers/Src/stm32f446xx_gpio_driver.o
 .debug_macro   0x00000000000016d7       0x40 Drivers/Src/stm32f446xx_gpio_driver.o
 .debug_macro   0x0000000000001717       0x10 Drivers/Src/stm32f446xx_gpio_driver.o
 .debug_macro   0x0000000000001727       0x40 Drivers/Src/stm32f446xx_gpio_driver.o
 .debug_macro   0x0000000000001767       0xd7 Drivers/Src/stm32f446xx_gpio_driver.o
 .debug_macro   0x000000000000183e       0x1c Drivers/Src/stm32f446xx_gpio_driver.o
 .debug_macro   0x000000000000185a       0x3d Drivers/Src/stm32f446xx_gpio_driver.o
 .debug_macro   0x0000000000001897       0x16 Drivers/Src/stm32f446xx_gpio_driver.o
 .debug_macro   0x00000000000018ad      0x145 Drivers/Src/stm32f446xx_gpio_driver.o
 .debug_macro   0x00000000000019f2       0xef Drivers/Src/stm32f446xx_gpio_driver.o
 .debug_macro   0x0000000000001ae1      0x1df Drivers/Src/stm32f446xx_gpio_driver.o
 .debug_macro   0x0000000000001cc0       0x16 Drivers/Src/stm32f446xx_gpio_driver.o
 .debug_macro   0x0000000000001cd6       0x35 Drivers/Src/stm32f446xx_gpio_driver.o
 .debug_macro   0x0000000000001d0b       0x20 Drivers/Src/stm32f446xx_gpio_driver.o
 .debug_macro   0x0000000000001d2b      0x1e1 Drivers/Src/stm32f446xx_gpio_driver.o
 .debug_macro   0x0000000000001f0c      0x4a1 Drivers/Src/stm32f446xx_gpio_driver.o
 .debug_macro   0x00000000000023ad      0x14e Drivers/Src/stm32f446xx_gpio_driver.o
 .debug_macro   0x00000000000024fb      0x120 Drivers/Src/stm32f446xx_gpio_driver.o
 .debug_macro   0x000000000000261b      0x1be Drivers/Src/stm32f446xx_gpio_driver.o
 .debug_macro   0x00000000000027d9       0x28 Drivers/Src/stm32f446xx_gpio_driver.o
 .debug_macro   0x0000000000002801      0x184 Drivers/Src/stm32f446xx_gpio_driver.o
 .debug_macro   0x0000000000002985      0x253 Src/led_button.o

.debug_line     0x0000000000000000      0xfd6
 .debug_line    0x0000000000000000      0x871 Drivers/Src/stm32f446xx_gpio_driver.o
 .debug_line    0x0000000000000871      0x6e1 Src/led_button.o
 .debug_line    0x0000000000000f52       0x84 Startup/startup_stm32f446retx.o

.debug_str      0x0000000000000000     0xb731
 .debug_str     0x0000000000000000     0xb6c0 Drivers/Src/stm32f446xx_gpio_driver.o
                                       0xb9a6 (size before relaxing)
 .debug_str     0x000000000000b6c0       0x40 Src/led_button.o
                                       0xb6e1 (size before relaxing)
 .debug_str     0x000000000000b700       0x31 Startup/startup_stm32f446retx.o
                                         0x85 (size before relaxing)

.comment        0x0000000000000000       0x7b
 .comment       0x0000000000000000       0x7b Drivers/Src/stm32f446xx_gpio_driver.o
                                         0x7c (size before relaxing)
 .comment       0x000000000000007b       0x7c Src/led_button.o

.debug_frame    0x0000000000000000      0x274
 .debug_frame   0x0000000000000000      0x1f0 Drivers/Src/stm32f446xx_gpio_driver.o
 .debug_frame   0x00000000000001f0       0x58 Src/led_button.o
 .debug_frame   0x0000000000000248       0x2c c:/st/stm32cubeide_1.2.0/stm32cubeide/plugins/com.st.stm32cube.ide.mcu.externaltools.gnu-tools-for-stm32.7-2018-q2-update.win32_1.0.0.201904181610/tools/bin/../lib/gcc/arm-none-eabi/7.3.1/../../../../arm-none-eabi/lib/thumb/v7e-m\libc_nano.a(lib_a-init.o)
