Archive member included to satisfy reference by file (symbol)

c:/st/stm32cubeide_1.2.0/stm32cubeide/plugins/com.st.stm32cube.ide.mcu.externaltools.gnu-tools-for-stm32.7-2018-q2-update.win32_1.0.0.201904181610/tools/bin/../lib/gcc/arm-none-eabi/7.3.1/../../../../arm-none-eabi/lib/thumb/v7e-m\libc_nano.a(lib_a-errno.o)
                              Src/syscalls.o (__errno)
c:/st/stm32cubeide_1.2.0/stm32cubeide/plugins/com.st.stm32cube.ide.mcu.externaltools.gnu-tools-for-stm32.7-2018-q2-update.win32_1.0.0.201904181610/tools/bin/../lib/gcc/arm-none-eabi/7.3.1/../../../../arm-none-eabi/lib/thumb/v7e-m\libc_nano.a(lib_a-exit.o)
                              c:/st/stm32cubeide_1.2.0/stm32cubeide/plugins/com.st.stm32cube.ide.mcu.externaltools.gnu-tools-for-stm32.7-2018-q2-update.win32_1.0.0.201904181610/tools/bin/../lib/gcc/arm-none-eabi/7.3.1/../../../../arm-none-eabi/lib/thumb/v7e-m/crt0.o (exit)
c:/st/stm32cubeide_1.2.0/stm32cubeide/plugins/com.st.stm32cube.ide.mcu.externaltools.gnu-tools-for-stm32.7-2018-q2-update.win32_1.0.0.201904181610/tools/bin/../lib/gcc/arm-none-eabi/7.3.1/../../../../arm-none-eabi/lib/thumb/v7e-m\libc_nano.a(lib_a-impure.o)
                              c:/st/stm32cubeide_1.2.0/stm32cubeide/plugins/com.st.stm32cube.ide.mcu.externaltools.gnu-tools-for-stm32.7-2018-q2-update.win32_1.0.0.201904181610/tools/bin/../lib/gcc/arm-none-eabi/7.3.1/../../../../arm-none-eabi/lib/thumb/v7e-m\libc_nano.a(lib_a-exit.o) (_global_impure_ptr)
c:/st/stm32cubeide_1.2.0/stm32cubeide/plugins/com.st.stm32cube.ide.mcu.externaltools.gnu-tools-for-stm32.7-2018-q2-update.win32_1.0.0.201904181610/tools/bin/../lib/gcc/arm-none-eabi/7.3.1/../../../../arm-none-eabi/lib/thumb/v7e-m\libc_nano.a(lib_a-init.o)
                              c:/st/stm32cubeide_1.2.0/stm32cubeide/plugins/com.st.stm32cube.ide.mcu.externaltools.gnu-tools-for-stm32.7-2018-q2-update.win32_1.0.0.201904181610/tools/bin/../lib/gcc/arm-none-eabi/7.3.1/../../../../arm-none-eabi/lib/thumb/v7e-m/crt0.o (__libc_init_array)
c:/st/stm32cubeide_1.2.0/stm32cubeide/plugins/com.st.stm32cube.ide.mcu.externaltools.gnu-tools-for-stm32.7-2018-q2-update.win32_1.0.0.201904181610/tools/bin/../lib/gcc/arm-none-eabi/7.3.1/../../../../arm-none-eabi/lib/thumb/v7e-m\libc_nano.a(lib_a-memset.o)
                              c:/st/stm32cubeide_1.2.0/stm32cubeide/plugins/com.st.stm32cube.ide.mcu.externaltools.gnu-tools-for-stm32.7-2018-q2-update.win32_1.0.0.201904181610/tools/bin/../lib/gcc/arm-none-eabi/7.3.1/../../../../arm-none-eabi/lib/thumb/v7e-m/crt0.o (memset)
c:/st/stm32cubeide_1.2.0/stm32cubeide/plugins/com.st.stm32cube.ide.mcu.externaltools.gnu-tools-for-stm32.7-2018-q2-update.win32_1.0.0.201904181610/tools/bin/../lib/gcc/arm-none-eabi/7.3.1/../../../../arm-none-eabi/lib/thumb/v7e-m\libc_nano.a(lib_a-sprintf.o)
                              Src/adc_read_simple.o (sprintf)
c:/st/stm32cubeide_1.2.0/stm32cubeide/plugins/com.st.stm32cube.ide.mcu.externaltools.gnu-tools-for-stm32.7-2018-q2-update.win32_1.0.0.201904181610/tools/bin/../lib/gcc/arm-none-eabi/7.3.1/../../../../arm-none-eabi/lib/thumb/v7e-m\libc_nano.a(lib_a-strlen.o)
                              Src/adc_read_simple.o (strlen)
c:/st/stm32cubeide_1.2.0/stm32cubeide/plugins/com.st.stm32cube.ide.mcu.externaltools.gnu-tools-for-stm32.7-2018-q2-update.win32_1.0.0.201904181610/tools/bin/../lib/gcc/arm-none-eabi/7.3.1/../../../../arm-none-eabi/lib/thumb/v7e-m\libc_nano.a(lib_a-nano-svfprintf.o)
                              c:/st/stm32cubeide_1.2.0/stm32cubeide/plugins/com.st.stm32cube.ide.mcu.externaltools.gnu-tools-for-stm32.7-2018-q2-update.win32_1.0.0.201904181610/tools/bin/../lib/gcc/arm-none-eabi/7.3.1/../../../../arm-none-eabi/lib/thumb/v7e-m\libc_nano.a(lib_a-sprintf.o) (_svfprintf_r)
c:/st/stm32cubeide_1.2.0/stm32cubeide/plugins/com.st.stm32cube.ide.mcu.externaltools.gnu-tools-for-stm32.7-2018-q2-update.win32_1.0.0.201904181610/tools/bin/../lib/gcc/arm-none-eabi/7.3.1/../../../../arm-none-eabi/lib/thumb/v7e-m\libc_nano.a(lib_a-nano-vfprintf_i.o)
                              c:/st/stm32cubeide_1.2.0/stm32cubeide/plugins/com.st.stm32cube.ide.mcu.externaltools.gnu-tools-for-stm32.7-2018-q2-update.win32_1.0.0.201904181610/tools/bin/../lib/gcc/arm-none-eabi/7.3.1/../../../../arm-none-eabi/lib/thumb/v7e-m\libc_nano.a(lib_a-nano-svfprintf.o) (_printf_i)
c:/st/stm32cubeide_1.2.0/stm32cubeide/plugins/com.st.stm32cube.ide.mcu.externaltools.gnu-tools-for-stm32.7-2018-q2-update.win32_1.0.0.201904181610/tools/bin/../lib/gcc/arm-none-eabi/7.3.1/../../../../arm-none-eabi/lib/thumb/v7e-m\libc_nano.a(lib_a-memchr.o)
                              c:/st/stm32cubeide_1.2.0/stm32cubeide/plugins/com.st.stm32cube.ide.mcu.externaltools.gnu-tools-for-stm32.7-2018-q2-update.win32_1.0.0.201904181610/tools/bin/../lib/gcc/arm-none-eabi/7.3.1/../../../../arm-none-eabi/lib/thumb/v7e-m\libc_nano.a(lib_a-nano-svfprintf.o) (memchr)
[...]
Memory Configuration

Name             Origin             Length             Attributes
RAM              0x0000000020000000 0x0000000000020000 xrw
ROM              0x0000000008000000 0x0000000000080000 xr
*default*        0x0000000000000000 0xffffffffffffffff

Linker script and memory map

LOAD c:/st/stm32cubeide_1.2.0/stm32cubeide/plugins/com.st.stm32cube.ide.mcu.externaltools.gnu-tools-for-stm32.7-2018-q2-update.win32_1.0.0.201904181610/tools/bin/../lib/gcc/arm-none-eabi/7.3.1/thumb/v7e-m/crti.o
LOAD c:/st/stm32cubeide_1.2.0/stm32cubeide/plugins/com.st.stm32cube.ide.mcu.externaltools.gnu-tools-for-stm32.7-2018-q2-update.win32_1.0.0.201904181610/tools/bin/../lib/gcc/arm-none-eabi/7.3.1/thumb/v7e-m/crtbegin.o
LOAD c:/st/stm32cubeide_1.2.0/stm32cubeide/plugins/com.st.stm32cube.ide.mcu.externaltools.gnu-tools-for-stm32.7-2018-q2-update.win32_1.0.0.201904181610/tools/bin/../lib/gcc/arm-none-eabi/7.3.1/../../../../arm-none-eabi/lib/thumb/v7e-m/crt0.o
LOAD Drivers/Src/stm32f446xx_adc_driver.o
LOAD Drivers/Src/stm32f446xx_dma_driver.o
LOAD Drivers/Src/stm32f446xx_gpio_driver.o
LOAD Drivers/Src/stm32f446xx_i2c_driver.o
LOAD Drivers/Src/stm32f446xx_rcc_driver.o
LOAD Drivers/Src/stm32f446xx_spi_driver.o
LOAD Drivers/Src/stm32f446xx_systck_driver.o
LOAD Drivers/Src/stm32f446xx_usart_driver.o
LOAD Src/adc_read_simple.o
LOAD Src/syscalls.o
LOAD Src/sysmem.o
LOAD Startup/startup_stm32f446retx.o
START GROUP
LOAD c:/st/stm32cubeide_1.2.0/stm32cubeide/plugins/com.st.stm32cube.ide.mcu.externaltools.gnu-tools-for-stm32.7-2018-q2-update.win32_1.0.0.201904181610/tools/bin/../lib/gcc/arm-none-eabi/7.3.1/../../../../arm-none-eabi/lib/thumb/v7e-m\libc_nano.a
LOAD c:/st/stm32cubeide_1.2.0/stm32cubeide/plugins/com.st.stm32cube.ide.mcu.externaltools.gnu-tools-for-stm32.7-2018-q2-update.win32_1.0.0.201904181610/tools/bin/../lib/gcc/arm-none-eabi/7.3.1/../../../../arm-none-eabi/lib/thumb/v7e-m\libm.a
END GROUP
START GROUP
LOAD c:/st/stm32cubeide_1.2.0/stm32cubeide/plugins/com.st.stm32cube.ide.mcu.externaltools.gnu-tools-for-stm32.7-2018-q2-update.win32_1.0.0.201904181610/tools/bin/../lib/gcc/arm-none-eabi/7.3.1/thumb/v7e-m\libgcc.a
LOAD c:/st/stm32cubeide_1.2.0/stm32cubeide/plugins/com.st.stm32cube.ide.mcu.externaltools.gnu-tools-for-stm32.7-2018-q2-update.win32_1.0.0.201904181610/tools/bin/../lib/gcc/arm-none-eabi/7.3.1/../../../../arm-none-eabi/lib/thumb/v7e-m\libc_nano.a
END GROUP
START GROUP
LOAD c:/st/stm32cubeide_1.2.0/stm32cubeide/plugins/com.st.stm32cube.ide.mcu.externaltools.gnu-tools-for-stm32.7-2018-q2-update.win32_1.0.0.201904181610/tools/bin/../lib/gcc/arm-none-eabi/7.3.1/thumb/v7e-m\libgcc.a
LOAD c:/st/stm32cubeide_1.2.0/stm32cubeide/plugins/com.st.stm32cube.ide.mcu.externaltools.gnu-tools-for-stm32.7-2018-q2-update.win32_1.0.0.201904181610/tools/bin/../lib/gcc/arm-none-eabi/7.3.1/../../../../arm-none-eabi/lib/thumb/v7e-m\libc_nano.a
LOAD c:/st/stm32cubeide_1.2.0/stm32cubeide/plugins/com.st.stm32cube.ide.mcu.externaltools.gnu-tools-for-stm32.7-2018-q2-update.win32_1.0.0.201904181610/tools/bin/../lib/gcc/arm-none-eabi/7.3.1/../../../../arm-none-eabi/lib/thumb/v7e-m\libnosys.a
END GROUP
START GROUP
LOAD c:/st/stm32cubeide_1.2.0/stm32cubeide/plugins/com.st.stm32cube.ide.mcu.externaltools.gnu-tools-for-stm32.7-2018-q2-update.win32_1.0.0.201904181610/tools/bin/../lib/gcc/arm-none-eabi/7.3.1/thumb/v7e-m\libgcc.a
LOAD c:/st/stm32cubeide_1.2.0/stm32cubeide/plugins/com.st.stm32cube.ide.mcu.externaltools.gnu-tools-for-stm32.7-2018-q2-update.win32_1.0.0.201904181610/tools/bin/../lib/gcc/arm-none-eabi/7.3.1/../../../../arm-none-eabi/lib/thumb/v7e-m\libc_nano.a
LOAD c:/st/stm32cubeide_1.2.0/stm32cubeide/plugins/com.st.stm32cube.ide.mcu.externaltools.gnu-tools-for-stm32.7-2018-q2-update.win32_1.0.0.201904181610/tools/bin/../lib/gcc/arm-none-eabi/7.3.1/../../../../arm-none-eabi/lib/thumb/v7e-m\libnosys.a
END GROUP
LOAD c:/st/stm32cubeide_1.2.0/stm32cubeide/plugins/com.st.stm32cube.ide.mcu.externaltools.gnu-tools-for-stm32.7-2018-q2-update.win32_1.0.0.201904181610/tools/bin/../lib/gcc/arm-none-eabi/7.3.1/thumb/v7e-m/crtend.o
LOAD c:/st/stm32cubeide_1.2.0/stm32cubeide/plugins/com.st.stm32cube.ide.mcu.externaltools.gnu-tools-for-stm32.7-2018-q2-update.win32_1.0.0.201904181610/tools/bin/../lib/gcc/arm-none-eabi/7.3.1/thumb/v7e-m/crtn.o
                0x0000000020020000                _estack = (ORIGIN (RAM) + LENGTH (RAM))
                0x0000000000000200                _Min_Heap_Size = 0x200
                0x0000000000000400                _Min_Stack_Size = 0x400

.isr_vector     0x0000000008000000      0x1c4
                0x0000000008000000                . = ALIGN (0x4)
 *(.isr_vector)
 .isr_vector    0x0000000008000000      0x1c4 Startup/startup_stm32f446retx.o
                0x0000000008000000                g_pfnVectors
                0x00000000080001c4                . = ALIGN (0x4)

.text           0x00000000080001d0     0x1ee8
                0x00000000080001d0                . = ALIGN (0x4)
 *(.text)
 .text          0x00000000080001d0       0x40 c:/st/stm32cubeide_1.2.0/stm32cubeide/plugins/com.st.stm32cube.ide.mcu.externaltools.gnu-tools-for-stm32.7-2018-q2-update.win32_1.0.0.201904181610/tools/bin/../lib/gcc/arm-none-eabi/7.3.1/thumb/v7e-m/crtbegin.o
 .text          0x0000000008000210       0x10 c:/st/stm32cubeide_1.2.0/stm32cubeide/plugins/com.st.stm32cube.ide.mcu.externaltools.gnu-tools-for-stm32.7-2018-q2-update.win32_1.0.0.201904181610/tools/bin/../lib/gcc/arm-none-eabi/7.3.1/../../../../arm-none-eabi/lib/thumb/v7e-m\libc_nano.a(lib_a-strlen.o)
                0x0000000008000210                strlen
 .text          0x0000000008000220       0xa0 c:/st/stm32cubeide_1.2.0/stm32cubeide/plugins/com.st.stm32cube.ide.mcu.externaltools.gnu-tools-for-stm32.7-2018-q2-update.win32_1.0.0.201904181610/tools/bin/../lib/gcc/arm-none-eabi/7.3.1/../../../../arm-none-eabi/lib/thumb/v7e-m\libc_nano.a(lib_a-memchr.o)
                0x0000000008000220                memchr
 .text          0x00000000080002c0      0x21c c:/st/stm32cubeide_1.2.0/stm32cubeide/plugins/com.st.stm32cube.ide.mcu.externaltools.gnu-tools-for-stm32.7-2018-q2-update.win32_1.0.0.201904181610/tools/bin/../lib/gcc/arm-none-eabi/7.3.1/thumb/v7e-m\libgcc.a(_arm_addsubsf3.o)
                0x00000000080002c0                __aeabi_frsub
                0x00000000080002c8                __subsf3
                0x00000000080002c8                __aeabi_fsub
                0x00000000080002cc                __aeabi_fadd
                0x00000000080002cc                __addsf3
                0x000000000800042c                __aeabi_ui2f
                0x000000000800042c                __floatunsisf
                0x0000000008000434                __aeabi_i2f
                0x0000000008000434                __floatsisf
                0x0000000008000450                __aeabi_ul2f
                0x0000000008000450                __floatundisf
                0x0000000008000460                __aeabi_l2f
                0x0000000008000460                __floatdisf
 .text          0x00000000080004dc      0x2a0 c:/st/stm32cubeide_1.2.0/stm32cubeide/plugins/com.st.stm32cube.ide.mcu.externaltools.gnu-tools-for-stm32.7-2018-q2-update.win32_1.0.0.201904181610/tools/bin/../lib/gcc/arm-none-eabi/7.3.1/thumb/v7e-m\libgcc.a(_arm_muldivsf3.o)
                0x00000000080004dc                __mulsf3
                0x00000000080004dc                __aeabi_fmul
                0x0000000008000644                __aeabi_fdiv
                0x0000000008000644                __divsf3
 .text          0x000000000800077c       0x40 c:/st/stm32cubeide_1.2.0/stm32cubeide/plugins/com.st.stm32cube.ide.mcu.externaltools.gnu-tools-for-stm32.7-2018-q2-update.win32_1.0.0.201904181610/tools/bin/../lib/gcc/arm-none-eabi/7.3.1/thumb/v7e-m\libgcc.a(_arm_fixunssfsi.o)
                0x000000000800077c                __fixunssfsi
                0x000000000800077c                __aeabi_f2uiz
 *(.text*)
 .text.ADC_PeriClockControl
                0x00000000080007bc       0xb0 Drivers/Src/stm32f446xx_adc_driver.o
                0x00000000080007bc                ADC_PeriClockControl
 .text.ADC_Init
                0x000000000800086c       0x48 Drivers/Src/stm32f446xx_adc_driver.o
                0x000000000800086c                ADC_Init
 .text.ADC_OnOff
                0x00000000080008b4       0x36 Drivers/Src/stm32f446xx_adc_driver.o
 .text.ADC_GetFlagStatus
                0x00000000080008ea       0x22 Drivers/Src/stm32f446xx_adc_driver.o
                0x00000000080008ea                ADC_GetFlagStatus
 .text.ADC_Read_Reg
                0x000000000800090c       0xdc Drivers/Src/stm32f446xx_adc_driver.o
                0x000000000800090c                ADC_Read_Reg
 .text.GPIO_PortCode
                0x00000000080009e8       0x94 Drivers/Src/stm32f446xx_gpio_driver.o
                0x00000000080009e8                GPIO_PortCode
 .text.GPIO_PeriClockControl
                0x0000000008000a7c      0x1a0 Drivers/Src/stm32f446xx_gpio_driver.o
                0x0000000008000a7c                GPIO_PeriClockControl
 .text.GPIO_Init
                0x0000000008000c1c      0x2ac Drivers/Src/stm32f446xx_gpio_driver.o
                0x0000000008000c1c                GPIO_Init
 .text.RCC_GetPPLCLK
                0x0000000008000ec8        0xe Drivers/Src/stm32f446xx_rcc_driver.o
                0x0000000008000ec8                RCC_GetPPLCLK
 *fill*         0x0000000008000ed6        0x2 
 .text.RCC_GetAPB1CLK
                0x0000000008000ed8       0xb0 Drivers/Src/stm32f446xx_rcc_driver.o
                0x0000000008000ed8                RCC_GetAPB1CLK
 .text.RCC_GetAPB2CLK
                0x0000000008000f88       0xb0 Drivers/Src/stm32f446xx_rcc_driver.o
                0x0000000008000f88                RCC_GetAPB2CLK
 .text.USART_PeriClockControl
                0x0000000008001038      0x140 Drivers/Src/stm32f446xx_usart_driver.o
                0x0000000008001038                USART_PeriClockControl
 .text.USART_PeripheralControl
                0x0000000008001178       0x36 Drivers/Src/stm32f446xx_usart_driver.o
                0x0000000008001178                USART_PeripheralControl
 .text.USART_GetFlagStatus
                0x00000000080011ae       0x22 Drivers/Src/stm32f446xx_usart_driver.o
                0x00000000080011ae                USART_GetFlagStatus
 .text.USART_ClearFlag
                0x00000000080011d0       0xcc Drivers/Src/stm32f446xx_usart_driver.o
                0x00000000080011d0                USART_ClearFlag
 .text.USART_SetBaudRate
                0x000000000800129c      0x144 Drivers/Src/stm32f446xx_usart_driver.o
                0x000000000800129c                USART_SetBaudRate
 .text.USART_Init
                0x00000000080013e0      0x1c8 Drivers/Src/stm32f446xx_usart_driver.o
                0x00000000080013e0                USART_Init
 .text.USART_Write
                0x00000000080015a8       0xb0 Drivers/Src/stm32f446xx_usart_driver.o
                0x00000000080015a8                USART_Write
 .text.GPIO_AI_Init
                0x0000000008001658       0x34 Src/adc_read_simple.o
                0x0000000008001658                GPIO_AI_Init
 .text.GPIO_USART_Config
                0x000000000800168c       0x44 Src/adc_read_simple.o
                0x000000000800168c                GPIO_USART_Config
 .text.USART2_Config
                0x00000000080016d0       0x48 Src/adc_read_simple.o
                0x00000000080016d0                USART2_Config
 .text.ADC1_In_Init
                0x0000000008001718       0x28 Src/adc_read_simple.o
                0x0000000008001718                ADC1_In_Init
 .text.main     0x0000000008001740       0x54 Src/adc_read_simple.o
                0x0000000008001740                main
 .text._sbrk    0x0000000008001794       0x58 Src/sysmem.o
                0x0000000008001794                _sbrk
 .text.Reset_Handler
                0x00000000080017ec       0x50 Startup/startup_stm32f446retx.o
                0x00000000080017ec                Reset_Handler
 .text.Default_Handler
                0x000000000800183c        0x2 Startup/startup_stm32f446retx.o
                0x000000000800183c                RTC_Alarm_IRQHandler
                0x000000000800183c                EXTI2_IRQHandler
                0x000000000800183c                TIM8_CC_IRQHandler
                0x000000000800183c                SPDIF_Rx_IRQHandler
                0x000000000800183c                DebugMon_Handler
                0x000000000800183c                SPI4_IRQHandler
                0x000000000800183c                TIM1_CC_IRQHandler
                0x000000000800183c                QuadSPI_IRQHandler
                0x000000000800183c                DMA2_Stream5_IRQHandler
                0x000000000800183c                HardFault_Handler
                0x000000000800183c                DMA1_Stream5_IRQHandler
                0x000000000800183c                SysTick_Handler
                0x000000000800183c                PVD_IRQHandler
                0x000000000800183c                SDIO_IRQHandler
                0x000000000800183c                TAMP_STAMP_IRQHandler
                0x000000000800183c                PendSV_Handler
                0x000000000800183c                NMI_Handler
                0x000000000800183c                CAN2_RX1_IRQHandler
                0x000000000800183c                EXTI3_IRQHandler
                0x000000000800183c                TIM8_TRG_COM_TIM14_IRQHandler
                0x000000000800183c                TIM1_UP_TIM10_IRQHandler
                0x000000000800183c                FMPI2C1_error_IRQHandler
                0x000000000800183c                TIM8_UP_TIM13_IRQHandler
                0x000000000800183c                I2C3_ER_IRQHandler
                0x000000000800183c                EXTI0_IRQHandler
                0x000000000800183c                I2C2_EV_IRQHandler
                0x000000000800183c                DMA1_Stream2_IRQHandler
                0x000000000800183c                CAN1_RX0_IRQHandler
                0x000000000800183c                FPU_IRQHandler
                0x000000000800183c                OTG_HS_WKUP_IRQHandler
                0x000000000800183c                UsageFault_Handler
                0x000000000800183c                CAN2_SCE_IRQHandler
                0x000000000800183c                DMA2_Stream2_IRQHandler
                0x000000000800183c                SPI1_IRQHandler
                0x000000000800183c                TIM6_DAC_IRQHandler
                0x000000000800183c                TIM1_BRK_TIM9_IRQHandler
                0x000000000800183c                DCMI_IRQHandler
                0x000000000800183c                CAN2_RX0_IRQHandler
                0x000000000800183c                DMA2_Stream3_IRQHandler
                0x000000000800183c                FMPI2C1_IRQHandler
                0x000000000800183c                SAI2_IRQHandler
                0x000000000800183c                USART6_IRQHandler
                0x000000000800183c                USART3_IRQHandler
                0x000000000800183c                CAN1_RX1_IRQHandler
                0x000000000800183c                UART5_IRQHandler
                0x000000000800183c                DMA2_Stream0_IRQHandler
                0x000000000800183c                TIM4_IRQHandler
                0x000000000800183c                I2C1_EV_IRQHandler
                0x000000000800183c                HDMI_CEC_IRQHandler
                0x000000000800183c                DMA1_Stream6_IRQHandler
                0x000000000800183c                DMA1_Stream1_IRQHandler
                0x000000000800183c                UART4_IRQHandler
                0x000000000800183c                TIM3_IRQHandler
                0x000000000800183c                RCC_IRQHandler
                0x000000000800183c                TIM8_BRK_TIM12_IRQHandler
                0x000000000800183c                Default_Handler
                0x000000000800183c                EXTI15_10_IRQHandler
                0x000000000800183c                ADC_IRQHandler
                0x000000000800183c                DMA1_Stream7_IRQHandler
                0x000000000800183c                TIM7_IRQHandler
                0x000000000800183c                CAN2_TX_IRQHandler
                0x000000000800183c                TIM5_IRQHandler
                0x000000000800183c                DMA2_Stream7_IRQHandler
                0x000000000800183c                I2C3_EV_IRQHandler
                0x000000000800183c                EXTI9_5_IRQHandler
                0x000000000800183c                RTC_WKUP_IRQHandler
                0x000000000800183c                SPI2_IRQHandler
                0x000000000800183c                OTG_HS_EP1_IN_IRQHandler
                0x000000000800183c                MemManage_Handler
                0x000000000800183c                DMA1_Stream0_IRQHandler
                0x000000000800183c                CAN1_TX_IRQHandler
                0x000000000800183c                SVC_Handler
                0x000000000800183c                EXTI4_IRQHandler
                0x000000000800183c                OTG_HS_EP1_OUT_IRQHandler
                0x000000000800183c                WWDG_IRQHandler
                0x000000000800183c                TIM2_IRQHandler
                0x000000000800183c                OTG_FS_WKUP_IRQHandler
                0x000000000800183c                TIM1_TRG_COM_TIM11_IRQHandler
                0x000000000800183c                OTG_HS_IRQHandler
                0x000000000800183c                EXTI1_IRQHandler
                0x000000000800183c                USART2_IRQHandler
                0x000000000800183c                I2C2_ER_IRQHandler
                0x000000000800183c                DMA2_Stream1_IRQHandler
                0x000000000800183c                CAN1_SCE_IRQHandler
                0x000000000800183c                FLASH_IRQHandler
                0x000000000800183c                DMA2_Stream4_IRQHandler
                0x000000000800183c                BusFault_Handler
                0x000000000800183c                USART1_IRQHandler
                0x000000000800183c                OTG_FS_IRQHandler
                0x000000000800183c                SPI3_IRQHandler
                0x000000000800183c                DMA1_Stream4_IRQHandler
                0x000000000800183c                I2C1_ER_IRQHandler
                0x000000000800183c                FMC_IRQHandler
                0x000000000800183c                DMA2_Stream6_IRQHandler
                0x000000000800183c                SAI1_IRQHandler
                0x000000000800183c                DMA1_Stream3_IRQHandler
 *fill*         0x000000000800183e        0x2 
 .text.__errno  0x0000000008001840        0xc c:/st/stm32cubeide_1.2.0/stm32cubeide/plugins/com.st.stm32cube.ide.mcu.externaltools.gnu-tools-for-stm32.7-2018-q2-update.win32_1.0.0.201904181610/tools/bin/../lib/gcc/arm-none-eabi/7.3.1/../../../../arm-none-eabi/lib/thumb/v7e-m\libc_nano.a(lib_a-errno.o)
                0x0000000008001840                __errno
 .text.__libc_init_array
                0x000000000800184c       0x48 c:/st/stm32cubeide_1.2.0/stm32cubeide/plugins/com.st.stm32cube.ide.mcu.externaltools.gnu-tools-for-stm32.7-2018-q2-update.win32_1.0.0.201904181610/tools/bin/../lib/gcc/arm-none-eabi/7.3.1/../../../../arm-none-eabi/lib/thumb/v7e-m\libc_nano.a(lib_a-init.o)
                0x000000000800184c                __libc_init_array
 .text.sprintf  0x0000000008001894       0x40 c:/st/stm32cubeide_1.2.0/stm32cubeide/plugins/com.st.stm32cube.ide.mcu.externaltools.gnu-tools-for-stm32.7-2018-q2-update.win32_1.0.0.201904181610/tools/bin/../lib/gcc/arm-none-eabi/7.3.1/../../../../arm-none-eabi/lib/thumb/v7e-m\libc_nano.a(lib_a-sprintf.o)
                0x0000000008001894                siprintf
                0x0000000008001894                sprintf
 .text.__ssputs_r
                0x00000000080018d4       0xb4 c:/st/stm32cubeide_1.2.0/stm32cubeide/plugins/com.st.stm32cube.ide.mcu.externaltools.gnu-tools-for-stm32.7-2018-q2-update.win32_1.0.0.201904181610/tools/bin/../lib/gcc/arm-none-eabi/7.3.1/../../../../arm-none-eabi/lib/thumb/v7e-m\libc_nano.a(lib_a-nano-svfprintf.o)
                0x00000000080018d4                __ssputs_r
 .text._svfprintf_r
                0x0000000008001988      0x1f0 c:/st/stm32cubeide_1.2.0/stm32cubeide/plugins/com.st.stm32cube.ide.mcu.externaltools.gnu-tools-for-stm32.7-2018-q2-update.win32_1.0.0.201904181610/tools/bin/../lib/gcc/arm-none-eabi/7.3.1/../../../../arm-none-eabi/lib/thumb/v7e-m\libc_nano.a(lib_a-nano-svfprintf.o)
                0x0000000008001988                _svfiprintf_r
                0x0000000008001988                _svfprintf_r
 .text._printf_common
                0x0000000008001b78       0xea c:/st/stm32cubeide_1.2.0/stm32cubeide/plugins/com.st.stm32cube.ide.mcu.externaltools.gnu-tools-for-stm32.7-2018-q2-update.win32_1.0.0.201904181610/tools/bin/../lib/gcc/arm-none-eabi/7.3.1/../../../../arm-none-eabi/lib/thumb/v7e-m\libc_nano.a(lib_a-nano-vfprintf_i.o)
                0x0000000008001b78                _printf_common
 *fill*         0x0000000008001c62        0x2 
 .text._printf_i
                0x0000000008001c64      0x224 c:/st/stm32cubeide_1.2.0/stm32cubeide/plugins/com.st.stm32cube.ide.mcu.externaltools.gnu-tools-for-stm32.7-2018-q2-update.win32_1.0.0.201904181610/tools/bin/../lib/gcc/arm-none-eabi/7.3.1/../../../../arm-none-eabi/lib/thumb/v7e-m\libc_nano.a(lib_a-nano-vfprintf_i.o)
                0x0000000008001c64                _printf_i
 .text.memcpy   0x0000000008001e88       0x16 c:/st/stm32cubeide_1.2.0/stm32cubeide/plugins/com.st.stm32cube.ide.mcu.externaltools.gnu-tools-for-stm32.7-2018-q2-update.win32_1.0.0.201904181610/tools/bin/../lib/gcc/arm-none-eabi/7.3.1/../../../../arm-none-eabi/lib/thumb/v7e-m\libc_nano.a(lib_a-memcpy-stub.o)
                0x0000000008001e88                memcpy
 .text.memmove  0x0000000008001e9e       0x32 c:/st/stm32cubeide_1.2.0/stm32cubeide/plugins/com.st.stm32cube.ide.mcu.externaltools.gnu-tools-for-stm32.7-2018-q2-update.win32_1.0.0.201904181610/tools/bin/../lib/gcc/arm-none-eabi/7.3.1/../../../../arm-none-eabi/lib/thumb/v7e-m\libc_nano.a(lib_a-memmove.o)
                0x0000000008001e9e                memmove
 .text._free_r  0x0000000008001ed0       0x9c c:/st/stm32cubeide_1.2.0/stm32cubeide/plugins/com.st.stm32cube.ide.mcu.externaltools.gnu-tools-for-stm32.7-2018-q2-update.win32_1.0.0.201904181610/tools/bin/../lib/gcc/arm-none-eabi/7.3.1/../../../../arm-none-eabi/lib/thumb/v7e-m\libc_nano.a(lib_a-nano-freer.o)
                0x0000000008001ed0                _free_r
 .text._malloc_r
                0x0000000008001f6c       0xb4 c:/st/stm32cubeide_1.2.0/stm32cubeide/plugins/com.st.stm32cube.ide.mcu.externaltools.gnu-tools-for-stm32.7-2018-q2-update.win32_1.0.0.201904181610/tools/bin/../lib/gcc/arm-none-eabi/7.3.1/../../../../arm-none-eabi/lib/thumb/v7e-m\libc_nano.a(lib_a-nano-mallocr.o)
                0x0000000008001f6c                _malloc_r
 .text._realloc_r
                0x0000000008002020       0x4c c:/st/stm32cubeide_1.2.0/stm32cubeide/plugins/com.st.stm32cube.ide.mcu.externaltools.gnu-tools-for-stm32.7-2018-q2-update.win32_1.0.0.201904181610/tools/bin/../lib/gcc/arm-none-eabi/7.3.1/../../../../arm-none-eabi/lib/thumb/v7e-m\libc_nano.a(lib_a-nano-reallocr.o)
                0x0000000008002020                _realloc_r
 .text._sbrk_r  0x000000000800206c       0x20 c:/st/stm32cubeide_1.2.0/stm32cubeide/plugins/com.st.stm32cube.ide.mcu.externaltools.gnu-tools-for-stm32.7-2018-q2-update.win32_1.0.0.201904181610/tools/bin/../lib/gcc/arm-none-eabi/7.3.1/../../../../arm-none-eabi/lib/thumb/v7e-m\libc_nano.a(lib_a-sbrkr.o)
                0x000000000800206c                _sbrk_r
 .text.__malloc_lock
                0x000000000800208c        0x2 c:/st/stm32cubeide_1.2.0/stm32cubeide/plugins/com.st.stm32cube.ide.mcu.externaltools.gnu-tools-for-stm32.7-2018-q2-update.win32_1.0.0.201904181610/tools/bin/../lib/gcc/arm-none-eabi/7.3.1/../../../../arm-none-eabi/lib/thumb/v7e-m\libc_nano.a(lib_a-mlock.o)
                0x000000000800208c                __malloc_lock
 .text.__malloc_unlock
                0x000000000800208e        0x2 c:/st/stm32cubeide_1.2.0/stm32cubeide/plugins/com.st.stm32cube.ide.mcu.externaltools.gnu-tools-for-stm32.7-2018-q2-update.win32_1.0.0.201904181610/tools/bin/../lib/gcc/arm-none-eabi/7.3.1/../../../../arm-none-eabi/lib/thumb/v7e-m\libc_nano.a(lib_a-mlock.o)
                0x000000000800208e                __malloc_unlock
 .text._malloc_usable_size_r
                0x0000000008002090       0x10 c:/st/stm32cubeide_1.2.0/stm32cubeide/plugins/com.st.stm32cube.ide.mcu.externaltools.gnu-tools-for-stm32.7-2018-q2-update.win32_1.0.0.201904181610/tools/bin/../lib/gcc/arm-none-eabi/7.3.1/../../../../arm-none-eabi/lib/thumb/v7e-m\libc_nano.a(lib_a-nano-msizer.o)
                0x0000000008002090                _malloc_usable_size_r
 *(.glue_7)
 .glue_7        0x00000000080020a0        0x0 linker stubs
 *(.glue_7t)
 .glue_7t       0x00000000080020a0        0x0 linker stubs
 *(.eh_frame)
 .eh_frame      0x00000000080020a0        0x0 c:/st/stm32cubeide_1.2.0/stm32cubeide/plugins/com.st.stm32cube.ide.mcu.externaltools.gnu-tools-for-stm32.7-2018-q2-update.win32_1.0.0.201904181610/tools/bin/../lib/gcc/arm-none-eabi/7.3.1/thumb/v7e-m/crtbegin.o
 *(.init)
 .init          0x00000000080020a0        0x4 c:/st/stm32cubeide_1.2.0/stm32cubeide/plugins/com.st.stm32cube.ide.mcu.externaltools.gnu-tools-for-stm32.7-2018-q2-update.win32_1.0.0.201904181610/tools/bin/../lib/gcc/arm-none-eabi/7.3.1/thumb/v7e-m/crti.o
                0x00000000080020a0                _init
 .init          0x00000000080020a4        0x8 c:/st/stm32cubeide_1.2.0/stm32cubeide/plugins/com.st.stm32cube.ide.mcu.externaltools.gnu-tools-for-stm32.7-2018-q2-update.win32_1.0.0.201904181610/tools/bin/../lib/gcc/arm-none-eabi/7.3.1/thumb/v7e-m/crtn.o
 *(.fini)
 .fini          0x00000000080020ac        0x4 c:/st/stm32cubeide_1.2.0/stm32cubeide/plugins/com.st.stm32cube.ide.mcu.externaltools.gnu-tools-for-stm32.7-2018-q2-update.win32_1.0.0.201904181610/tools/bin/../lib/gcc/arm-none-eabi/7.3.1/thumb/v7e-m/crti.o
                0x00000000080020ac                _fini
 .fini          0x00000000080020b0        0x8 c:/st/stm32cubeide_1.2.0/stm32cubeide/plugins/com.st.stm32cube.ide.mcu.externaltools.gnu-tools-for-stm32.7-2018-q2-update.win32_1.0.0.201904181610/tools/bin/../lib/gcc/arm-none-eabi/7.3.1/thumb/v7e-m/crtn.o
                0x00000000080020b8                . = ALIGN (0x4)
                0x00000000080020b8                _etext = .

.vfp11_veneer   0x00000000080020b8        0x0
 .vfp11_veneer  0x00000000080020b8        0x0 linker stubs

.v4_bx          0x00000000080020b8        0x0
 .v4_bx         0x00000000080020b8        0x0 linker stubs

.iplt           0x00000000080020b8        0x0
 .iplt          0x00000000080020b8        0x0 c:/st/stm32cubeide_1.2.0/stm32cubeide/plugins/com.st.stm32cube.ide.mcu.externaltools.gnu-tools-for-stm32.7-2018-q2-update.win32_1.0.0.201904181610/tools/bin/../lib/gcc/arm-none-eabi/7.3.1/thumb/v7e-m/crtbegin.o

.rodata         0x00000000080020b8       0x4c
                0x00000000080020b8                . = ALIGN (0x4)
 *(.rodata)
 .rodata        0x00000000080020b8       0x16 Src/adc_read_simple.o
 *(.rodata*)
 .rodata._svfprintf_r.str1.1
                0x00000000080020ce       0x11 c:/st/stm32cubeide_1.2.0/stm32cubeide/plugins/com.st.stm32cube.ide.mcu.externaltools.gnu-tools-for-stm32.7-2018-q2-update.win32_1.0.0.201904181610/tools/bin/../lib/gcc/arm-none-eabi/7.3.1/../../../../arm-none-eabi/lib/thumb/v7e-m\libc_nano.a(lib_a-nano-svfprintf.o)
 .rodata._printf_i.str1.1
                0x00000000080020df       0x22 c:/st/stm32cubeide_1.2.0/stm32cubeide/plugins/com.st.stm32cube.ide.mcu.externaltools.gnu-tools-for-stm32.7-2018-q2-update.win32_1.0.0.201904181610/tools/bin/../lib/gcc/arm-none-eabi/7.3.1/../../../../arm-none-eabi/lib/thumb/v7e-m\libc_nano.a(lib_a-nano-vfprintf_i.o)
                0x0000000008002104                . = ALIGN (0x4)
 *fill*         0x0000000008002101        0x3 

.rel.dyn        0x0000000008002104        0x0
 .rel.iplt      0x0000000008002104        0x0 c:/st/stm32cubeide_1.2.0/stm32cubeide/plugins/com.st.stm32cube.ide.mcu.externaltools.gnu-tools-for-stm32.7-2018-q2-update.win32_1.0.0.201904181610/tools/bin/../lib/gcc/arm-none-eabi/7.3.1/thumb/v7e-m/crtbegin.o

.ARM.extab      0x0000000008002104        0x0
                0x0000000008002104                . = ALIGN (0x4)
 *(.ARM.extab* .gnu.linkonce.armextab.*)
                0x0000000008002104                . = ALIGN (0x4)

.ARM            0x0000000008002104        0x0
                0x0000000008002104                . = ALIGN (0x4)
                0x0000000008002104                __exidx_start = .
 *(.ARM.exidx*)
                0x0000000008002104                __exidx_end = .
                0x0000000008002104                . = ALIGN (0x4)

.preinit_array  0x0000000008002104        0x0
                0x0000000008002104                . = ALIGN (0x4)
                0x0000000008002104                PROVIDE (__preinit_array_start = .)
 *(.preinit_array*)
                0x0000000008002104                PROVIDE (__preinit_array_end = .)
                0x0000000008002104                . = ALIGN (0x4)

.init_array     0x0000000008002104        0x4
                0x0000000008002104                . = ALIGN (0x4)
                0x0000000008002104                PROVIDE (__init_array_start = .)
 *(SORT_BY_NAME(.init_array.*))
 *(.init_array*)
 .init_array    0x0000000008002104        0x4 c:/st/stm32cubeide_1.2.0/stm32cubeide/plugins/com.st.stm32cube.ide.mcu.externaltools.gnu-tools-for-stm32.7-2018-q2-update.win32_1.0.0.201904181610/tools/bin/../lib/gcc/arm-none-eabi/7.3.1/thumb/v7e-m/crtbegin.o
                0x0000000008002108                PROVIDE (__init_array_end = .)
                0x0000000008002108                . = ALIGN (0x4)

.fini_array     0x0000000008002108        0x4
                0x0000000008002108                . = ALIGN (0x4)
                [!provide]                        PROVIDE (__fini_array_start = .)
 *(SORT_BY_NAME(.fini_array.*))
 *(.fini_array*)
 .fini_array    0x0000000008002108        0x4 c:/st/stm32cubeide_1.2.0/stm32cubeide/plugins/com.st.stm32cube.ide.mcu.externaltools.gnu-tools-for-stm32.7-2018-q2-update.win32_1.0.0.201904181610/tools/bin/../lib/gcc/arm-none-eabi/7.3.1/thumb/v7e-m/crtbegin.o
                [!provide]                        PROVIDE (__fini_array_end = .)
                0x000000000800210c                . = ALIGN (0x4)
                0x000000000800210c                _sidata = LOADADDR (.data)

.data           0x0000000020000000       0x7c load address 0x000000000800210c
                0x0000000020000000                . = ALIGN (0x4)
                0x0000000020000000                _sdata = .
 *(.data)
 *(.data*)
 .data.AHB_Prescaler
                0x0000000020000000       0x10 Drivers/Src/stm32f446xx_rcc_driver.o
 .data.PPRE1_Prescaler
                0x0000000020000010        0x4 Drivers/Src/stm32f446xx_rcc_driver.o
 .data.PPRE2_Prescaler
                0x0000000020000014        0x4 Drivers/Src/stm32f446xx_rcc_driver.o
 .data._impure_ptr
                0x0000000020000018        0x4 c:/st/stm32cubeide_1.2.0/stm32cubeide/plugins/com.st.stm32cube.ide.mcu.externaltools.gnu-tools-for-stm32.7-2018-q2-update.win32_1.0.0.201904181610/tools/bin/../lib/gcc/arm-none-eabi/7.3.1/../../../../arm-none-eabi/lib/thumb/v7e-m\libc_nano.a(lib_a-impure.o)
                0x0000000020000018                _impure_ptr
 .data.impure_data
                0x000000002000001c       0x60 c:/st/stm32cubeide_1.2.0/stm32cubeide/plugins/com.st.stm32cube.ide.mcu.externaltools.gnu-tools-for-stm32.7-2018-q2-update.win32_1.0.0.201904181610/tools/bin/../lib/gcc/arm-none-eabi/7.3.1/../../../../arm-none-eabi/lib/thumb/v7e-m\libc_nano.a(lib_a-impure.o)
                0x000000002000007c                . = ALIGN (0x4)
                0x000000002000007c                _edata = .

.igot.plt       0x000000002000007c        0x0 load address 0x0000000008002188
 .igot.plt      0x000000002000007c        0x0 c:/st/stm32cubeide_1.2.0/stm32cubeide/plugins/com.st.stm32cube.ide.mcu.externaltools.gnu-tools-for-stm32.7-2018-q2-update.win32_1.0.0.201904181610/tools/bin/../lib/gcc/arm-none-eabi/7.3.1/thumb/v7e-m/crtbegin.o
                0x000000002000007c                . = ALIGN (0x4)

.bss            0x000000002000007c       0x64 load address 0x0000000008002188
                0x000000002000007c                _sbss = .
                0x000000002000007c                __bss_start__ = _sbss
 *(.bss)
 .bss           0x000000002000007c       0x1c c:/st/stm32cubeide_1.2.0/stm32cubeide/plugins/com.st.stm32cube.ide.mcu.externaltools.gnu-tools-for-stm32.7-2018-q2-update.win32_1.0.0.201904181610/tools/bin/../lib/gcc/arm-none-eabi/7.3.1/thumb/v7e-m/crtbegin.o
 *(.bss*)
 .bss.heap_end.5149
                0x0000000020000098        0x4 Src/sysmem.o
 .bss.__malloc_free_list
                0x000000002000009c        0x4 c:/st/stm32cubeide_1.2.0/stm32cubeide/plugins/com.st.stm32cube.ide.mcu.externaltools.gnu-tools-for-stm32.7-2018-q2-update.win32_1.0.0.201904181610/tools/bin/../lib/gcc/arm-none-eabi/7.3.1/../../../../arm-none-eabi/lib/thumb/v7e-m\libc_nano.a(lib_a-nano-mallocr.o)
                0x000000002000009c                __malloc_free_list
 .bss.__malloc_sbrk_start
                0x00000000200000a0        0x4 c:/st/stm32cubeide_1.2.0/stm32cubeide/plugins/com.st.stm32cube.ide.mcu.externaltools.gnu-tools-for-stm32.7-2018-q2-update.win32_1.0.0.201904181610/tools/bin/../lib/gcc/arm-none-eabi/7.3.1/../../../../arm-none-eabi/lib/thumb/v7e-m\libc_nano.a(lib_a-nano-mallocr.o)
                0x00000000200000a0                __malloc_sbrk_start
 *(COMMON)
 COMMON         0x00000000200000a4       0x38 Src/adc_read_simple.o
                0x00000000200000a4                Adc_Input
                0x00000000200000b4                Usart_Handle
 COMMON         0x00000000200000dc        0x4 c:/st/stm32cubeide_1.2.0/stm32cubeide/plugins/com.st.stm32cube.ide.mcu.externaltools.gnu-tools-for-stm32.7-2018-q2-update.win32_1.0.0.201904181610/tools/bin/../lib/gcc/arm-none-eabi/7.3.1/../../../../arm-none-eabi/lib/thumb/v7e-m\libc_nano.a(lib_a-reent.o)
                0x00000000200000dc                errno
                0x00000000200000e0                . = ALIGN (0x4)
                0x00000000200000e0                _ebss = .
                0x00000000200000e0                __bss_end__ = _ebss

._user_heap_stack
                0x00000000200000e0      0x600 load address 0x0000000008002188
                0x00000000200000e0                . = ALIGN (0x8)
                0x00000000200000e0                PROVIDE (end = .)
                [!provide]                        PROVIDE (_end = .)
                0x00000000200002e0                . = (. + _Min_Heap_Size)
 *fill*         0x00000000200000e0      0x200 
                0x00000000200006e0                . = (. + _Min_Stack_Size)
 *fill*         0x00000000200002e0      0x400 
                0x00000000200006e0                . = ALIGN (0x8)

/DISCARD/
 libc.a(*)
 libm.a(*)
 libgcc.a(*)

.ARM.attributes
                0x0000000000000000       0x2a
 *(.ARM.attributes)
 .ARM.attributes
                0x0000000000000000       0x1e c:/st/stm32cubeide_1.2.0/stm32cubeide/plugins/com.st.stm32cube.ide.mcu.externaltools.gnu-tools-for-stm32.7-2018-q2-update.win32_1.0.0.201904181610/tools/bin/../lib/gcc/arm-none-eabi/7.3.1/thumb/v7e-m/crti.o
 .ARM.attributes
                0x000000000000001e       0x2e c:/st/stm32cubeide_1.2.0/stm32cubeide/plugins/com.st.stm32cube.ide.mcu.externaltools.gnu-tools-for-stm32.7-2018-q2-update.win32_1.0.0.201904181610/tools/bin/../lib/gcc/arm-none-eabi/7.3.1/thumb/v7e-m/crtbegin.o
 .ARM.attributes
                0x000000000000004c       0x33 Drivers/Src/stm32f446xx_adc_driver.o
 .ARM.attributes
                0x000000000000007f       0x33 Drivers/Src/stm32f446xx_gpio_driver.o
 .ARM.attributes
                0x00000000000000b2       0x33 Drivers/Src/stm32f446xx_rcc_driver.o
 .ARM.attributes
                0x00000000000000e5       0x33 Drivers/Src/stm32f446xx_usart_driver.o
 .ARM.attributes
                0x0000000000000118       0x33 Src/adc_read_simple.o
 .ARM.attributes
                0x000000000000014b       0x33 Src/sysmem.o
 .ARM.attributes
                0x000000000000017e       0x21 Startup/startup_stm32f446retx.o
 .ARM.attributes
                0x000000000000019f       0x2e c:/st/stm32cubeide_1.2.0/stm32cubeide/plugins/com.st.stm32cube.ide.mcu.externaltools.gnu-tools-for-stm32.7-2018-q2-update.win32_1.0.0.201904181610/tools/bin/../lib/gcc/arm-none-eabi/7.3.1/../../../../arm-none-eabi/lib/thumb/v7e-m\libc_nano.a(lib_a-errno.o)
 .ARM.attributes
                0x00000000000001cd       0x2e c:/st/stm32cubeide_1.2.0/stm32cubeide/plugins/com.st.stm32cube.ide.mcu.externaltools.gnu-tools-for-stm32.7-2018-q2-update.win32_1.0.0.201904181610/tools/bin/../lib/gcc/arm-none-eabi/7.3.1/../../../../arm-none-eabi/lib/thumb/v7e-m\libc_nano.a(lib_a-impure.o)
 .ARM.attributes
                0x00000000000001fb       0x2e c:/st/stm32cubeide_1.2.0/stm32cubeide/plugins/com.st.stm32cube.ide.mcu.externaltools.gnu-tools-for-stm32.7-2018-q2-update.win32_1.0.0.201904181610/tools/bin/../lib/gcc/arm-none-eabi/7.3.1/../../../../arm-none-eabi/lib/thumb/v7e-m\libc_nano.a(lib_a-init.o)
 .ARM.attributes
                0x0000000000000229       0x2e c:/st/stm32cubeide_1.2.0/stm32cubeide/plugins/com.st.stm32cube.ide.mcu.externaltools.gnu-tools-for-stm32.7-2018-q2-update.win32_1.0.0.201904181610/tools/bin/../lib/gcc/arm-none-eabi/7.3.1/../../../../arm-none-eabi/lib/thumb/v7e-m\libc_nano.a(lib_a-sprintf.o)
 .ARM.attributes
                0x0000000000000257       0x17 c:/st/stm32cubeide_1.2.0/stm32cubeide/plugins/com.st.stm32cube.ide.mcu.externaltools.gnu-tools-for-stm32.7-2018-q2-update.win32_1.0.0.201904181610/tools/bin/../lib/gcc/arm-none-eabi/7.3.1/../../../../arm-none-eabi/lib/thumb/v7e-m\libc_nano.a(lib_a-strlen.o)
 .ARM.attributes
                0x000000000000026e       0x2e c:/st/stm32cubeide_1.2.0/stm32cubeide/plugins/com.st.stm32cube.ide.mcu.externaltools.gnu-tools-for-stm32.7-2018-q2-update.win32_1.0.0.201904181610/tools/bin/../lib/gcc/arm-none-eabi/7.3.1/../../../../arm-none-eabi/lib/thumb/v7e-m\libc_nano.a(lib_a-nano-svfprintf.o)
 .ARM.attributes
                0x000000000000029c       0x2e c:/st/stm32cubeide_1.2.0/stm32cubeide/plugins/com.st.stm32cube.ide.mcu.externaltools.gnu-tools-for-stm32.7-2018-q2-update.win32_1.0.0.201904181610/tools/bin/../lib/gcc/arm-none-eabi/7.3.1/../../../../arm-none-eabi/lib/thumb/v7e-m\libc_nano.a(lib_a-nano-vfprintf_i.o)
 .ARM.attributes
                0x00000000000002ca       0x1c c:/st/stm32cubeide_1.2.0/stm32cubeide/plugins/com.st.stm32cube.ide.mcu.externaltools.gnu-tools-for-stm32.7-2018-q2-update.win32_1.0.0.201904181610/tools/bin/../lib/gcc/arm-none-eabi/7.3.1/../../../../arm-none-eabi/lib/thumb/v7e-m\libc_nano.a(lib_a-memchr.o)
 .ARM.attributes
                0x00000000000002e6       0x2e c:/st/stm32cubeide_1.2.0/stm32cubeide/plugins/com.st.stm32cube.ide.mcu.externaltools.gnu-tools-for-stm32.7-2018-q2-update.win32_1.0.0.201904181610/tools/bin/../lib/gcc/arm-none-eabi/7.3.1/../../../../arm-none-eabi/lib/thumb/v7e-m\libc_nano.a(lib_a-memcpy-stub.o)
 .ARM.attributes
                0x0000000000000314       0x2e c:/st/stm32cubeide_1.2.0/stm32cubeide/plugins/com.st.stm32cube.ide.mcu.externaltools.gnu-tools-for-stm32.7-2018-q2-update.win32_1.0.0.201904181610/tools/bin/../lib/gcc/arm-none-eabi/7.3.1/../../../../arm-none-eabi/lib/thumb/v7e-m\libc_nano.a(lib_a-memmove.o)
 .ARM.attributes
                0x0000000000000342       0x2e c:/st/stm32cubeide_1.2.0/stm32cubeide/plugins/com.st.stm32cube.ide.mcu.externaltools.gnu-tools-for-stm32.7-2018-q2-update.win32_1.0.0.201904181610/tools/bin/../lib/gcc/arm-none-eabi/7.3.1/../../../../arm-none-eabi/lib/thumb/v7e-m\libc_nano.a(lib_a-nano-freer.o)
 .ARM.attributes
                0x0000000000000370       0x2e c:/st/stm32cubeide_1.2.0/stm32cubeide/plugins/com.st.stm32cube.ide.mcu.externaltools.gnu-tools-for-stm32.7-2018-q2-update.win32_1.0.0.201904181610/tools/bin/../lib/gcc/arm-none-eabi/7.3.1/../../../../arm-none-eabi/lib/thumb/v7e-m\libc_nano.a(lib_a-nano-mallocr.o)
 .ARM.attributes
                0x000000000000039e       0x2e c:/st/stm32cubeide_1.2.0/stm32cubeide/plugins/com.st.stm32cube.ide.mcu.externaltools.gnu-tools-for-stm32.7-2018-q2-update.win32_1.0.0.201904181610/tools/bin/../lib/gcc/arm-none-eabi/7.3.1/../../../../arm-none-eabi/lib/thumb/v7e-m\libc_nano.a(lib_a-nano-reallocr.o)
 .ARM.attributes
                0x00000000000003cc       0x2e c:/st/stm32cubeide_1.2.0/stm32cubeide/plugins/com.st.stm32cube.ide.mcu.externaltools.gnu-tools-for-stm32.7-2018-q2-update.win32_1.0.0.201904181610/tools/bin/../lib/gcc/arm-none-eabi/7.3.1/../../../../arm-none-eabi/lib/thumb/v7e-m\libc_nano.a(lib_a-sbrkr.o)
 .ARM.attributes
                0x00000000000003fa       0x2e c:/st/stm32cubeide_1.2.0/stm32cubeide/plugins/com.st.stm32cube.ide.mcu.externaltools.gnu-tools-for-stm32.7-2018-q2-update.win32_1.0.0.201904181610/tools/bin/../lib/gcc/arm-none-eabi/7.3.1/../../../../arm-none-eabi/lib/thumb/v7e-m\libc_nano.a(lib_a-mlock.o)
 .ARM.attributes
                0x0000000000000428       0x2e c:/st/stm32cubeide_1.2.0/stm32cubeide/plugins/com.st.stm32cube.ide.mcu.externaltools.gnu-tools-for-stm32.7-2018-q2-update.win32_1.0.0.201904181610/tools/bin/../lib/gcc/arm-none-eabi/7.3.1/../../../../arm-none-eabi/lib/thumb/v7e-m\libc_nano.a(lib_a-nano-msizer.o)
 .ARM.attributes
                0x0000000000000456       0x2e c:/st/stm32cubeide_1.2.0/stm32cubeide/plugins/com.st.stm32cube.ide.mcu.externaltools.gnu-tools-for-stm32.7-2018-q2-update.win32_1.0.0.201904181610/tools/bin/../lib/gcc/arm-none-eabi/7.3.1/../../../../arm-none-eabi/lib/thumb/v7e-m\libc_nano.a(lib_a-reent.o)
 .ARM.attributes
                0x0000000000000484       0x1e c:/st/stm32cubeide_1.2.0/stm32cubeide/plugins/com.st.stm32cube.ide.mcu.externaltools.gnu-tools-for-stm32.7-2018-q2-update.win32_1.0.0.201904181610/tools/bin/../lib/gcc/arm-none-eabi/7.3.1/thumb/v7e-m\libgcc.a(_arm_addsubsf3.o)
 .ARM.attributes
                0x00000000000004a2       0x1e c:/st/stm32cubeide_1.2.0/stm32cubeide/plugins/com.st.stm32cube.ide.mcu.externaltools.gnu-tools-for-stm32.7-2018-q2-update.win32_1.0.0.201904181610/tools/bin/../lib/gcc/arm-none-eabi/7.3.1/thumb/v7e-m\libgcc.a(_arm_muldivsf3.o)
 .ARM.attributes
                0x00000000000004c0       0x1e c:/st/stm32cubeide_1.2.0/stm32cubeide/plugins/com.st.stm32cube.ide.mcu.externaltools.gnu-tools-for-stm32.7-2018-q2-update.win32_1.0.0.201904181610/tools/bin/../lib/gcc/arm-none-eabi/7.3.1/thumb/v7e-m\libgcc.a(_arm_fixunssfsi.o)
 .ARM.attributes
                0x00000000000004de       0x1e c:/st/stm32cubeide_1.2.0/stm32cubeide/plugins/com.st.stm32cube.ide.mcu.externaltools.gnu-tools-for-stm32.7-2018-q2-update.win32_1.0.0.201904181610/tools/bin/../lib/gcc/arm-none-eabi/7.3.1/thumb/v7e-m/crtn.o
OUTPUT(stm32f446xx.elf elf32-littlearm)

.debug_info     0x0000000000000000     0x55b8
 .debug_info    0x0000000000000000     0x10c6 Drivers/Src/stm32f446xx_adc_driver.o
 .debug_info    0x00000000000010c6     0x106d Drivers/Src/stm32f446xx_gpio_driver.o
 .debug_info    0x0000000000002133      0xc34 Drivers/Src/stm32f446xx_rcc_driver.o
 .debug_info    0x0000000000002d67     0x1131 Drivers/Src/stm32f446xx_usart_driver.o
 .debug_info    0x0000000000003e98      0xde2 Src/adc_read_simple.o
 .debug_info    0x0000000000004c7a      0x91c Src/sysmem.o
 .debug_info    0x0000000000005596       0x22 Startup/startup_stm32f446retx.o

.debug_abbrev   0x0000000000000000      0xd7b
 .debug_abbrev  0x0000000000000000      0x2e3 Drivers/Src/stm32f446xx_adc_driver.o
 .debug_abbrev  0x00000000000002e3      0x258 Drivers/Src/stm32f446xx_gpio_driver.o
 .debug_abbrev  0x000000000000053b      0x1bc Drivers/Src/stm32f446xx_rcc_driver.o
 .debug_abbrev  0x00000000000006f7      0x2b7 Drivers/Src/stm32f446xx_usart_driver.o
 .debug_abbrev  0x00000000000009ae      0x200 Src/adc_read_simple.o
 .debug_abbrev  0x0000000000000bae      0x1bb Src/sysmem.o
 .debug_abbrev  0x0000000000000d69       0x12 Startup/startup_stm32f446retx.o

.debug_aranges  0x0000000000000000      0x258
 .debug_aranges
                0x0000000000000000       0x80 Drivers/Src/stm32f446xx_adc_driver.o
 .debug_aranges
                0x0000000000000080       0x78 Drivers/Src/stm32f446xx_gpio_driver.o
 .debug_aranges
                0x00000000000000f8       0x30 Drivers/Src/stm32f446xx_rcc_driver.o
 .debug_aranges
                0x0000000000000128       0xa8 Drivers/Src/stm32f446xx_usart_driver.o
 .debug_aranges
                0x00000000000001d0       0x40 Src/adc_read_simple.o
 .debug_aranges
                0x0000000000000210       0x20 Src/sysmem.o
 .debug_aranges
                0x0000000000000230       0x28 Startup/startup_stm32f446retx.o

.debug_ranges   0x0000000000000000      0x1f0
 .debug_ranges  0x0000000000000000       0x70 Drivers/Src/stm32f446xx_adc_driver.o
 .debug_ranges  0x0000000000000070       0x68 Drivers/Src/stm32f446xx_gpio_driver.o
 .debug_ranges  0x00000000000000d8       0x20 Drivers/Src/stm32f446xx_rcc_driver.o
 .debug_ranges  0x00000000000000f8       0x98 Drivers/Src/stm32f446xx_usart_driver.o
 .debug_ranges  0x0000000000000190       0x30 Src/adc_read_simple.o
 .debug_ranges  0x00000000000001c0       0x10 Src/sysmem.o
 .debug_ranges  0x00000000000001d0       0x20 Startup/startup_stm32f446retx.o

.debug_macro    0x0000000000000000     0x3e83
 .debug_macro   0x0000000000000000      0x26d Drivers/Src/stm32f446xx_adc_driver.o
 .debug_macro   0x000000000000026d      0xa60 Drivers/Src/stm32f446xx_adc_driver.o
 .debug_macro   0x0000000000000ccd       0x22 Drivers/Src/stm32f446xx_adc_driver.o
 .debug_macro   0x0000000000000cef       0x40 Drivers/Src/stm32f446xx_adc_driver.o
 .debug_macro   0x0000000000000d2f       0x18 Drivers/Src/stm32f446xx_adc_driver.o
 .debug_macro   0x0000000000000d47       0x94 Drivers/Src/stm32f446xx_adc_driver.o
 .debug_macro   0x0000000000000ddb       0x3c Drivers/Src/stm32f446xx_adc_driver.o
 .debug_macro   0x0000000000000e17       0x34 Drivers/Src/stm32f446xx_adc_driver.o
 .debug_macro   0x0000000000000e4b       0x16 Drivers/Src/stm32f446xx_adc_driver.o
 .debug_macro   0x0000000000000e61       0x57 Drivers/Src/stm32f446xx_adc_driver.o
 .debug_macro   0x0000000000000eb8       0x97 Drivers/Src/stm32f446xx_adc_driver.o
 .debug_macro   0x0000000000000f4f      0x330 Drivers/Src/stm32f446xx_adc_driver.o
 .debug_macro   0x000000000000127f       0xfd Drivers/Src/stm32f446xx_adc_driver.o
 .debug_macro   0x000000000000137c       0x10 Drivers/Src/stm32f446xx_adc_driver.o
 .debug_macro   0x000000000000138c       0x52 Drivers/Src/stm32f446xx_adc_driver.o
 .debug_macro   0x00000000000013de       0x1f Drivers/Src/stm32f446xx_adc_driver.o
 .debug_macro   0x00000000000013fd       0x43 Drivers/Src/stm32f446xx_adc_driver.o
 .debug_macro   0x0000000000001440       0x20 Drivers/Src/stm32f446xx_adc_driver.o
 .debug_macro   0x0000000000001460      0x1a3 Drivers/Src/stm32f446xx_adc_driver.o
 .debug_macro   0x0000000000001603       0x10 Drivers/Src/stm32f446xx_adc_driver.o
 .debug_macro   0x0000000000001613       0x6a Drivers/Src/stm32f446xx_adc_driver.o
 .debug_macro   0x000000000000167d       0x1c Drivers/Src/stm32f446xx_adc_driver.o
 .debug_macro   0x0000000000001699       0x52 Drivers/Src/stm32f446xx_adc_driver.o
 .debug_macro   0x00000000000016eb       0x40 Drivers/Src/stm32f446xx_adc_driver.o
 .debug_macro   0x000000000000172b       0x10 Drivers/Src/stm32f446xx_adc_driver.o
 .debug_macro   0x000000000000173b       0x40 Drivers/Src/stm32f446xx_adc_driver.o
 .debug_macro   0x000000000000177b       0xd7 Drivers/Src/stm32f446xx_adc_driver.o
 .debug_macro   0x0000000000001852       0x1c Drivers/Src/stm32f446xx_adc_driver.o
 .debug_macro   0x000000000000186e       0x3d Drivers/Src/stm32f446xx_adc_driver.o
 .debug_macro   0x00000000000018ab       0x16 Drivers/Src/stm32f446xx_adc_driver.o
 .debug_macro   0x00000000000018c1      0x145 Drivers/Src/stm32f446xx_adc_driver.o
 .debug_macro   0x0000000000001a06       0xef Drivers/Src/stm32f446xx_adc_driver.o
 .debug_macro   0x0000000000001af5      0x1df Drivers/Src/stm32f446xx_adc_driver.o
 .debug_macro   0x0000000000001cd4       0x16 Drivers/Src/stm32f446xx_adc_driver.o
 .debug_macro   0x0000000000001cea       0x35 Drivers/Src/stm32f446xx_adc_driver.o
 .debug_macro   0x0000000000001d1f       0x20 Drivers/Src/stm32f446xx_adc_driver.o
 .debug_macro   0x0000000000001d3f      0x1e1 Drivers/Src/stm32f446xx_adc_driver.o
 .debug_macro   0x0000000000001f20      0x54e Drivers/Src/stm32f446xx_adc_driver.o
 .debug_macro   0x000000000000246e      0x18a Drivers/Src/stm32f446xx_adc_driver.o
 .debug_macro   0x00000000000025f8      0x14e Drivers/Src/stm32f446xx_adc_driver.o
 .debug_macro   0x0000000000002746      0x120 Drivers/Src/stm32f446xx_adc_driver.o
 .debug_macro   0x0000000000002866      0x1c0 Drivers/Src/stm32f446xx_adc_driver.o
 .debug_macro   0x0000000000002a26       0x28 Drivers/Src/stm32f446xx_adc_driver.o
 .debug_macro   0x0000000000002a4e      0x11f Drivers/Src/stm32f446xx_adc_driver.o
 .debug_macro   0x0000000000002b6d      0x245 Drivers/Src/stm32f446xx_adc_driver.o
 .debug_macro   0x0000000000002db2      0x26d Drivers/Src/stm32f446xx_gpio_driver.o
 .debug_macro   0x000000000000301f      0x184 Drivers/Src/stm32f446xx_gpio_driver.o
 .debug_macro   0x00000000000031a3      0x26d Drivers/Src/stm32f446xx_rcc_driver.o
 .debug_macro   0x0000000000003410      0x26d Drivers/Src/stm32f446xx_usart_driver.o
 .debug_macro   0x000000000000367d      0x1ba Drivers/Src/stm32f446xx_usart_driver.o
 .debug_macro   0x0000000000003837      0x263 Src/adc_read_simple.o
 .debug_macro   0x0000000000003a9a      0x1ae Src/sysmem.o
 .debug_macro   0x0000000000003c48      0x23b Src/sysmem.o

.debug_line     0x0000000000000000     0x2fa3
 .debug_line    0x0000000000000000      0x896 Drivers/Src/stm32f446xx_adc_driver.o
 .debug_line    0x0000000000000896      0x8a1 Drivers/Src/stm32f446xx_gpio_driver.o
 .debug_line    0x0000000000001137      0x741 Drivers/Src/stm32f446xx_rcc_driver.o
 .debug_line    0x0000000000001878      0x9e6 Drivers/Src/stm32f446xx_usart_driver.o
 .debug_line    0x000000000000225e      0x768 Src/adc_read_simple.o
 .debug_line    0x00000000000029c6      0x559 Src/sysmem.o
 .debug_line    0x0000000000002f1f       0x84 Startup/startup_stm32f446retx.o

.debug_str      0x0000000000000000     0xcf23
 .debug_str     0x0000000000000000     0xc428 Drivers/Src/stm32f446xx_adc_driver.o
                                       0xc709 (size before relaxing)
 .debug_str     0x000000000000c428      0x224 Drivers/Src/stm32f446xx_gpio_driver.o
                                       0xc73c (size before relaxing)
 .debug_str     0x000000000000c64c       0xb9 Drivers/Src/stm32f446xx_rcc_driver.o
                                       0xc555 (size before relaxing)
 .debug_str     0x000000000000c705      0x2a6 Drivers/Src/stm32f446xx_usart_driver.o
                                       0xc7c7 (size before relaxing)
 .debug_str     0x000000000000c9ab       0x8e Src/adc_read_simple.o
                                       0xc650 (size before relaxing)
 .debug_str     0x000000000000ca39      0x4b9 Src/sysmem.o
                                       0x7ae0 (size before relaxing)
 .debug_str     0x000000000000cef2       0x31 Startup/startup_stm32f446retx.o
                                         0x7d (size before relaxing)

.comment        0x0000000000000000       0x7b
 .comment       0x0000000000000000       0x7b Drivers/Src/stm32f446xx_adc_driver.o
                                         0x7c (size before relaxing)
 .comment       0x000000000000007b       0x7c Drivers/Src/stm32f446xx_gpio_driver.o
 .comment       0x000000000000007b       0x7c Drivers/Src/stm32f446xx_rcc_driver.o
 .comment       0x000000000000007b       0x7c Drivers/Src/stm32f446xx_usart_driver.o
 .comment       0x000000000000007b       0x7c Src/adc_read_simple.o
 .comment       0x000000000000007b       0x7c Src/sysmem.o

.debug_frame    0x0000000000000000      0xc18
 .debug_frame   0x0000000000000000      0x1f4 Drivers/Src/stm32f446xx_adc_driver.o
 .debug_frame   0x00000000000001f4      0x1f0 Drivers/Src/stm32f446xx_gpio_driver.o
 .debug_frame   0x00000000000003e4       0x78 Drivers/Src/stm32f446xx_rcc_driver.o
 .debug_frame   0x000000000000045c      0x2c0 Drivers/Src/stm32f446xx_usart_driver.o
 .debug_frame   0x000000000000071c       0xb0 Src/adc_read_simple.o
 .debug_frame   0x00000000000007cc       0x34 Src/sysmem.o
 .debug_frame   0x0000000000000800       0x20 c:/st/stm32cubeide_1.2.0/stm32cubeide/plugins/com.st.stm32cube.ide.mcu.externaltools.gnu-tools-for-stm32.7-2018-q2-update.win32_1.0.0.201904181610/tools/bin/../lib/gcc/arm-none-eabi/7.3.1/../../../../arm-none-eabi/lib/thumb/v7e-m\libc_nano.a(lib_a-errno.o)
 .debug_frame   0x0000000000000820       0x2c c:/st/stm32cubeide_1.2.0/stm32cubeide/plugins/com.st.stm32cube.ide.mcu.externaltools.gnu-tools-for-stm32.7-2018-q2-update.win32_1.0.0.201904181610/tools/bin/../lib/gcc/arm-none-eabi/7.3.1/../../../../arm-none-eabi/lib/thumb/v7e-m\libc_nano.a(lib_a-init.o)
 .debug_frame   0x000000000000084c       0x6c c:/st/stm32cubeide_1.2.0/stm32cubeide/plugins/com.st.stm32cube.ide.mcu.externaltools.gnu-tools-for-stm32.7-2018-q2-update.win32_1.0.0.201904181610/tools/bin/../lib/gcc/arm-none-eabi/7.3.1/../../../../arm-none-eabi/lib/thumb/v7e-m\libc_nano.a(lib_a-sprintf.o)
 .debug_frame   0x00000000000008b8       0x90 c:/st/stm32cubeide_1.2.0/stm32cubeide/plugins/com.st.stm32cube.ide.mcu.externaltools.gnu-tools-for-stm32.7-2018-q2-update.win32_1.0.0.201904181610/tools/bin/../lib/gcc/arm-none-eabi/7.3.1/../../../../arm-none-eabi/lib/thumb/v7e-m\libc_nano.a(lib_a-nano-svfprintf.o)
 .debug_frame   0x0000000000000948       0x60 c:/st/stm32cubeide_1.2.0/stm32cubeide/plugins/com.st.stm32cube.ide.mcu.externaltools.gnu-tools-for-stm32.7-2018-q2-update.win32_1.0.0.201904181610/tools/bin/../lib/gcc/arm-none-eabi/7.3.1/../../../../arm-none-eabi/lib/thumb/v7e-m\libc_nano.a(lib_a-nano-vfprintf_i.o)
 .debug_frame   0x00000000000009a8       0x28 c:/st/stm32cubeide_1.2.0/stm32cubeide/plugins/com.st.stm32cube.ide.mcu.externaltools.gnu-tools-for-stm32.7-2018-q2-update.win32_1.0.0.201904181610/tools/bin/../lib/gcc/arm-none-eabi/7.3.1/../../../../arm-none-eabi/lib/thumb/v7e-m\libc_nano.a(lib_a-memcpy-stub.o)
 .debug_frame   0x00000000000009d0       0x28 c:/st/stm32cubeide_1.2.0/stm32cubeide/plugins/com.st.stm32cube.ide.mcu.externaltools.gnu-tools-for-stm32.7-2018-q2-update.win32_1.0.0.201904181610/tools/bin/../lib/gcc/arm-none-eabi/7.3.1/../../../../arm-none-eabi/lib/thumb/v7e-m\libc_nano.a(lib_a-memmove.o)
 .debug_frame   0x00000000000009f8       0x38 c:/st/stm32cubeide_1.2.0/stm32cubeide/plugins/com.st.stm32cube.ide.mcu.externaltools.gnu-tools-for-stm32.7-2018-q2-update.win32_1.0.0.201904181610/tools/bin/../lib/gcc/arm-none-eabi/7.3.1/../../../../arm-none-eabi/lib/thumb/v7e-m\libc_nano.a(lib_a-nano-freer.o)
 .debug_frame   0x0000000000000a30       0x2c c:/st/stm32cubeide_1.2.0/stm32cubeide/plugins/com.st.stm32cube.ide.mcu.externaltools.gnu-tools-for-stm32.7-2018-q2-update.win32_1.0.0.201904181610/tools/bin/../lib/gcc/arm-none-eabi/7.3.1/../../../../arm-none-eabi/lib/thumb/v7e-m\libc_nano.a(lib_a-nano-mallocr.o)
 .debug_frame   0x0000000000000a5c       0x3c c:/st/stm32cubeide_1.2.0/stm32cubeide/plugins/com.st.stm32cube.ide.mcu.externaltools.gnu-tools-for-stm32.7-2018-q2-update.win32_1.0.0.201904181610/tools/bin/../lib/gcc/arm-none-eabi/7.3.1/../../../../arm-none-eabi/lib/thumb/v7e-m\libc_nano.a(lib_a-nano-reallocr.o)
 .debug_frame   0x0000000000000a98       0x2c c:/st/stm32cubeide_1.2.0/stm32cubeide/plugins/com.st.stm32cube.ide.mcu.externaltools.gnu-tools-for-stm32.7-2018-q2-update.win32_1.0.0.201904181610/tools/bin/../lib/gcc/arm-none-eabi/7.3.1/../../../../arm-none-eabi/lib/thumb/v7e-m\libc_nano.a(lib_a-sbrkr.o)
 .debug_frame   0x0000000000000ac4       0x30 c:/st/stm32cubeide_1.2.0/stm32cubeide/plugins/com.st.stm32cube.ide.mcu.externaltools.gnu-tools-for-stm32.7-2018-q2-update.win32_1.0.0.201904181610/tools/bin/../lib/gcc/arm-none-eabi/7.3.1/../../../../arm-none-eabi/lib/thumb/v7e-m\libc_nano.a(lib_a-mlock.o)
 .debug_frame   0x0000000000000af4       0x20 c:/st/stm32cubeide_1.2.0/stm32cubeide/plugins/com.st.stm32cube.ide.mcu.externaltools.gnu-tools-for-stm32.7-2018-q2-update.win32_1.0.0.201904181610/tools/bin/../lib/gcc/arm-none-eabi/7.3.1/../../../../arm-none-eabi/lib/thumb/v7e-m\libc_nano.a(lib_a-nano-msizer.o)
 .debug_frame   0x0000000000000b14       0x5c c:/st/stm32cubeide_1.2.0/stm32cubeide/plugins/com.st.stm32cube.ide.mcu.externaltools.gnu-tools-for-stm32.7-2018-q2-update.win32_1.0.0.201904181610/tools/bin/../lib/gcc/arm-none-eabi/7.3.1/../../../../arm-none-eabi/lib/thumb/v7e-m\libc_nano.a(lib_a-reent.o)
 .debug_frame   0x0000000000000b70       0x4c c:/st/stm32cubeide_1.2.0/stm32cubeide/plugins/com.st.stm32cube.ide.mcu.externaltools.gnu-tools-for-stm32.7-2018-q2-update.win32_1.0.0.201904181610/tools/bin/../lib/gcc/arm-none-eabi/7.3.1/thumb/v7e-m\libgcc.a(_arm_addsubsf3.o)
 .debug_frame   0x0000000000000bbc       0x38 c:/st/stm32cubeide_1.2.0/stm32cubeide/plugins/com.st.stm32cube.ide.mcu.externaltools.gnu-tools-for-stm32.7-2018-q2-update.win32_1.0.0.201904181610/tools/bin/../lib/gcc/arm-none-eabi/7.3.1/thumb/v7e-m\libgcc.a(_arm_muldivsf3.o)
 .debug_frame   0x0000000000000bf4       0x24 c:/st/stm32cubeide_1.2.0/stm32cubeide/plugins/com.st.stm32cube.ide.mcu.externaltools.gnu-tools-for-stm32.7-2018-q2-update.win32_1.0.0.201904181610/tools/bin/../lib/gcc/arm-none-eabi/7.3.1/thumb/v7e-m\libgcc.a(_arm_fixunssfsi.o)
