Archive member included to satisfy reference by file (symbol)

c:/st/stm32cubeide_1.2.0/stm32cubeide/plugins/com.st.stm32cube.ide.mcu.externaltools.gnu-tools-for-stm32.7-2018-q2-update.win32_1.0.0.201904181610/tools/bin/../lib/gcc/arm-none-eabi/7.3.1/../../../../arm-none-eabi/lib/thumb/v7e-m\libc_nano.a(lib_a-errno.o)
                              Src/syscalls.o (__errno)
c:/st/stm32cubeide_1.2.0/stm32cubeide/plugins/com.st.stm32cube.ide.mcu.externaltools.gnu-tools-for-stm32.7-2018-q2-update.win32_1.0.0.201904181610/tools/bin/../lib/gcc/arm-none-eabi/7.3.1/../../../../arm-none-eabi/lib/thumb/v7e-m\libc_nano.a(lib_a-exit.o)
                              c:/st/stm32cubeide_1.2.0/stm32cubeide/plugins/com.st.stm32cube.ide.mcu.externaltools.gnu-tools-for-stm32.7-2018-q2-update.win32_1.0.0.201904181610/tools/bin/../lib/gcc/arm-none-eabi/7.3.1/../../../../arm-none-eabi/lib/thumb/v7e-m/crt0.o (exit)
c:/st/stm32cubeide_1.2.0/stm32cubeide/plugins/com.st.stm32cube.ide.mcu.externaltools.gnu-tools-for-stm32.7-2018-q2-update.win32_1.0.0.201904181610/tools/bin/../lib/gcc/arm-none-eabi/7.3.1/../../../../arm-none-eabi/lib/thumb/v7e-m\libc_nano.a(lib_a-impure.o)
                              c:/st/stm32cubeide_1.2.0/stm32cubeide/plugins/com.st.stm32cube.ide.mcu.externaltools.gnu-tools-for-stm32.7-2018-q2-update.win32_1.0.0.201904181610/tools/bin/../lib/gcc/arm-none-eabi/7.3.1/../../../../arm-none-eabi/lib/thumb/v7e-m\libc_nano.a(lib_a-exit.o) (_global_impure_ptr)
c:/st/stm32cubeide_1.2.0/stm32cubeide/plugins/com.st.stm32cube.ide.mcu.externaltools.gnu-tools-for-stm32.7-2018-q2-update.win32_1.0.0.201904181610/tools/bin/../lib/gcc/arm-none-eabi/7.3.1/../../../../arm-none-eabi/lib/thumb/v7e-m\libc_nano.a(lib_a-init.o)
                              c:/st/stm32cubeide_1.2.0/stm32cubeide/plugins/com.st.stm32cube.ide.mcu.externaltools.gnu-tools-for-stm32.7-2018-q2-update.win32_1.0.0.201904181610/tools/bin/../lib/gcc/arm-none-eabi/7.3.1/../../../../arm-none-eabi/lib/thumb/v7e-m/crt0.o (__libc_init_array)
c:/st/stm32cubeide_1.2.0/stm32cubeide/plugins/com.st.stm32cube.ide.mcu.externaltools.gnu-tools-for-stm32.7-2018-q2-update.win32_1.0.0.201904181610/tools/bin/../lib/gcc/arm-none-eabi/7.3.1/../../../../arm-none-eabi/lib/thumb/v7e-m\libc_nano.a(lib_a-memset.o)
                              c:/st/stm32cubeide_1.2.0/stm32cubeide/plugins/com.st.stm32cube.ide.mcu.externaltools.gnu-tools-for-stm32.7-2018-q2-update.win32_1.0.0.201904181610/tools/bin/../lib/gcc/arm-none-eabi/7.3.1/../../../../arm-none-eabi/lib/thumb/v7e-m/crt0.o (memset)
c:/st/stm32cubeide_1.2.0/stm32cubeide/plugins/com.st.stm32cube.ide.mcu.externaltools.gnu-tools-for-stm32.7-2018-q2-update.win32_1.0.0.201904181610/tools/bin/../lib/gcc/arm-none-eabi/7.3.1/thumb/v7e-m\libgcc.a(_arm_addsubsf3.o)
                              Drivers/Src/stm32f446xx_usart_driver.o (__aeabi_fsub)
c:/st/stm32cubeide_1.2.0/stm32cubeide/plugins/com.st.stm32cube.ide.mcu.externaltools.gnu-tools-for-stm32.7-2018-q2-update.win32_1.0.0.201904181610/tools/bin/../lib/gcc/arm-none-eabi/7.3.1/thumb/v7e-m\libgcc.a(_arm_muldivsf3.o)
                              Drivers/Src/stm32f446xx_usart_driver.o (__aeabi_fmul)
c:/st/stm32cubeide_1.2.0/stm32cubeide/plugins/com.st.stm32cube.ide.mcu.externaltools.gnu-tools-for-stm32.7-2018-q2-update.win32_1.0.0.201904181610/tools/bin/../lib/gcc/arm-none-eabi/7.3.1/thumb/v7e-m\libgcc.a(_arm_fixunssfsi.o)
                              Drivers/Src/stm32f446xx_usart_driver.o (__aeabi_f2uiz)

Discarded input sections

 .text          0x0000000000000000        0x0 c:/st/stm32cubeide_1.2.0/stm32cubeide/plugins/com.st.stm32cube.ide.mcu.externaltools.gnu-tools-for-stm32.7-2018-q2-update.win32_1.0.0.201904181610/tools/bin/../lib/gcc/arm-none-eabi/7.3.1/thumb/v7e-m/crti.o
 .data          0x0000000000000000        0x0 c:/st/stm32cubeide_1.2.0/stm32cubeide/plugins/com.st.stm32cube.ide.mcu.externaltools.gnu-tools-for-stm32.7-2018-q2-update.win32_1.0.0.201904181610/tools/bin/../lib/gcc/arm-none-eabi/7.3.1/thumb/v7e-m/crti.o
 .bss           0x0000000000000000        0x0 c:/st/stm32cubeide_1.2.0/stm32cubeide/plugins/com.st.stm32cube.ide.mcu.externaltools.gnu-tools-for-stm32.7-2018-q2-update.win32_1.0.0.201904181610/tools/bin/../lib/gcc/arm-none-eabi/7.3.1/thumb/v7e-m/crti.o
 .data          0x0000000000000000        0x4 c:/st/stm32cubeide_1.2.0/stm32cubeide/plugins/com.st.stm32cube.ide.mcu.externaltools.gnu-tools-for-stm32.7-2018-q2-update.win32_1.0.0.201904181610/tools/bin/../lib/gcc/arm-none-eabi/7.3.1/thumb/v7e-m/crtbegin.o
 .text          0x0000000000000000       0x74 c:/st/stm32cubeide_1.2.0/stm32cubeide/plugins/com.st.stm32cube.ide.mcu.externaltools.gnu-tools-for-stm32.7-2018-q2-update.win32_1.0.0.201904181610/tools/bin/../lib/gcc/arm-none-eabi/7.3.1/../../../../arm-none-eabi/lib/thumb/v7e-m/crt0.o
[...]
Memory Configuration

Name             Origin             Length             Attributes
RAM              0x0000000020000000 0x0000000000020000 xrw
ROM              0x0000000008000000 0x0000000000080000 xr
*default*        0x0000000000000000 0xffffffffffffffff

Linker script and memory map

LOAD c:/st/stm32cubeide_1.2.0/stm32cubeide/plugins/com.st.stm32cube.ide.mcu.externaltools.gnu-tools-for-stm32.7-2018-q2-update.win32_1.0.0.201904181610/tools/bin/../lib/gcc/arm-none-eabi/7.3.1/thumb/v7e-m/crti.o
LOAD c:/st/stm32cubeide_1.2.0/stm32cubeide/plugins/com.st.stm32cube.ide.mcu.externaltools.gnu-tools-for-stm32.7-2018-q2-update.win32_1.0.0.201904181610/tools/bin/../lib/gcc/arm-none-eabi/7.3.1/thumb/v7e-m/crtbegin.o
LOAD c:/st/stm32cubeide_1.2.0/stm32cubeide/plugins/com.st.stm32cube.ide.mcu.externaltools.gnu-tools-for-stm32.7-2018-q2-update.win32_1.0.0.201904181610/tools/bin/../lib/gcc/arm-none-eabi/7.3.1/../../../../arm-none-eabi/lib/thumb/v7e-m/crt0.o
LOAD Drivers/Src/stm32f446xx_adc_driver.o
LOAD Drivers/Src/stm32f446xx_gpio_driver.o
LOAD Drivers/Src/stm32f446xx_i2c_driver.o
LOAD Drivers/Src/stm32f446xx_rcc_driver.o
LOAD Drivers/Src/stm32f446xx_spi_driver.o
LOAD Drivers/Src/stm32f446xx_systck_driver.o
LOAD Drivers/Src/stm32f446xx_usart_driver.o
LOAD Src/sys_timer_led.o
LOAD Src/syscalls.o
LOAD Src/sysmem.o
LOAD Startup/startup_stm32f446retx.o
START GROUP
LOAD c:/st/stm32cubeide_1.2.0/stm32cubeide/plugins/com.st.stm32cube.ide.mcu.externaltools.gnu-tools-for-stm32.7-2018-q2-update.win32_1.0.0.201904181610/tools/bin/../lib/gcc/arm-none-eabi/7.3.1/../../../../arm-none-eabi/lib/thumb/v7e-m\libc_nano.a
LOAD c:/st/stm32cubeide_1.2.0/stm32cubeide/plugins/com.st.stm32cube.ide.mcu.externaltools.gnu-tools-for-stm32.7-2018-q2-update.win32_1.0.0.201904181610/tools/bin/../lib/gcc/arm-none-eabi/7.3.1/../../../../arm-none-eabi/lib/thumb/v7e-m\libm.a
END GROUP
START GROUP
LOAD c:/st/stm32cubeide_1.2.0/stm32cubeide/plugins/com.st.stm32cube.ide.mcu.externaltools.gnu-tools-for-stm32.7-2018-q2-update.win32_1.0.0.201904181610/tools/bin/../lib/gcc/arm-none-eabi/7.3.1/thumb/v7e-m\libgcc.a
LOAD c:/st/stm32cubeide_1.2.0/stm32cubeide/plugins/com.st.stm32cube.ide.mcu.externaltools.gnu-tools-for-stm32.7-2018-q2-update.win32_1.0.0.201904181610/tools/bin/../lib/gcc/arm-none-eabi/7.3.1/../../../../arm-none-eabi/lib/thumb/v7e-m\libc_nano.a
END GROUP
START GROUP
LOAD c:/st/stm32cubeide_1.2.0/stm32cubeide/plugins/com.st.stm32cube.ide.mcu.externaltools.gnu-tools-for-stm32.7-2018-q2-update.win32_1.0.0.201904181610/tools/bin/../lib/gcc/arm-none-eabi/7.3.1/thumb/v7e-m\libgcc.a
LOAD c:/st/stm32cubeide_1.2.0/stm32cubeide/plugins/com.st.stm32cube.ide.mcu.externaltools.gnu-tools-for-stm32.7-2018-q2-update.win32_1.0.0.201904181610/tools/bin/../lib/gcc/arm-none-eabi/7.3.1/../../../../arm-none-eabi/lib/thumb/v7e-m\libc_nano.a
LOAD c:/st/stm32cubeide_1.2.0/stm32cubeide/plugins/com.st.stm32cube.ide.mcu.externaltools.gnu-tools-for-stm32.7-2018-q2-update.win32_1.0.0.201904181610/tools/bin/../lib/gcc/arm-none-eabi/7.3.1/../../../../arm-none-eabi/lib/thumb/v7e-m\libnosys.a
END GROUP
START GROUP
LOAD c:/st/stm32cubeide_1.2.0/stm32cubeide/plugins/com.st.stm32cube.ide.mcu.externaltools.gnu-tools-for-stm32.7-2018-q2-update.win32_1.0.0.201904181610/tools/bin/../lib/gcc/arm-none-eabi/7.3.1/thumb/v7e-m\libgcc.a
LOAD c:/st/stm32cubeide_1.2.0/stm32cubeide/plugins/com.st.stm32cube.ide.mcu.externaltools.gnu-tools-for-stm32.7-2018-q2-update.win32_1.0.0.201904181610/tools/bin/../lib/gcc/arm-none-eabi/7.3.1/../../../../arm-none-eabi/lib/thumb/v7e-m\libc_nano.a
LOAD c:/st/stm32cubeide_1.2.0/stm32cubeide/plugins/com.st.stm32cube.ide.mcu.externaltools.gnu-tools-for-stm32.7-2018-q2-update.win32_1.0.0.201904181610/tools/bin/../lib/gcc/arm-none-eabi/7.3.1/../../../../arm-none-eabi/lib/thumb/v7e-m\libnosys.a
END GROUP
LOAD c:/st/stm32cubeide_1.2.0/stm32cubeide/plugins/com.st.stm32cube.ide.mcu.externaltools.gnu-tools-for-stm32.7-2018-q2-update.win32_1.0.0.201904181610/tools/bin/../lib/gcc/arm-none-eabi/7.3.1/thumb/v7e-m/crtend.o
LOAD c:/st/stm32cubeide_1.2.0/stm32cubeide/plugins/com.st.stm32cube.ide.mcu.externaltools.gnu-tools-for-stm32.7-2018-q2-update.win32_1.0.0.201904181610/tools/bin/../lib/gcc/arm-none-eabi/7.3.1/thumb/v7e-m/crtn.o
                0x0000000020020000                _estack = (ORIGIN (RAM) + LENGTH (RAM))
                0x0000000000000200                _Min_Heap_Size = 0x200
                0x0000000000000400                _Min_Stack_Size = 0x400

.isr_vector     0x0000000008000000      0x1c4
                0x0000000008000000                . = ALIGN (0x4)
 *(.isr_vector)
 .isr_vector    0x0000000008000000      0x1c4 Startup/startup_stm32f446retx.o
                0x0000000008000000                g_pfnVectors
                0x00000000080001c4                . = ALIGN (0x4)

.text           0x00000000080001c4      0x72c
                0x00000000080001c4                . = ALIGN (0x4)
 *(.text)
 .text          0x00000000080001c4       0x40 c:/st/stm32cubeide_1.2.0/stm32cubeide/plugins/com.st.stm32cube.ide.mcu.externaltools.gnu-tools-for-stm32.7-2018-q2-update.win32_1.0.0.201904181610/tools/bin/../lib/gcc/arm-none-eabi/7.3.1/thumb/v7e-m/crtbegin.o
 *(.text*)
 .text.GPIO_PortCode
                0x0000000008000204       0x94 Drivers/Src/stm32f446xx_gpio_driver.o
                0x0000000008000204                GPIO_PortCode
 .text.GPIO_PeriClockControl
                0x0000000008000298      0x1a0 Drivers/Src/stm32f446xx_gpio_driver.o
                0x0000000008000298                GPIO_PeriClockControl
 .text.GPIO_Init
                0x0000000008000438      0x2ac Drivers/Src/stm32f446xx_gpio_driver.o
                0x0000000008000438                GPIO_Init
 .text.GPIO_ToggleOutputPin
                0x00000000080006e4       0x28 Drivers/Src/stm32f446xx_gpio_driver.o
                0x00000000080006e4                GPIO_ToggleOutputPin
 .text.SYSTCK_Init
                0x000000000800070c       0x6c Drivers/Src/stm32f446xx_systck_driver.o
                0x000000000800070c                SYSTCK_Init
 .text.SysTick_Handler
                0x0000000008000778       0x1c Src/sys_timer_led.o
                0x0000000008000778                SysTick_Handler
 .text.Delay    0x0000000008000794       0x2c Src/sys_timer_led.o
                0x0000000008000794                Delay
 .text.LED_Init
                0x00000000080007c0       0x34 Src/sys_timer_led.o
                0x00000000080007c0                LED_Init
 .text.SysTimerInit
                0x00000000080007f4       0x24 Src/sys_timer_led.o
                0x00000000080007f4                SysTimerInit
 .text.main     0x0000000008000818       0x24 Src/sys_timer_led.o
                0x0000000008000818                main
 .text.Reset_Handler
                0x000000000800083c       0x50 Startup/startup_stm32f446retx.o
                0x000000000800083c                Reset_Handler
 .text.Default_Handler
                0x000000000800088c        0x2 Startup/startup_stm32f446retx.o
                0x000000000800088c                RTC_Alarm_IRQHandler
                0x000000000800088c                EXTI2_IRQHandler
                0x000000000800088c                TIM8_CC_IRQHandler
                0x000000000800088c                SPDIF_Rx_IRQHandler
                0x000000000800088c                DebugMon_Handler
                0x000000000800088c                SPI4_IRQHandler
                0x000000000800088c                TIM1_CC_IRQHandler
                0x000000000800088c                QuadSPI_IRQHandler
                0x000000000800088c                DMA2_Stream5_IRQHandler
                0x000000000800088c                HardFault_Handler
                0x000000000800088c                DMA1_Stream5_IRQHandler
                0x000000000800088c                PVD_IRQHandler
                0x000000000800088c                SDIO_IRQHandler
                0x000000000800088c                TAMP_STAMP_IRQHandler
                0x000000000800088c                PendSV_Handler
                0x000000000800088c                NMI_Handler
                0x000000000800088c                CAN2_RX1_IRQHandler
                0x000000000800088c                EXTI3_IRQHandler
                0x000000000800088c                TIM8_TRG_COM_TIM14_IRQHandler
                0x000000000800088c                TIM1_UP_TIM10_IRQHandler
                0x000000000800088c                FMPI2C1_error_IRQHandler
                0x000000000800088c                TIM8_UP_TIM13_IRQHandler
                0x000000000800088c                I2C3_ER_IRQHandler
                0x000000000800088c                EXTI0_IRQHandler
                0x000000000800088c                I2C2_EV_IRQHandler
                0x000000000800088c                DMA1_Stream2_IRQHandler
                0x000000000800088c                CAN1_RX0_IRQHandler
                0x000000000800088c                FPU_IRQHandler
                0x000000000800088c                OTG_HS_WKUP_IRQHandler
                0x000000000800088c                UsageFault_Handler
                0x000000000800088c                CAN2_SCE_IRQHandler
                0x000000000800088c                DMA2_Stream2_IRQHandler
                0x000000000800088c                SPI1_IRQHandler
                0x000000000800088c                TIM6_DAC_IRQHandler
                0x000000000800088c                TIM1_BRK_TIM9_IRQHandler
                0x000000000800088c                DCMI_IRQHandler
                0x000000000800088c                CAN2_RX0_IRQHandler
                0x000000000800088c                DMA2_Stream3_IRQHandler
                0x000000000800088c                FMPI2C1_IRQHandler
                0x000000000800088c                SAI2_IRQHandler
                0x000000000800088c                USART6_IRQHandler
                0x000000000800088c                USART3_IRQHandler
                0x000000000800088c                CAN1_RX1_IRQHandler
                0x000000000800088c                UART5_IRQHandler
                0x000000000800088c                DMA2_Stream0_IRQHandler
                0x000000000800088c                TIM4_IRQHandler
                0x000000000800088c                I2C1_EV_IRQHandler
                0x000000000800088c                HDMI_CEC_IRQHandler
                0x000000000800088c                DMA1_Stream6_IRQHandler
                0x000000000800088c                DMA1_Stream1_IRQHandler
                0x000000000800088c                UART4_IRQHandler
                0x000000000800088c                TIM3_IRQHandler
                0x000000000800088c                RCC_IRQHandler
                0x000000000800088c                TIM8_BRK_TIM12_IRQHandler
                0x000000000800088c                Default_Handler
                0x000000000800088c                EXTI15_10_IRQHandler
                0x000000000800088c                ADC_IRQHandler
                0x000000000800088c                DMA1_Stream7_IRQHandler
                0x000000000800088c                TIM7_IRQHandler
                0x000000000800088c                CAN2_TX_IRQHandler
                0x000000000800088c                TIM5_IRQHandler
                0x000000000800088c                DMA2_Stream7_IRQHandler
                0x000000000800088c                I2C3_EV_IRQHandler
                0x000000000800088c                EXTI9_5_IRQHandler
                0x000000000800088c                RTC_WKUP_IRQHandler
                0x000000000800088c                SPI2_IRQHandler
                0x000000000800088c                OTG_HS_EP1_IN_IRQHandler
                0x000000000800088c                MemManage_Handler
                0x000000000800088c                DMA1_Stream0_IRQHandler
                0x000000000800088c                CAN1_TX_IRQHandler
                0x000000000800088c                SVC_Handler
                0x000000000800088c                EXTI4_IRQHandler
                0x000000000800088c                OTG_HS_EP1_OUT_IRQHandler
                0x000000000800088c                WWDG_IRQHandler
                0x000000000800088c                TIM2_IRQHandler
                0x000000000800088c                OTG_FS_WKUP_IRQHandler
                0x000000000800088c                TIM1_TRG_COM_TIM11_IRQHandler
                0x000000000800088c                OTG_HS_IRQHandler
                0x000000000800088c                EXTI1_IRQHandler
                0x000000000800088c                USART2_IRQHandler
                0x000000000800088c                I2C2_ER_IRQHandler
                0x000000000800088c                DMA2_Stream1_IRQHandler
                0x000000000800088c                CAN1_SCE_IRQHandler
                0x000000000800088c                FLASH_IRQHandler
                0x000000000800088c                DMA2_Stream4_IRQHandler
                0x000000000800088c                BusFault_Handler
                0x000000000800088c                USART1_IRQHandler
                0x000000000800088c                OTG_FS_IRQHandler
                0x000000000800088c                SPI3_IRQHandler
                0x000000000800088c                DMA1_Stream4_IRQHandler
                0x000000000800088c                I2C1_ER_IRQHandler
                0x000000000800088c                FMC_IRQHandler
                0x000000000800088c                DMA2_Stream6_IRQHandler
                0x000000000800088c                SAI1_IRQHandler
                0x000000000800088c                DMA1_Stream3_IRQHandler
 *fill*         0x000000000800088e        0x2 
 .text.__libc_init_array
                0x0000000008000890       0x48 c:/st/stm32cubeide_1.2.0/stm32cubeide/plugins/com.st.stm32cube.ide.mcu.externaltools.gnu-tools-for-stm32.7-2018-q2-update.win32_1.0.0.201904181610/tools/bin/../lib/gcc/arm-none-eabi/7.3.1/../../../../arm-none-eabi/lib/thumb/v7e-m\libc_nano.a(lib_a-init.o)
                0x0000000008000890                __libc_init_array
 *(.glue_7)
 .glue_7        0x00000000080008d8        0x0 linker stubs
 *(.glue_7t)
 .glue_7t       0x00000000080008d8        0x0 linker stubs
 *(.eh_frame)
 .eh_frame      0x00000000080008d8        0x0 c:/st/stm32cubeide_1.2.0/stm32cubeide/plugins/com.st.stm32cube.ide.mcu.externaltools.gnu-tools-for-stm32.7-2018-q2-update.win32_1.0.0.201904181610/tools/bin/../lib/gcc/arm-none-eabi/7.3.1/thumb/v7e-m/crtbegin.o
 *(.init)
 .init          0x00000000080008d8        0x4 c:/st/stm32cubeide_1.2.0/stm32cubeide/plugins/com.st.stm32cube.ide.mcu.externaltools.gnu-tools-for-stm32.7-2018-q2-update.win32_1.0.0.201904181610/tools/bin/../lib/gcc/arm-none-eabi/7.3.1/thumb/v7e-m/crti.o
                0x00000000080008d8                _init
 .init          0x00000000080008dc        0x8 c:/st/stm32cubeide_1.2.0/stm32cubeide/plugins/com.st.stm32cube.ide.mcu.externaltools.gnu-tools-for-stm32.7-2018-q2-update.win32_1.0.0.201904181610/tools/bin/../lib/gcc/arm-none-eabi/7.3.1/thumb/v7e-m/crtn.o
 *(.fini)
 .fini          0x00000000080008e4        0x4 c:/st/stm32cubeide_1.2.0/stm32cubeide/plugins/com.st.stm32cube.ide.mcu.externaltools.gnu-tools-for-stm32.7-2018-q2-update.win32_1.0.0.201904181610/tools/bin/../lib/gcc/arm-none-eabi/7.3.1/thumb/v7e-m/crti.o
                0x00000000080008e4                _fini
 .fini          0x00000000080008e8        0x8 c:/st/stm32cubeide_1.2.0/stm32cubeide/plugins/com.st.stm32cube.ide.mcu.externaltools.gnu-tools-for-stm32.7-2018-q2-update.win32_1.0.0.201904181610/tools/bin/../lib/gcc/arm-none-eabi/7.3.1/thumb/v7e-m/crtn.o
                0x00000000080008f0                . = ALIGN (0x4)
                0x00000000080008f0                _etext = .

.vfp11_veneer   0x00000000080008f0        0x0
 .vfp11_veneer  0x00000000080008f0        0x0 linker stubs

.v4_bx          0x00000000080008f0        0x0
 .v4_bx         0x00000000080008f0        0x0 linker stubs

.iplt           0x00000000080008f0        0x0
 .iplt          0x00000000080008f0        0x0 c:/st/stm32cubeide_1.2.0/stm32cubeide/plugins/com.st.stm32cube.ide.mcu.externaltools.gnu-tools-for-stm32.7-2018-q2-update.win32_1.0.0.201904181610/tools/bin/../lib/gcc/arm-none-eabi/7.3.1/thumb/v7e-m/crtbegin.o

.rel.dyn        0x00000000080008f0        0x0
 .rel.iplt      0x00000000080008f0        0x0 c:/st/stm32cubeide_1.2.0/stm32cubeide/plugins/com.st.stm32cube.ide.mcu.externaltools.gnu-tools-for-stm32.7-2018-q2-update.win32_1.0.0.201904181610/tools/bin/../lib/gcc/arm-none-eabi/7.3.1/thumb/v7e-m/crtbegin.o

.rodata         0x00000000080008f0        0x0
                0x00000000080008f0                . = ALIGN (0x4)
 *(.rodata)
 *(.rodata*)
                0x00000000080008f0                . = ALIGN (0x4)

.ARM.extab      0x00000000080008f0        0x0
                0x00000000080008f0                . = ALIGN (0x4)
 *(.ARM.extab* .gnu.linkonce.armextab.*)
                0x00000000080008f0                . = ALIGN (0x4)

.ARM            0x00000000080008f0        0x0
                0x00000000080008f0                . = ALIGN (0x4)
                0x00000000080008f0                __exidx_start = .
 *(.ARM.exidx*)
                0x00000000080008f0                __exidx_end = .
                0x00000000080008f0                . = ALIGN (0x4)

.preinit_array  0x00000000080008f0        0x0
                0x00000000080008f0                . = ALIGN (0x4)
                0x00000000080008f0                PROVIDE (__preinit_array_start = .)
 *(.preinit_array*)
                0x00000000080008f0                PROVIDE (__preinit_array_end = .)
                0x00000000080008f0                . = ALIGN (0x4)

.init_array     0x00000000080008f0        0x4
                0x00000000080008f0                . = ALIGN (0x4)
                0x00000000080008f0                PROVIDE (__init_array_start = .)
 *(SORT_BY_NAME(.init_array.*))
 *(.init_array*)
 .init_array    0x00000000080008f0        0x4 c:/st/stm32cubeide_1.2.0/stm32cubeide/plugins/com.st.stm32cube.ide.mcu.externaltools.gnu-tools-for-stm32.7-2018-q2-update.win32_1.0.0.201904181610/tools/bin/../lib/gcc/arm-none-eabi/7.3.1/thumb/v7e-m/crtbegin.o
                0x00000000080008f4                PROVIDE (__init_array_end = .)
                0x00000000080008f4                . = ALIGN (0x4)

.fini_array     0x00000000080008f4        0x4
                0x00000000080008f4                . = ALIGN (0x4)
                [!provide]                        PROVIDE (__fini_array_start = .)
 *(SORT_BY_NAME(.fini_array.*))
 *(.fini_array*)
 .fini_array    0x00000000080008f4        0x4 c:/st/stm32cubeide_1.2.0/stm32cubeide/plugins/com.st.stm32cube.ide.mcu.externaltools.gnu-tools-for-stm32.7-2018-q2-update.win32_1.0.0.201904181610/tools/bin/../lib/gcc/arm-none-eabi/7.3.1/thumb/v7e-m/crtbegin.o
                [!provide]                        PROVIDE (__fini_array_end = .)
                0x00000000080008f8                . = ALIGN (0x4)
                0x00000000080008f8                _sidata = LOADADDR (.data)

.data           0x0000000020000000        0x0 load address 0x00000000080008f8
                0x0000000020000000                . = ALIGN (0x4)
                0x0000000020000000                _sdata = .
 *(.data)
 *(.data*)
                0x0000000020000000                . = ALIGN (0x4)
                0x0000000020000000                _edata = .

.igot.plt       0x0000000020000000        0x0 load address 0x00000000080008f8
 .igot.plt      0x0000000020000000        0x0 c:/st/stm32cubeide_1.2.0/stm32cubeide/plugins/com.st.stm32cube.ide.mcu.externaltools.gnu-tools-for-stm32.7-2018-q2-update.win32_1.0.0.201904181610/tools/bin/../lib/gcc/arm-none-eabi/7.3.1/thumb/v7e-m/crtbegin.o
                0x0000000020000000                . = ALIGN (0x4)

.bss            0x0000000020000000       0x20 load address 0x00000000080008f8
                0x0000000020000000                _sbss = .
                0x0000000020000000                __bss_start__ = _sbss
 *(.bss)
 .bss           0x0000000020000000       0x1c c:/st/stm32cubeide_1.2.0/stm32cubeide/plugins/com.st.stm32cube.ide.mcu.externaltools.gnu-tools-for-stm32.7-2018-q2-update.win32_1.0.0.201904181610/tools/bin/../lib/gcc/arm-none-eabi/7.3.1/thumb/v7e-m/crtbegin.o
 *(.bss*)
 .bss.msTicks   0x000000002000001c        0x4 Src/sys_timer_led.o
 *(COMMON)
                0x0000000020000020                . = ALIGN (0x4)
                0x0000000020000020                _ebss = .
                0x0000000020000020                __bss_end__ = _ebss

._user_heap_stack
                0x0000000020000020      0x600 load address 0x00000000080008f8
                0x0000000020000020                . = ALIGN (0x8)
                0x0000000020000020                PROVIDE (end = .)
                [!provide]                        PROVIDE (_end = .)
                0x0000000020000220                . = (. + _Min_Heap_Size)
 *fill*         0x0000000020000020      0x200 
                0x0000000020000620                . = (. + _Min_Stack_Size)
 *fill*         0x0000000020000220      0x400 
                0x0000000020000620                . = ALIGN (0x8)

/DISCARD/
 libc.a(*)
 libm.a(*)
 libgcc.a(*)

.ARM.attributes
                0x0000000000000000       0x2a
 *(.ARM.attributes)
 .ARM.attributes
                0x0000000000000000       0x1e c:/st/stm32cubeide_1.2.0/stm32cubeide/plugins/com.st.stm32cube.ide.mcu.externaltools.gnu-tools-for-stm32.7-2018-q2-update.win32_1.0.0.201904181610/tools/bin/../lib/gcc/arm-none-eabi/7.3.1/thumb/v7e-m/crti.o
 .ARM.attributes
                0x000000000000001e       0x2e c:/st/stm32cubeide_1.2.0/stm32cubeide/plugins/com.st.stm32cube.ide.mcu.externaltools.gnu-tools-for-stm32.7-2018-q2-update.win32_1.0.0.201904181610/tools/bin/../lib/gcc/arm-none-eabi/7.3.1/thumb/v7e-m/crtbegin.o
 .ARM.attributes
                0x000000000000004c       0x33 Drivers/Src/stm32f446xx_gpio_driver.o
 .ARM.attributes
                0x000000000000007f       0x33 Drivers/Src/stm32f446xx_systck_driver.o
 .ARM.attributes
                0x00000000000000b2       0x33 Src/sys_timer_led.o
 .ARM.attributes
                0x00000000000000e5       0x21 Startup/startup_stm32f446retx.o
 .ARM.attributes
                0x0000000000000106       0x2e c:/st/stm32cubeide_1.2.0/stm32cubeide/plugins/com.st.stm32cube.ide.mcu.externaltools.gnu-tools-for-stm32.7-2018-q2-update.win32_1.0.0.201904181610/tools/bin/../lib/gcc/arm-none-eabi/7.3.1/../../../../arm-none-eabi/lib/thumb/v7e-m\libc_nano.a(lib_a-init.o)
 .ARM.attributes
                0x0000000000000134       0x1e c:/st/stm32cubeide_1.2.0/stm32cubeide/plugins/com.st.stm32cube.ide.mcu.externaltools.gnu-tools-for-stm32.7-2018-q2-update.win32_1.0.0.201904181610/tools/bin/../lib/gcc/arm-none-eabi/7.3.1/thumb/v7e-m/crtn.o
OUTPUT(stm32f446xx.elf elf32-littlearm)

.debug_info     0x0000000000000000     0x2565
 .debug_info    0x0000000000000000     0x1051 Drivers/Src/stm32f446xx_gpio_driver.o
 .debug_info    0x0000000000001051      0x9e7 Drivers/Src/stm32f446xx_systck_driver.o
 .debug_info    0x0000000000001a38      0xb0b Src/sys_timer_led.o
 .debug_info    0x0000000000002543       0x22 Startup/startup_stm32f446retx.o

.debug_abbrev   0x0000000000000000      0x639
 .debug_abbrev  0x0000000000000000      0x258 Drivers/Src/stm32f446xx_gpio_driver.o
 .debug_abbrev  0x0000000000000258      0x1d6 Drivers/Src/stm32f446xx_systck_driver.o
 .debug_abbrev  0x000000000000042e      0x1f9 Src/sys_timer_led.o
 .debug_abbrev  0x0000000000000627       0x12 Startup/startup_stm32f446retx.o

.debug_aranges  0x0000000000000000      0x110
 .debug_aranges
                0x0000000000000000       0x78 Drivers/Src/stm32f446xx_gpio_driver.o
 .debug_aranges
                0x0000000000000078       0x30 Drivers/Src/stm32f446xx_systck_driver.o
 .debug_aranges
                0x00000000000000a8       0x40 Src/sys_timer_led.o
 .debug_aranges
                0x00000000000000e8       0x28 Startup/startup_stm32f446retx.o

.debug_ranges   0x0000000000000000       0xd8
 .debug_ranges  0x0000000000000000       0x68 Drivers/Src/stm32f446xx_gpio_driver.o
 .debug_ranges  0x0000000000000068       0x20 Drivers/Src/stm32f446xx_systck_driver.o
 .debug_ranges  0x0000000000000088       0x30 Src/sys_timer_led.o
 .debug_ranges  0x00000000000000b8       0x20 Startup/startup_stm32f446retx.o

.debug_macro    0x0000000000000000     0x2462
 .debug_macro   0x0000000000000000      0x259 Drivers/Src/stm32f446xx_gpio_driver.o
 .debug_macro   0x0000000000000259       0x22 Drivers/Src/stm32f446xx_gpio_driver.o
 .debug_macro   0x000000000000027b       0x40 Drivers/Src/stm32f446xx_gpio_driver.o
 .debug_macro   0x00000000000002bb       0x18 Drivers/Src/stm32f446xx_gpio_driver.o
 .debug_macro   0x00000000000002d3       0x94 Drivers/Src/stm32f446xx_gpio_driver.o
 .debug_macro   0x0000000000000367       0x3c Drivers/Src/stm32f446xx_gpio_driver.o
 .debug_macro   0x00000000000003a3       0x34 Drivers/Src/stm32f446xx_gpio_driver.o
 .debug_macro   0x00000000000003d7       0x16 Drivers/Src/stm32f446xx_gpio_driver.o
 .debug_macro   0x00000000000003ed       0x57 Drivers/Src/stm32f446xx_gpio_driver.o
 .debug_macro   0x0000000000000444       0x97 Drivers/Src/stm32f446xx_gpio_driver.o
 .debug_macro   0x00000000000004db      0x330 Drivers/Src/stm32f446xx_gpio_driver.o
 .debug_macro   0x000000000000080b       0xfd Drivers/Src/stm32f446xx_gpio_driver.o
 .debug_macro   0x0000000000000908       0x10 Drivers/Src/stm32f446xx_gpio_driver.o
 .debug_macro   0x0000000000000918       0x52 Drivers/Src/stm32f446xx_gpio_driver.o
 .debug_macro   0x000000000000096a       0x1f Drivers/Src/stm32f446xx_gpio_driver.o
 .debug_macro   0x0000000000000989       0x43 Drivers/Src/stm32f446xx_gpio_driver.o
 .debug_macro   0x00000000000009cc       0x20 Drivers/Src/stm32f446xx_gpio_driver.o
 .debug_macro   0x00000000000009ec      0x1a3 Drivers/Src/stm32f446xx_gpio_driver.o
 .debug_macro   0x0000000000000b8f       0x10 Drivers/Src/stm32f446xx_gpio_driver.o
 .debug_macro   0x0000000000000b9f       0x6a Drivers/Src/stm32f446xx_gpio_driver.o
 .debug_macro   0x0000000000000c09       0x1c Drivers/Src/stm32f446xx_gpio_driver.o
 .debug_macro   0x0000000000000c25       0x52 Drivers/Src/stm32f446xx_gpio_driver.o
 .debug_macro   0x0000000000000c77       0x40 Drivers/Src/stm32f446xx_gpio_driver.o
 .debug_macro   0x0000000000000cb7       0x10 Drivers/Src/stm32f446xx_gpio_driver.o
 .debug_macro   0x0000000000000cc7       0x40 Drivers/Src/stm32f446xx_gpio_driver.o
 .debug_macro   0x0000000000000d07       0xd7 Drivers/Src/stm32f446xx_gpio_driver.o
 .debug_macro   0x0000000000000dde       0x1c Drivers/Src/stm32f446xx_gpio_driver.o
 .debug_macro   0x0000000000000dfa       0x3d Drivers/Src/stm32f446xx_gpio_driver.o
 .debug_macro   0x0000000000000e37       0x16 Drivers/Src/stm32f446xx_gpio_driver.o
 .debug_macro   0x0000000000000e4d      0x145 Drivers/Src/stm32f446xx_gpio_driver.o
 .debug_macro   0x0000000000000f92       0xef Drivers/Src/stm32f446xx_gpio_driver.o
 .debug_macro   0x0000000000001081      0x1df Drivers/Src/stm32f446xx_gpio_driver.o
 .debug_macro   0x0000000000001260       0x16 Drivers/Src/stm32f446xx_gpio_driver.o
 .debug_macro   0x0000000000001276       0x35 Drivers/Src/stm32f446xx_gpio_driver.o
 .debug_macro   0x00000000000012ab       0x20 Drivers/Src/stm32f446xx_gpio_driver.o
 .debug_macro   0x00000000000012cb      0x1e1 Drivers/Src/stm32f446xx_gpio_driver.o
 .debug_macro   0x00000000000014ac      0x50e Drivers/Src/stm32f446xx_gpio_driver.o
 .debug_macro   0x00000000000019ba      0x14e Drivers/Src/stm32f446xx_gpio_driver.o
 .debug_macro   0x0000000000001b08      0x120 Drivers/Src/stm32f446xx_gpio_driver.o
 .debug_macro   0x0000000000001c28      0x1be Drivers/Src/stm32f446xx_gpio_driver.o
 .debug_macro   0x0000000000001de6       0x28 Drivers/Src/stm32f446xx_gpio_driver.o
 .debug_macro   0x0000000000001e0e      0x184 Drivers/Src/stm32f446xx_gpio_driver.o
 .debug_macro   0x0000000000001f92      0x259 Drivers/Src/stm32f446xx_systck_driver.o
 .debug_macro   0x00000000000021eb       0x22 Drivers/Src/stm32f446xx_systck_driver.o
 .debug_macro   0x000000000000220d      0x255 Src/sys_timer_led.o

.debug_line     0x0000000000000000     0x170a
 .debug_line    0x0000000000000000      0x869 Drivers/Src/stm32f446xx_gpio_driver.o
 .debug_line    0x0000000000000869      0x704 Drivers/Src/stm32f446xx_systck_driver.o
 .debug_line    0x0000000000000f6d      0x719 Src/sys_timer_led.o
 .debug_line    0x0000000000001686       0x84 Startup/startup_stm32f446retx.o

.debug_str      0x0000000000000000     0xbb09
 .debug_str     0x0000000000000000     0xb949 Drivers/Src/stm32f446xx_gpio_driver.o
                                       0xbc35 (size before relaxing)
 .debug_str     0x000000000000b949       0xb6 Drivers/Src/stm32f446xx_systck_driver.o
                                       0xb915 (size before relaxing)
 .debug_str     0x000000000000b9ff       0x8e Src/sys_timer_led.o
                                       0xb9da (size before relaxing)
 .debug_str     0x000000000000ba8d       0x7c Startup/startup_stm32f446retx.o

.comment        0x0000000000000000       0x7b
 .comment       0x0000000000000000       0x7b Drivers/Src/stm32f446xx_gpio_driver.o
                                         0x7c (size before relaxing)
 .comment       0x000000000000007b       0x7c Drivers/Src/stm32f446xx_systck_driver.o
 .comment       0x000000000000007b       0x7c Src/sys_timer_led.o

.debug_frame    0x0000000000000000      0x350
 .debug_frame   0x0000000000000000      0x1f0 Drivers/Src/stm32f446xx_gpio_driver.o
 .debug_frame   0x00000000000001f0       0x78 Drivers/Src/stm32f446xx_systck_driver.o
 .debug_frame   0x0000000000000268       0xbc Src/sys_timer_led.o
 .debug_frame   0x0000000000000324       0x2c c:/st/stm32cubeide_1.2.0/stm32cubeide/plugins/com.st.stm32cube.ide.mcu.externaltools.gnu-tools-for-stm32.7-2018-q2-update.win32_1.0.0.201904181610/tools/bin/../lib/gcc/arm-none-eabi/7.3.1/../../../../arm-none-eabi/lib/thumb/v7e-m\libc_nano.a(lib_a-init.o)
