stm32f446xx_usart_driver.c:29:6:USART_PeriClockControl	16	static
stm32f446xx_usart_driver.c:97:6:USART_PeripheralControl	16	static
stm32f446xx_usart_driver.c:119:9:USART_GetFlagStatus	16	static
stm32f446xx_usart_driver.c:134:6:USART_ClearFlag	24	static
stm32f446xx_usart_driver.c:209:6:USART_SetBaudRate	40	static
stm32f446xx_usart_driver.c:270:6:USART_Init	16	static
stm32f446xx_usart_driver.c:368:6:USART_DeInit	16	static
stm32f446xx_usart_driver.c:407:6:USART_Write	24	static
stm32f446xx_usart_driver.c:460:6:USART_Read	24	static
stm32f446xx_usart_driver.c:499:6:USART_IRQConfig	16	static
stm32f446xx_usart_driver.c:521:6:USART_IRQPriorityConfig	24	static
stm32f446xx_usart_driver.c:531:6:USART_EV_IRQHandling	24	static
stm32f446xx_usart_driver.c:605:9:USART_Write_IT	32	static
stm32f446xx_usart_driver.c:652:9:USART_Read_IT	32	static
stm32f446xx_usart_driver.c:684:6:USART_Write_IT_Handle	16	static
stm32f446xx_usart_driver.c:722:6:USART_Read_IT_Handle	16	static
stm32f446xx_usart_driver.c:761:6:USART_CloseTx_IT	16	static
stm32f446xx_usart_driver.c:777:6:USART_CloseRx_IT	16	static
