stm32f446xx_i2c_driver.c:36:6:I2C_PeriClockControl	16	static
stm32f446xx_i2c_driver.c:80:6:I2C_PeripheralControl	16	static
stm32f446xx_i2c_driver.c:102:6:I2C_AckControl	16	static
stm32f446xx_i2c_driver.c:125:9:I2C_GetFlagStatus	16	static
stm32f446xx_i2c_driver.c:160:6:I2C_Init	24	static
stm32f446xx_i2c_driver.c:220:6:I2C_DeInit	16	static
stm32f446xx_i2c_driver.c:251:6:I2C_7BitAddr_MasterSend	24	static
stm32f446xx_i2c_driver.c:303:6:I2C_7BitAddr_MasterRead	24	static
stm32f446xx_i2c_driver.c:362:9:I2C_7BitAddr_MasterSend_IT	32	static
stm32f446xx_i2c_driver.c:409:9:I2C_7BitAddr_MasterRead_IT	32	static
stm32f446xx_i2c_driver.c:453:6:I2C_SlaveEnableDisableCallbackEvents	16	static
stm32f446xx_i2c_driver.c:474:6:I2C_SlaveSend	16	static
stm32f446xx_i2c_driver.c:479:9:I2C_SlaveRead	16	static
stm32f446xx_i2c_driver.c:496:6:I2C_EV_IRQHandling	24	static
stm32f446xx_i2c_driver.c:622:6:I2C_ER_IRQHandling	24	static
stm32f446xx_i2c_driver.c:703:6:I2C_IRQConfig	16	static
stm32f446xx_i2c_driver.c:725:6:I2C_IRQPriorityConfig	24	static
stm32f446xx_i2c_driver.c:740:13:I2C_GenerateStart	16	static
stm32f446xx_i2c_driver.c:754:13:I2C_GenerateStop	16	static
stm32f446xx_i2c_driver.c:769:13:I2C_7BitAddr_LoadAddr_Tx	16	static
stm32f446xx_i2c_driver.c:784:13:I2C_7BitAddr_LoadAddr_Rx	16	static
stm32f446xx_i2c_driver.c:798:13:I2C_ClearADDR	24	static
stm32f446xx_i2c_driver.c:815:13:I2C_RiseTimeSet	24	static
stm32f446xx_i2c_driver.c:844:13:I2C_MasterSend_IT_Handle	16	static
stm32f446xx_i2c_driver.c:879:13:I2C_MasterRead_IT_Handle	16	static
stm32f446xx_i2c_driver.c:917:6:I2C_CloseTx_IT	16	static
stm32f446xx_i2c_driver.c:941:6:I2C_CloseRx_IT	16	static
